2026-07-25T15:42:18.462Z  WARN   Resume not found: /workspaces/projects/darshan Job Bot/Resume/Darshan_Basale.pdf
2026-07-25T15:42:18.463Z  INFO   Cache: DRY RUN mode — cache will NOT be updated, all jobs will show as eligible
2026-07-25T15:42:18.463Z  INFO   Scraping Remotive...
2026-07-25T15:42:18.560Z  INFO   Remotive [all-others]: 38 fetched → 38 not-MechDesign, 0 wrong-location, 0 wrong-exp, 0 kept
2026-07-25T15:42:19.595Z  INFO   Remotive [product]: 38 fetched → 38 not-MechDesign, 0 wrong-location, 0 wrong-exp, 0 kept
2026-07-25T15:42:20.596Z  INFO   Remotive → 0 jobs total
2026-07-25T15:42:20.597Z  INFO   Scraping Arbeitnow...
2026-07-25T15:42:20.933Z  INFO   Arbeitnow [mechanical+design+engineer+pune]: 30 fetched → 29 not-MechDesign, 1 wrong-location
2026-07-25T15:42:22.197Z  INFO   Arbeitnow [cad+engineer+pune]: 30 fetched → 29 not-MechDesign, 1 wrong-location
2026-07-25T15:42:23.841Z  INFO   Arbeitnow [design+engineer+pune]: 30 fetched → 29 not-MechDesign, 1 wrong-location
2026-07-25T15:42:25.115Z  INFO   Arbeitnow [product+design+engineer+pune]: 30 fetched → 29 not-MechDesign, 1 wrong-location
2026-07-25T15:42:26.389Z  INFO   Arbeitnow [solidworks+designer+pune]: 30 fetched → 29 not-MechDesign, 1 wrong-location
2026-07-25T15:42:27.643Z  INFO   Arbeitnow [machine+design+engineer+pune]: 30 fetched → 29 not-MechDesign, 1 wrong-location
2026-07-25T15:42:28.904Z  INFO   Arbeitnow [engineering+automation+pune]: 30 fetched → 29 not-MechDesign, 1 wrong-location
2026-07-25T15:42:30.305Z  INFO   Arbeitnow [cad+automation+pune]: 30 fetched → 29 not-MechDesign, 1 wrong-location
2026-07-25T15:42:31.554Z  INFO   Arbeitnow [sheet+metal+design+pune]: 30 fetched → 29 not-MechDesign, 1 wrong-location
2026-07-25T15:42:32.555Z  INFO   Arbeitnow → 0 jobs total
2026-07-25T15:42:32.555Z  INFO   Scraping Jobicy...
2026-07-25T15:42:34.264Z  INFO   Jobicy [engineering]: 50 fetched → 50 not-MechDesign, 0 wrong-location
2026-07-25T15:42:36.978Z  INFO   Jobicy [product]: 50 fetched → 49 not-MechDesign, 0 wrong-location
2026-07-25T15:42:39.381Z  INFO   Jobicy → 1 jobs total
2026-07-25T15:42:39.382Z  INFO   Scraping HackerNews...
2026-07-25T15:42:40.087Z  INFO   HN thread: Ask HN: Who is hiring right now?
2026-07-25T15:42:41.413Z  INFO   HN scanning 200 comments...
2026-07-25T15:42:41.416Z  INFO   HN → 0 jobs (0 with HR email)
2026-07-25T15:42:41.416Z  INFO   Scraping Indeed RSS...
2026-07-25T15:42:41.467Z  ERROR  Indeed: Request failed with status code 403
2026-07-25T15:42:41.467Z  INFO   Indeed → 0 jobs
2026-07-25T15:42:41.467Z  INFO   Scraping LinkedIn...
2026-07-25T15:42:41.468Z  INFO   LinkedIn → launching browser...
2026-07-25T15:42:41.470Z  ERROR  LinkedIn Puppeteer: Could not find Chrome (ver. 121.0.6167.85). This can occur if either
 1. you did not perform an installation before running the script (e.g. `npx puppeteer browsers install chrome`) or
 2. your cache path is incorrectly configured (which is: /home/codespace/.cache/puppeteer).
For (2), check out our guide on configuring puppeteer at https://pptr.dev/guides/configuration.
2026-07-25T15:42:41.471Z  INFO   DRY RUN complete — re-run without --dry-run to send emails.
2026-07-25T15:44:17.640Z  WARN   Resume not found: /workspaces/projects/darshan Job Bot/Resume/Darshan_Basale.pdf
2026-07-25T15:44:17.640Z  INFO   Cache: DRY RUN mode — cache will NOT be updated, all jobs will show as eligible
2026-07-25T15:44:17.640Z  INFO   Scraping Remotive...
2026-07-25T15:44:17.726Z  INFO   Remotive [all-others]: 38 fetched → 38 not-MechDesign, 0 wrong-location, 0 wrong-exp, 0 kept
2026-07-25T15:44:18.763Z  INFO   Remotive [product]: 38 fetched → 38 not-MechDesign, 0 wrong-location, 0 wrong-exp, 0 kept
2026-07-25T15:44:19.765Z  INFO   Remotive → 0 jobs total
2026-07-25T15:44:19.765Z  INFO   Scraping Arbeitnow...
2026-07-25T15:44:20.028Z  INFO   Arbeitnow [mechanical+design+engineer+pune]: 30 fetched → 29 not-MechDesign, 1 wrong-location
2026-07-25T15:44:21.181Z  INFO   Arbeitnow [cad+engineer+pune]: 30 fetched → 29 not-MechDesign, 1 wrong-location
2026-07-25T15:44:22.352Z  INFO   Arbeitnow [design+engineer+pune]: 30 fetched → 29 not-MechDesign, 1 wrong-location
2026-07-25T15:44:23.610Z  INFO   Arbeitnow [product+design+engineer+pune]: 30 fetched → 29 not-MechDesign, 1 wrong-location
2026-07-25T15:44:24.758Z  INFO   Arbeitnow [solidworks+designer+pune]: 30 fetched → 29 not-MechDesign, 1 wrong-location
2026-07-25T15:44:26.018Z  INFO   Arbeitnow [machine+design+engineer+pune]: 30 fetched → 29 not-MechDesign, 1 wrong-location
2026-07-25T15:44:27.165Z  INFO   Arbeitnow [engineering+automation+pune]: 30 fetched → 29 not-MechDesign, 1 wrong-location
2026-07-25T15:44:28.313Z  INFO   Arbeitnow [cad+automation+pune]: 30 fetched → 29 not-MechDesign, 1 wrong-location
2026-07-25T15:44:30.450Z  INFO   Arbeitnow [sheet+metal+design+pune]: 30 fetched → 29 not-MechDesign, 1 wrong-location
2026-07-25T15:44:31.453Z  INFO   Arbeitnow → 0 jobs total
2026-07-25T15:44:31.453Z  INFO   Scraping Jobicy...
2026-07-25T15:44:31.512Z  INFO   Jobicy [engineering]: 50 fetched → 50 not-MechDesign, 0 wrong-location
2026-07-25T15:44:32.546Z  INFO   Jobicy [product]: 50 fetched → 49 not-MechDesign, 0 wrong-location
2026-07-25T15:44:34.562Z  INFO   Jobicy → 1 jobs total
2026-07-25T15:44:34.563Z  INFO   Scraping HackerNews...
2026-07-25T15:44:35.149Z  INFO   HN thread: Ask HN: Who is hiring right now?
2026-07-25T15:44:36.316Z  INFO   HN scanning 200 comments...
2026-07-25T15:44:36.319Z  INFO   HN → 0 jobs (0 with HR email)
2026-07-25T15:44:36.319Z  INFO   Scraping Indeed RSS...
2026-07-25T15:44:36.367Z  ERROR  Indeed: Request failed with status code 403
2026-07-25T15:44:36.367Z  INFO   Indeed → 0 jobs
2026-07-25T15:44:36.367Z  INFO   Scraping LinkedIn...
2026-07-25T15:44:36.368Z  INFO   LinkedIn → launching browser...
2026-07-25T15:44:36.369Z  ERROR  LinkedIn Puppeteer: Could not find Chrome (ver. 121.0.6167.85). This can occur if either
 1. you did not perform an installation before running the script (e.g. `npx puppeteer browsers install chrome`) or
 2. your cache path is incorrectly configured (which is: /home/codespace/.cache/puppeteer).
For (2), check out our guide on configuring puppeteer at https://pptr.dev/guides/configuration.
2026-07-25T15:44:36.370Z  INFO   DRY RUN complete — re-run without --dry-run to send emails.
2026-07-25T15:55:12.942Z  INFO   Resume not found at configured path; using backup resume: /workspaces/projects/darshan Job Bot/Resume/Tanmay_Veer_Resume-10.pdf
2026-07-25T15:55:12.943Z  INFO   Cache: DRY RUN mode — cache will NOT be updated, all jobs will show as eligible
2026-07-25T15:55:12.943Z  INFO   Scraping Remotive...
2026-07-25T15:55:13.161Z  INFO   Remotive [all-others]: 38 fetched → 38 not-MechDesign, 0 wrong-location, 0 wrong-exp, 0 kept
2026-07-25T15:55:14.198Z  INFO   Remotive [product]: 38 fetched → 38 not-MechDesign, 0 wrong-location, 0 wrong-exp, 0 kept
2026-07-25T15:55:15.200Z  INFO   Remotive → 0 jobs total
2026-07-25T15:55:15.200Z  INFO   Scraping Arbeitnow...
2026-07-25T15:55:15.259Z  INFO   Arbeitnow [mechanical+design+engineer+pune]: 30 fetched → 29 not-MechDesign, 1 wrong-location
2026-07-25T15:55:16.284Z  INFO   Arbeitnow [cad+engineer+pune]: 30 fetched → 29 not-MechDesign, 1 wrong-location
2026-07-25T15:55:17.308Z  INFO   Arbeitnow [design+engineer+pune]: 30 fetched → 29 not-MechDesign, 1 wrong-location
2026-07-25T15:55:18.329Z  INFO   Arbeitnow [product+design+engineer+pune]: 30 fetched → 29 not-MechDesign, 1 wrong-location
2026-07-25T15:55:19.351Z  INFO   Arbeitnow [solidworks+designer+pune]: 30 fetched → 29 not-MechDesign, 1 wrong-location
2026-07-25T15:55:20.373Z  INFO   Arbeitnow [machine+design+engineer+pune]: 30 fetched → 29 not-MechDesign, 1 wrong-location
2026-07-25T15:55:21.393Z  INFO   Arbeitnow [engineering+automation+pune]: 30 fetched → 29 not-MechDesign, 1 wrong-location
2026-07-25T15:55:22.416Z  INFO   Arbeitnow [cad+automation+pune]: 30 fetched → 29 not-MechDesign, 1 wrong-location
2026-07-25T15:55:23.436Z  INFO   Arbeitnow [sheet+metal+design+pune]: 30 fetched → 29 not-MechDesign, 1 wrong-location
2026-07-25T15:55:24.437Z  INFO   Arbeitnow → 0 jobs total
2026-07-25T15:55:24.437Z  INFO   Scraping Jobicy...
2026-07-25T15:55:24.623Z  INFO   Jobicy [engineering]: 50 fetched → 50 not-MechDesign, 0 wrong-location
2026-07-25T15:55:25.653Z  INFO   Jobicy [product]: 50 fetched → 49 not-MechDesign, 0 wrong-location
2026-07-25T15:55:27.669Z  INFO   Jobicy → 1 jobs total
2026-07-25T15:55:27.669Z  INFO   Scraping HackerNews...
2026-07-25T15:55:28.441Z  INFO   HN thread: Ask HN: Who is hiring right now?
2026-07-25T15:55:29.703Z  INFO   HN scanning 200 comments...
2026-07-25T15:55:29.706Z  INFO   HN → 0 jobs (0 with HR email)
2026-07-25T15:55:29.706Z  INFO   Scraping Indeed RSS...
2026-07-25T15:55:29.884Z  ERROR  Indeed: Request failed with status code 403
2026-07-25T15:55:29.884Z  INFO   Indeed → 0 jobs
2026-07-25T15:55:29.884Z  INFO   Scraping LinkedIn...
2026-07-25T15:55:29.885Z  INFO   LinkedIn → launching browser...
2026-07-25T15:55:29.885Z  INFO   LinkedIn → using browser executable: /home/codespace/.cache/puppeteer/chrome/linux-152.0.7971.0/chrome-linux64/chrome
2026-07-25T15:55:30.509Z  ERROR  LinkedIn Puppeteer: Failed to launch the browser process!
/home/codespace/.cache/puppeteer/chrome/linux-152.0.7971.0/chrome-linux64/chrome: error while loading shared libraries: libatk-1.0.so.0: cannot open shared object file: No such file or directory


TROUBLESHOOTING: https://pptr.dev/troubleshooting

2026-07-25T15:55:30.510Z  INFO   DRY RUN complete — re-run without --dry-run to send emails.
2026-07-25T15:57:32.899Z  INFO   Resume not found at configured path; using backup resume: /workspaces/projects/darshan Job Bot/Resume/Tanmay_Veer_Resume-10.pdf
2026-07-25T15:57:32.901Z  INFO   Cache: DRY RUN mode — cache will NOT be updated, all jobs will show as eligible
2026-07-25T15:57:32.901Z  INFO   Scraping Remotive...
2026-07-25T15:57:32.982Z  INFO   Remotive [all-others]: 38 fetched → 38 not-MechDesign, 0 wrong-location, 0 wrong-exp, 0 kept
2026-07-25T15:57:34.019Z  INFO   Remotive [product]: 38 fetched → 38 not-MechDesign, 0 wrong-location, 0 wrong-exp, 0 kept
2026-07-25T15:57:35.020Z  INFO   Remotive → 0 jobs total
2026-07-25T15:57:35.021Z  INFO   Scraping Arbeitnow...
2026-07-25T15:57:35.071Z  INFO   Arbeitnow [mechanical+design+engineer+pune]: 30 fetched → 29 not-MechDesign, 1 wrong-location
2026-07-25T15:57:36.097Z  INFO   Arbeitnow [cad+engineer+pune]: 30 fetched → 29 not-MechDesign, 1 wrong-location
2026-07-25T15:57:37.123Z  INFO   Arbeitnow [design+engineer+pune]: 30 fetched → 29 not-MechDesign, 1 wrong-location
2026-07-25T15:57:38.147Z  INFO   Arbeitnow [product+design+engineer+pune]: 30 fetched → 29 not-MechDesign, 1 wrong-location
2026-07-25T15:57:39.172Z  INFO   Arbeitnow [solidworks+designer+pune]: 30 fetched → 29 not-MechDesign, 1 wrong-location
2026-07-25T15:57:40.201Z  INFO   Arbeitnow [machine+design+engineer+pune]: 30 fetched → 29 not-MechDesign, 1 wrong-location
2026-07-25T15:57:41.222Z  INFO   Arbeitnow [engineering+automation+pune]: 30 fetched → 29 not-MechDesign, 1 wrong-location
2026-07-25T15:57:42.245Z  INFO   Arbeitnow [cad+automation+pune]: 30 fetched → 29 not-MechDesign, 1 wrong-location
2026-07-25T15:57:43.266Z  INFO   Arbeitnow [sheet+metal+design+pune]: 30 fetched → 29 not-MechDesign, 1 wrong-location
2026-07-25T15:57:44.267Z  INFO   Arbeitnow → 0 jobs total
2026-07-25T15:57:44.267Z  INFO   Scraping Jobicy...
2026-07-25T15:57:45.879Z  INFO   Jobicy [engineering]: 50 fetched → 50 not-MechDesign, 0 wrong-location
2026-07-25T15:57:48.112Z  INFO   Jobicy [product]: 50 fetched → 49 not-MechDesign, 0 wrong-location
2026-07-25T15:57:51.011Z  INFO   Jobicy → 1 jobs total
2026-07-25T15:57:51.012Z  INFO   Scraping HackerNews...
2026-07-25T15:57:51.558Z  INFO   HN thread: Ask HN: Who is hiring right now?
2026-07-25T15:57:52.741Z  INFO   HN scanning 200 comments...
2026-07-25T15:57:52.744Z  INFO   HN → 0 jobs (0 with HR email)
2026-07-25T15:57:52.744Z  INFO   Scraping Indeed RSS...
2026-07-25T15:57:52.779Z  ERROR  Indeed: Request failed with status code 403
2026-07-25T15:57:52.780Z  INFO   Indeed → 0 jobs
2026-07-25T15:57:52.780Z  INFO   Scraping LinkedIn...
2026-07-25T15:57:52.781Z  INFO   LinkedIn → launching browser...
2026-07-25T15:57:52.781Z  INFO   LinkedIn → using browser executable: /home/codespace/.cache/puppeteer/chrome/linux-152.0.7971.0/chrome-linux64/chrome
2026-07-25T15:57:52.888Z  ERROR  LinkedIn Puppeteer: Failed to launch the browser process! undefined
[19525:19539:0725/155752.872284:ERROR:dbus/bus.cc:405] Failed to connect to the bus: Failed to connect to socket /run/dbus/system_bus_socket: No such file or directory
[19525:19539:0725/155752.872420:ERROR:dbus/bus.cc:405] Failed to connect to the bus: Could not parse server address: Unknown address type (examples of valid types are "tcp" and on UNIX "unix")
[19525:19525:0725/155752.873803:ERROR:ui/ozone/platform/x11/ozone_platform_x11.cc:257] Missing X server or $DISPLAY
[19525:19525:0725/155752.873816:ERROR:ui/aura/env.cc:246] The platform failed to initialize.  Exiting.


TROUBLESHOOTING: https://pptr.dev/troubleshooting

2026-07-25T15:57:52.889Z  INFO   DRY RUN complete — re-run without --dry-run to send emails.
2026-07-25T15:58:13.133Z  INFO   Resume not found at configured path; using backup resume: /workspaces/projects/darshan Job Bot/Resume/Tanmay_Veer_Resume-10.pdf
2026-07-25T15:58:13.135Z  INFO   Cache: DRY RUN mode — cache will NOT be updated, all jobs will show as eligible
2026-07-25T15:58:13.135Z  INFO   Scraping Remotive...
2026-07-25T15:58:13.212Z  INFO   Remotive [all-others]: 38 fetched → 38 not-MechDesign, 0 wrong-location, 0 wrong-exp, 0 kept
2026-07-25T15:58:14.249Z  INFO   Remotive [product]: 38 fetched → 38 not-MechDesign, 0 wrong-location, 0 wrong-exp, 0 kept
2026-07-25T15:58:15.250Z  INFO   Remotive → 0 jobs total
2026-07-25T15:58:15.250Z  INFO   Scraping Arbeitnow...
2026-07-25T15:58:15.296Z  INFO   Arbeitnow [mechanical+design+engineer+pune]: 30 fetched → 29 not-MechDesign, 1 wrong-location
2026-07-25T15:58:16.321Z  INFO   Arbeitnow [cad+engineer+pune]: 30 fetched → 29 not-MechDesign, 1 wrong-location
2026-07-25T15:58:17.349Z  INFO   Arbeitnow [design+engineer+pune]: 30 fetched → 29 not-MechDesign, 1 wrong-location
2026-07-25T15:58:18.371Z  INFO   Arbeitnow [product+design+engineer+pune]: 30 fetched → 29 not-MechDesign, 1 wrong-location
2026-07-25T15:58:19.396Z  INFO   Arbeitnow [solidworks+designer+pune]: 30 fetched → 29 not-MechDesign, 1 wrong-location
2026-07-25T15:58:20.419Z  INFO   Arbeitnow [machine+design+engineer+pune]: 30 fetched → 29 not-MechDesign, 1 wrong-location
2026-07-25T15:58:21.439Z  INFO   Arbeitnow [engineering+automation+pune]: 30 fetched → 29 not-MechDesign, 1 wrong-location
2026-07-25T15:58:22.460Z  INFO   Arbeitnow [cad+automation+pune]: 30 fetched → 29 not-MechDesign, 1 wrong-location
2026-07-25T15:58:23.472Z  ERROR  Arbeitnow: Request failed with status code 429
2026-07-25T15:58:23.472Z  INFO   Arbeitnow → 0 jobs total
2026-07-25T15:58:23.472Z  INFO   Scraping Jobicy...
2026-07-25T15:58:23.516Z  INFO   Jobicy [engineering]: 50 fetched → 50 not-MechDesign, 0 wrong-location
2026-07-25T15:58:24.544Z  INFO   Jobicy [product]: 50 fetched → 49 not-MechDesign, 0 wrong-location
2026-07-25T15:58:26.558Z  INFO   Jobicy → 1 jobs total
2026-07-25T15:58:26.558Z  INFO   Scraping HackerNews...
2026-07-25T15:58:27.328Z  INFO   HN thread: Ask HN: Who is hiring right now?
2026-07-25T15:58:28.022Z  INFO   HN scanning 200 comments...
2026-07-25T15:58:28.025Z  INFO   HN → 0 jobs (0 with HR email)
2026-07-25T15:58:28.025Z  INFO   Scraping Indeed RSS...
2026-07-25T15:58:28.064Z  ERROR  Indeed: Request failed with status code 403
2026-07-25T15:58:28.064Z  INFO   Indeed → 0 jobs
2026-07-25T15:58:28.064Z  INFO   Scraping LinkedIn...
2026-07-25T15:58:28.065Z  INFO   LinkedIn → launching browser...
2026-07-25T15:58:28.065Z  INFO   LinkedIn → using browser executable: /home/codespace/.cache/puppeteer/chrome/linux-152.0.7971.0/chrome-linux64/chrome
2026-07-25T15:58:29.219Z  INFO   LinkedIn → navigating to login page...
2026-07-25T15:58:34.839Z  INFO   LinkedIn → current URL after goto: https://www.linkedin.com/login/
2026-07-25T15:58:37.881Z  INFO   LinkedIn → found 6 input fields: [{"id":"«Rsvvd3ksopa55j6»","name":"","type":"email","placeholder":"","autocomplete":"username","visible":false},{"id":"«R5fvd3ksopa55j6»","name":"","type":"password","placeholder":"","autocomplete":"current-password","visible":false},{"id":"«Rbqvvd3ksopa55j6»","name":"","type":"checkbox","placeholder":"","autocomplete":"","visible":false},{"id":"«Rsvvl3ksopa55j6»","name":"","type":"email","placeholder":"","autocomplete":"username webauthn","visible":true},{"id":"«R5fvl3ksopa55j6»","name":"","type":"password","placeholder":"","autocomplete":"current-password","visible":true},{"id":"«Rbqvvl3ksopa55j6»","name":"","type":"checkbox","placeholder":"","autocomplete":"","visible":true}]
2026-07-25T15:58:37.924Z  INFO   LinkedIn → typing email...
2026-07-25T15:58:44.242Z  INFO   LinkedIn → typing password...
2026-07-25T15:58:46.784Z  INFO   LinkedIn → submitting...
2026-07-25T15:58:51.865Z  INFO   LinkedIn → post-login URL: https://www.linkedin.com/checkpoint/challenge/AQF97oyN4hUZPwAAAZ-aAB9WwUgjJgpV98s54-KPBMUZniz9tDT_7TpXfjYkhSN0Yk2SkD1z3NgLLHeDRT6VkNdTIWb-_w/?ut=3oQsnBGw6uYIk1
2026-07-25T15:58:51.866Z  WARN   LinkedIn → 2FA required. Complete it in the browser (waiting 90s)...
2026-07-25T16:00:21.868Z  WARN   LinkedIn → 90s elapsed, continuing anyway...
2026-07-25T16:00:24.869Z  INFO   LinkedIn → after checkpoint URL: https://www.linkedin.com/checkpoint/challenge/AQF97oyN4hUZPwAAAZ-aAB9WwUgjJgpV98s54-KPBMUZniz9tDT_7TpXfjYkhSN0Yk2SkD1z3NgLLHeDRT6VkNdTIWb-_w/?ut=3oQsnBGw6uYIk1
2026-07-25T16:00:24.869Z  INFO   LinkedIn → logged in successfully ✓
2026-07-25T16:00:26.872Z  INFO   Cache: removed 11 expired entries (>24hrs old)
2026-07-25T16:00:26.872Z  INFO   LinkedIn → [JOBS] searching job listings (with pagination)...
2026-07-25T16:00:26.872Z  INFO   LinkedIn → [JOBS] location: Pune
2026-07-25T16:00:26.872Z  INFO   LinkedIn → [JOB] [Pune] "Mechanical Design Engineer AND ("hiring" OR "requirement")"
2026-07-25T16:00:35.163Z  INFO   LinkedIn → [JOB] [Pune] page 1: 3 cards, 3 new
2026-07-25T16:00:37.163Z  INFO   LinkedIn → [JOB] [Pune] "CAD Engineer AND ("hiring" OR "requirement")"
2026-07-25T16:00:45.941Z  INFO   LinkedIn → [JOB] [Pune] page 1: 1 cards, 1 new
2026-07-25T16:00:47.942Z  INFO   LinkedIn → [JOB] [Pune] "Design Engineer AND ("hiring" OR "requirement")"
2026-07-25T16:00:56.287Z  INFO   LinkedIn → [JOB] [Pune] page 1: 7 cards, 7 new
2026-07-25T16:00:58.289Z  INFO   LinkedIn → [JOB] [Pune] "Product Design Engineer AND ("hiring" OR "requirement")"
2026-07-25T16:01:06.617Z  INFO   LinkedIn → [JOB] [Pune] page 1: 4 cards, 4 new
2026-07-25T16:01:08.619Z  INFO   LinkedIn → [JOB] [Pune] "SolidWorks Designer AND ("hiring" OR "requirement")"
2026-07-25T16:01:16.892Z  INFO   LinkedIn → [JOB] [Pune] page 1: 2 cards, 2 new
2026-07-25T16:01:18.893Z  INFO   LinkedIn → [JOB] [Pune] "Machine Design Engineer AND ("hiring" OR "requirement")"
2026-07-25T16:01:29.423Z  INFO   LinkedIn → [JOB] [Pune] "Engineering Automation AND ("hiring" OR "requirement")"
2026-07-25T16:01:38.059Z  INFO   LinkedIn → [JOB] [Pune] page 1: 15 cards, 15 new
2026-07-25T16:01:40.060Z  INFO   LinkedIn → [POSTS] searching recruiter posts (with deep scroll)...
2026-07-25T16:01:40.060Z  INFO   LinkedIn → [POST] "Mechanical Design Engineer AND ("hiring" OR "we are hiring") AND Pune"
2026-07-25T16:01:49.132Z  INFO   LinkedIn → [POST] scroll 1: 0 posts
2026-07-25T16:01:49.133Z  INFO   LinkedIn → [POST] expanding all post cards...
2026-07-25T16:01:49.382Z  INFO   LinkedIn → [POST] expanded 0 post cards
2026-07-25T16:01:50.967Z  INFO   LinkedIn → [POST] scanning 1 post cards for emails...
2026-07-25T16:01:51.009Z  INFO   LinkedIn → [POST] 0 post links queued for Step 3 deep scan
2026-07-25T16:01:53.509Z  INFO   LinkedIn → [POST] "CAD Engineer AND ("hiring" OR "we are hiring") AND Pune"
2026-07-25T16:02:02.468Z  INFO   LinkedIn → [POST] scroll 1: 0 posts
2026-07-25T16:02:02.468Z  INFO   LinkedIn → [POST] expanding all post cards...
2026-07-25T16:02:02.717Z  INFO   LinkedIn → [POST] expanded 0 post cards
2026-07-25T16:02:04.304Z  INFO   LinkedIn → [POST] scanning 1 post cards for emails...
2026-07-25T16:02:04.345Z  INFO   LinkedIn → [POST] 0 post links queued for Step 3 deep scan
2026-07-25T16:02:06.847Z  INFO   LinkedIn → [POST] "Design Engineer AND ("hiring" OR "we are hiring") AND Pune"
2026-07-25T16:02:15.764Z  INFO   LinkedIn → [POST] scroll 1: 0 posts
2026-07-25T16:02:15.764Z  INFO   LinkedIn → [POST] expanding all post cards...
2026-07-25T16:02:16.011Z  INFO   LinkedIn → [POST] expanded 0 post cards
2026-07-25T16:02:17.594Z  INFO   LinkedIn → [POST] scanning 1 post cards for emails...
2026-07-25T16:02:17.636Z  INFO   LinkedIn → [POST] 0 post links queued for Step 3 deep scan
2026-07-25T16:02:20.138Z  INFO   LinkedIn → [POST] ""looking for" Mechanical Design Engineer Pune"
2026-07-25T16:02:29.092Z  INFO   LinkedIn → [POST] scroll 1: 0 posts
2026-07-25T16:02:29.093Z  INFO   LinkedIn → [POST] expanding all post cards...
2026-07-25T16:02:29.339Z  INFO   LinkedIn → [POST] expanded 0 post cards
2026-07-25T16:02:30.923Z  INFO   LinkedIn → [POST] scanning 1 post cards for emails...
2026-07-25T16:02:30.965Z  INFO   LinkedIn → [POST] 0 post links queued for Step 3 deep scan
2026-07-25T16:02:33.465Z  INFO   LinkedIn → [POST] ""looking for" CAD Engineer Pune"
2026-07-25T16:02:42.377Z  INFO   LinkedIn → [POST] scroll 1: 0 posts
2026-07-25T16:02:42.377Z  INFO   LinkedIn → [POST] expanding all post cards...
2026-07-25T16:02:42.624Z  INFO   LinkedIn → [POST] expanded 0 post cards
2026-07-25T16:02:44.211Z  INFO   LinkedIn → [POST] scanning 1 post cards for emails...
2026-07-25T16:02:44.252Z  INFO   LinkedIn → [POST] 0 post links queued for Step 3 deep scan
2026-07-25T16:02:46.753Z  INFO   LinkedIn → [POST] "SolidWorks Designer AND Pune AND hiring"
2026-07-25T16:02:56.130Z  INFO   LinkedIn → [POST] scroll 1: 0 posts
2026-07-25T16:02:56.131Z  INFO   LinkedIn → [POST] expanding all post cards...
2026-07-25T16:02:56.377Z  INFO   LinkedIn → [POST] expanded 0 post cards
2026-07-25T16:02:57.960Z  INFO   LinkedIn → [POST] scanning 1 post cards for emails...
2026-07-25T16:02:58.002Z  INFO   LinkedIn → [POST] 0 post links queued for Step 3 deep scan
2026-07-25T16:03:00.504Z  INFO   LinkedIn → [POST] "Product Design Engineer AND Pune AND hiring"
2026-07-25T16:03:10.066Z  INFO   LinkedIn → [POST] scroll 1: 0 posts
2026-07-25T16:03:10.066Z  INFO   LinkedIn → [POST] expanding all post cards...
2026-07-25T16:03:10.314Z  INFO   LinkedIn → [POST] expanded 0 post cards
2026-07-25T16:03:11.899Z  INFO   LinkedIn → [POST] scanning 1 post cards for emails...
2026-07-25T16:03:11.941Z  INFO   LinkedIn → [POST] 0 post links queued for Step 3 deep scan
2026-07-25T16:03:14.442Z  INFO   LinkedIn → [POST] "Engineering Automation AND Pune AND hiring"
2026-07-25T16:03:23.329Z  INFO   LinkedIn → [POST] scroll 1: 0 posts
2026-07-25T16:03:23.329Z  INFO   LinkedIn → [POST] expanding all post cards...
2026-07-25T16:03:23.577Z  INFO   LinkedIn → [POST] expanded 0 post cards
2026-07-25T16:03:25.161Z  INFO   LinkedIn → [POST] scanning 1 post cards for emails...
2026-07-25T16:03:25.203Z  INFO   LinkedIn → [POST] 0 post links queued for Step 3 deep scan
2026-07-25T16:03:27.704Z  INFO   LinkedIn → opening 23 links to scan for HR emails...
2026-07-25T16:03:43.934Z  INFO   LinkedIn [1] No email in post → searching Google for Vertiv HR email...
2026-07-25T16:03:47.382Z  INFO   LinkedIn [ 1/23] [JOB ] Engineer Mechanical            | Vertiv               | ❌ no email
2026-07-25T16:04:05.619Z  INFO   LinkedIn [2] No email in post → searching Google for Magna International HR email...
2026-07-25T16:04:09.059Z  INFO   LinkedIn [ 2/23] [JOB ] Senior Design Engineer - Body  | Magna International  | ❌ no email
2026-07-25T16:04:27.580Z  INFO   LinkedIn [3] No email in post → searching Google for Jabil HR email...
2026-07-25T16:04:31.023Z  INFO   LinkedIn [ 3/23] [JOB ] Sr. Mechanical Design Engineer | Jabil                | ❌ no email
2026-07-25T16:04:49.549Z  INFO   LinkedIn [4] No email in post → searching Google for Willsfly Technologies Inc HR email...
2026-07-25T16:04:52.994Z  INFO   LinkedIn [ 4/23] [JOB ] Enterprise Engineer            | Willsfly Technologie | ❌ no email
2026-07-25T16:05:11.443Z  INFO   LinkedIn [5] No email in post → searching Google for Wolters Kluwer HR email...
2026-07-25T16:05:14.885Z  INFO   LinkedIn [ 5/23] [JOB ] Senior Product Software Engine | Wolters Kluwer       | ❌ no email
2026-07-25T16:05:33.429Z  INFO   LinkedIn [6] No email in post → searching Google for Wolters Kluwer HR email...
2026-07-25T16:05:36.841Z  INFO   LinkedIn [ 6/23] [JOB ] Senior Product Software Engine | Wolters Kluwer       | ❌ no email
2026-07-25T16:05:53.218Z  INFO   Resume not found at configured path; using backup resume: /workspaces/projects/darshan Job Bot/Resume/Tanmay_Veer_Resume-10.pdf
2026-07-25T16:05:53.219Z  INFO   Cache: DRY RUN mode — cache will NOT be updated, all jobs will show as eligible
2026-07-25T16:05:53.219Z  INFO   Scraping Remotive...
2026-07-25T16:05:53.449Z  INFO   Remotive [all-others]: 38 fetched → 38 not-MechDesign, 0 wrong-location, 0 wrong-exp, 0 kept
2026-07-25T16:05:54.496Z  INFO   Remotive [product]: 38 fetched → 38 not-MechDesign, 0 wrong-location, 0 wrong-exp, 0 kept
2026-07-25T16:05:55.498Z  INFO   Remotive → 0 jobs total
2026-07-25T16:05:55.498Z  INFO   Scraping Arbeitnow...
2026-07-25T16:05:55.709Z  INFO   Arbeitnow [mechanical+design+engineer+pune]: 30 fetched → 29 not-MechDesign, 1 wrong-location
2026-07-25T16:05:56.725Z  INFO   LinkedIn [ 7/23] [JOB ] Staff Software Engineer        | LogicMonitor         | 📧 opt.out@logicmonitor.com
2026-07-25T16:05:56.735Z  INFO   Arbeitnow [cad+engineer+pune]: 30 fetched → 29 not-MechDesign, 1 wrong-location
2026-07-25T16:05:57.764Z  INFO   Arbeitnow [design+engineer+pune]: 30 fetched → 29 not-MechDesign, 1 wrong-location
2026-07-25T16:05:58.791Z  INFO   Arbeitnow [product+design+engineer+pune]: 30 fetched → 29 not-MechDesign, 1 wrong-location
2026-07-25T16:05:59.817Z  INFO   Arbeitnow [solidworks+designer+pune]: 30 fetched → 29 not-MechDesign, 1 wrong-location
2026-07-25T16:06:00.848Z  INFO   Arbeitnow [machine+design+engineer+pune]: 30 fetched → 29 not-MechDesign, 1 wrong-location
2026-07-25T16:06:01.873Z  INFO   Arbeitnow [engineering+automation+pune]: 30 fetched → 29 not-MechDesign, 1 wrong-location
2026-07-25T16:06:02.897Z  INFO   Arbeitnow [cad+automation+pune]: 30 fetched → 29 not-MechDesign, 1 wrong-location
2026-07-25T16:06:03.921Z  INFO   Arbeitnow [sheet+metal+design+pune]: 30 fetched → 29 not-MechDesign, 1 wrong-location
2026-07-25T16:06:04.922Z  INFO   Arbeitnow → 0 jobs total
2026-07-25T16:06:04.923Z  INFO   Scraping Jobicy...
2026-07-25T16:06:05.116Z  INFO   Jobicy [engineering]: 50 fetched → 50 not-MechDesign, 0 wrong-location
2026-07-25T16:06:06.146Z  INFO   Jobicy [product]: 50 fetched → 49 not-MechDesign, 0 wrong-location
2026-07-25T16:06:08.160Z  INFO   Jobicy → 1 jobs total
2026-07-25T16:06:08.160Z  INFO   Scraping HackerNews...
2026-07-25T16:06:08.697Z  INFO   HN thread: Ask HN: Who is hiring right now?
2026-07-25T16:06:09.737Z  INFO   HN scanning 200 comments...
2026-07-25T16:06:09.740Z  INFO   HN → 0 jobs (0 with HR email)
2026-07-25T16:06:09.740Z  INFO   Scraping Indeed RSS...
2026-07-25T16:06:09.780Z  ERROR  Indeed: Request failed with status code 403
2026-07-25T16:06:09.780Z  INFO   Indeed → 0 jobs
2026-07-25T16:06:09.780Z  INFO   Scraping LinkedIn...
2026-07-25T16:06:09.781Z  INFO   LinkedIn → launching browser...
2026-07-25T16:06:09.782Z  INFO   LinkedIn → using browser executable: /home/codespace/.cache/puppeteer/chrome/linux-152.0.7971.0/chrome-linux64/chrome
2026-07-25T16:06:10.569Z  INFO   LinkedIn → navigating to login page...
2026-07-25T16:06:15.082Z  INFO   LinkedIn [8] No email in post → searching Google for Willsfly Technologies Inc HR email...
2026-07-25T16:06:16.449Z  INFO   LinkedIn → current URL after goto: https://www.linkedin.com/login/
2026-07-25T16:06:18.467Z  INFO   LinkedIn [ 8/23] [JOB ] Product Designer               | Willsfly Technologie | ❌ no email
2026-07-25T16:06:19.493Z  INFO   LinkedIn → found 6 input fields: [{"id":"«Rsvvd3ksopa55j6»","name":"","type":"email","placeholder":"","autocomplete":"username","visible":false},{"id":"«R5fvd3ksopa55j6»","name":"","type":"password","placeholder":"","autocomplete":"current-password","visible":false},{"id":"«Rbqvvd3ksopa55j6»","name":"","type":"checkbox","placeholder":"","autocomplete":"","visible":false},{"id":"«Rsvvl3ksopa55j6»","name":"","type":"email","placeholder":"","autocomplete":"username webauthn","visible":true},{"id":"«R5fvl3ksopa55j6»","name":"","type":"password","placeholder":"","autocomplete":"current-password","visible":true},{"id":"«Rbqvvl3ksopa55j6»","name":"","type":"checkbox","placeholder":"","autocomplete":"","visible":true}]
2026-07-25T16:06:19.535Z  INFO   LinkedIn → typing email...
2026-07-25T16:06:25.896Z  INFO   LinkedIn → typing password...
2026-07-25T16:06:28.489Z  INFO   LinkedIn → submitting...
2026-07-25T16:06:34.688Z  INFO   LinkedIn → post-login URL: https://www.linkedin.com/checkpoint/challenge/AQEjLIt2mI0gXgAAAZ-aBy85vY4WC1dYxOGrw8l2PzGnuIq3r6o5LlViEu3QDk5Z8a0lY5SwJ0_7edXz4-zqEMh_kqExAw/?ut=2dXnTYv9WCYIk1
2026-07-25T16:06:34.688Z  WARN   LinkedIn → 2FA required. Complete it in the browser (waiting 90s)...
2026-07-25T16:06:36.863Z  INFO   LinkedIn [9] No email in post → searching Google for BMC Software HR email...
2026-07-25T16:06:40.542Z  INFO   LinkedIn [ 9/23] [JOB ] Quality Automation Engineer    | BMC Software         | ❌ no email
2026-07-25T16:06:58.955Z  INFO   LinkedIn [10] No email in post → searching Google for Capgemini HR email...
2026-07-25T16:07:02.405Z  INFO   LinkedIn [10/23] [JOB ] Test Automation Engineer       | Capgemini            | ❌ no email
2026-07-25T16:07:20.879Z  INFO   LinkedIn [11] No email in post → searching Google for Willsfly Technologies Inc HR email...
2026-07-25T16:07:24.274Z  INFO   LinkedIn [11/23] [JOB ] Automation Engineer            | Willsfly Technologie | ❌ no email
2026-07-25T16:07:42.469Z  INFO   LinkedIn [12] No email in post → searching Google for Kaseya HR email...
2026-07-25T16:07:45.913Z  INFO   LinkedIn [12/23] [JOB ] Senior Manager, Software Engin | Kaseya               | ❌ no email
2026-07-25T16:08:04.346Z  INFO   LinkedIn [13] No email in post → searching Google for PUMA Group HR email...
2026-07-25T16:08:04.691Z  WARN   LinkedIn → 90s elapsed, continuing anyway...
2026-07-25T16:08:07.692Z  INFO   LinkedIn → after checkpoint URL: https://www.linkedin.com/checkpoint/challenge/AQEjLIt2mI0gXgAAAZ-aBy85vY4WC1dYxOGrw8l2PzGnuIq3r6o5LlViEu3QDk5Z8a0lY5SwJ0_7edXz4-zqEMh_kqExAw/?ut=2dXnTYv9WCYIk1
2026-07-25T16:08:07.693Z  INFO   LinkedIn → logged in successfully ✓
2026-07-25T16:08:07.822Z  INFO   LinkedIn [13/23] [JOB ] Director of Engineering Consum | PUMA Group           | ❌ no email
2026-07-25T16:08:09.695Z  INFO   Cache: removed 11 expired entries (>24hrs old)
2026-07-25T16:08:09.695Z  INFO   LinkedIn → [JOBS] searching job listings (with pagination)...
2026-07-25T16:08:09.696Z  INFO   LinkedIn → [JOBS] location: Pune
2026-07-25T16:08:09.696Z  INFO   LinkedIn → [JOB] [Pune] "Mechanical Design Engineer AND ("hiring" OR "requirement")"
2026-07-25T16:08:18.424Z  INFO   LinkedIn → [JOB] [Pune] page 1: 36 cards, 36 new
2026-07-25T16:08:26.380Z  INFO   LinkedIn [14] No email in post → searching Google for Evolent HR email...
2026-07-25T16:08:29.695Z  INFO   LinkedIn → [JOB] [Pune] page 2: 36 cards, 36 new
2026-07-25T16:08:29.833Z  INFO   LinkedIn [14/23] [JOB ] Director, Application Engineer | Evolent              | ❌ no email
2026-07-25T16:08:43.752Z  INFO   LinkedIn → [JOB] [Pune] page 3: 36 cards, 36 new
2026-07-25T16:08:48.301Z  INFO   LinkedIn [15] No email in post → searching Google for TekPillar® HR email...
2026-07-25T16:08:51.715Z  INFO   LinkedIn [15/23] [JOB ] ADAS Validation Engineer (HIL  | TekPillar®           | ❌ no email
2026-07-25T16:08:54.784Z  INFO   LinkedIn → [JOB] [Pune] page 4: 36 cards, 36 new
2026-07-25T16:09:05.818Z  INFO   LinkedIn → [JOB] [Pune] page 5: 36 cards, 36 new
2026-07-25T16:09:07.819Z  INFO   LinkedIn → [JOB] [Pune] "CAD Engineer AND ("hiring" OR "requirement")"
2026-07-25T16:09:10.219Z  INFO   LinkedIn [16] No email in post → searching Google for BMC Helix HR email...
2026-07-25T16:09:13.712Z  INFO   LinkedIn [16/23] [JOB ] Manager Quality Automation Eng | BMC Helix            | ❌ no email
2026-07-25T16:09:16.428Z  INFO   LinkedIn → [JOB] [Pune] page 1: 52 cards, 52 new
2026-07-25T16:09:27.581Z  INFO   LinkedIn → [JOB] [Pune] page 2: 52 cards, 52 new
2026-07-25T16:09:32.021Z  INFO   LinkedIn [17] No email in post → searching Google for BNY HR email...
2026-07-25T16:09:35.394Z  INFO   LinkedIn [17/23] [JOB ] Senior Vice President, Full-St | BNY                  | ❌ no email
2026-07-25T16:09:38.461Z  INFO   LinkedIn → [JOB] [Pune] page 3: 52 cards, 52 new
2026-07-25T16:09:49.338Z  INFO   LinkedIn → [JOB] [Pune] page 4: 52 cards, 52 new
2026-07-25T16:09:53.834Z  INFO   LinkedIn [18] No email in post → searching Google for Riveron India HR email...
2026-07-25T16:09:57.273Z  INFO   LinkedIn [18/23] [JOB ] Director - Salesforce Delivery | Riveron India        | ❌ no email
2026-07-25T16:10:15.696Z  INFO   LinkedIn [19] No email in post → searching Google for Riveron India HR email...
2026-07-25T16:10:19.024Z  INFO   LinkedIn → [JOB] [Pune] page 5: 52 cards, 52 new
2026-07-25T16:10:19.336Z  INFO   LinkedIn [19/23] [JOB ] Director - Salesforce Delivery | Riveron India        | ❌ no email
2026-07-25T16:10:21.026Z  INFO   LinkedIn → [JOB] [Pune] "Design Engineer AND ("hiring" OR "requirement")"
2026-07-25T16:10:29.889Z  INFO   LinkedIn → [JOB] [Pune] page 1: 59 cards, 59 new
2026-07-25T16:10:37.640Z  INFO   LinkedIn [20] No email in post → searching Google for Mastercard HR email...
2026-07-25T16:10:41.122Z  INFO   LinkedIn [20/23] [JOB ] Senior Enterprise Operations E | Mastercard           | ❌ no email
2026-07-25T16:10:44.682Z  INFO   LinkedIn → [JOB] [Pune] page 2: 59 cards, 59 new
2026-07-25T16:10:57.978Z  INFO   LinkedIn → [JOB] [Pune] page 3: 59 cards, 59 new
2026-07-25T16:10:59.921Z  INFO   LinkedIn [21] No email in post → searching Google for BMC Software HR email...
2026-07-25T16:11:03.555Z  INFO   LinkedIn [21/23] [JOB ] Principal AI DevSecOps Enginee | BMC Software         | ❌ no email
2026-07-25T16:11:09.955Z  INFO   LinkedIn → [JOB] [Pune] page 4: 59 cards, 59 new
2026-07-25T16:11:20.878Z  INFO   LinkedIn → [JOB] [Pune] page 5: 59 cards, 59 new
2026-07-25T16:11:22.252Z  INFO   LinkedIn [22] No email in post → searching Google for VOIS HR email...
2026-07-25T16:11:22.879Z  INFO   LinkedIn → [JOB] [Pune] "Product Design Engineer AND ("hiring" OR "requirement")"
2026-07-25T16:11:25.711Z  INFO   LinkedIn [22/23] [JOB ] LEAD CLOUD ECONOMIST - VOIS    | VOIS                 | ❌ no email
2026-07-25T16:11:31.510Z  INFO   LinkedIn → [JOB] [Pune] page 1: 51 cards, 51 new
2026-07-25T16:11:42.669Z  INFO   LinkedIn → [JOB] [Pune] page 2: 51 cards, 51 new
2026-07-25T16:11:44.332Z  INFO   LinkedIn [23/23] [JOB ] Software Engineer III (Mainfra | Rocket Software      | 📧 people@rocketsoftware.com
2026-07-25T16:11:47.361Z  INFO   LinkedIn → 2 jobs total (0 with HR email, 2 for digest)
2026-07-25T16:11:47.362Z  INFO   DRY RUN complete — re-run without --dry-run to send emails.
2026-07-25T16:11:53.754Z  INFO   LinkedIn → [JOB] [Pune] page 3: 51 cards, 51 new
2026-07-25T16:12:05.494Z  INFO   LinkedIn → [JOB] [Pune] page 4: 51 cards, 51 new
2026-07-25T16:12:17.486Z  INFO   LinkedIn → [JOB] [Pune] page 5: 51 cards, 51 new
2026-07-25T16:12:19.487Z  INFO   LinkedIn → [JOB] [Pune] "SolidWorks Designer AND ("hiring" OR "requirement")"
2026-07-25T16:12:28.952Z  INFO   LinkedIn → [JOB] [Pune] page 1: 49 cards, 49 new
2026-07-25T16:12:39.812Z  INFO   LinkedIn → [JOB] [Pune] page 2: 49 cards, 49 new
2026-07-25T16:12:51.189Z  INFO   LinkedIn → [JOB] [Pune] page 3: 49 cards, 49 new
2026-07-25T16:13:02.262Z  INFO   LinkedIn → [JOB] [Pune] page 4: 49 cards, 49 new
2026-07-25T16:13:13.317Z  INFO   LinkedIn → [JOB] [Pune] page 5: 49 cards, 49 new
2026-07-25T16:13:15.318Z  INFO   LinkedIn → [JOB] [Pune] "Machine Design Engineer AND ("hiring" OR "requirement")"
2026-07-25T16:13:23.836Z  INFO   LinkedIn → [JOB] [Pune] page 1: 30 cards, 30 new
2026-07-25T16:13:34.840Z  INFO   LinkedIn → [JOB] [Pune] page 2: 30 cards, 30 new
2026-07-25T16:13:45.844Z  INFO   LinkedIn → [JOB] [Pune] page 3: 30 cards, 30 new
2026-07-25T16:13:56.613Z  INFO   LinkedIn → [JOB] [Pune] page 4: 30 cards, 30 new
2026-07-25T16:14:08.173Z  INFO   LinkedIn → [JOB] [Pune] page 5: 30 cards, 30 new
2026-07-25T16:14:10.174Z  INFO   LinkedIn → [JOB] [Pune] "Engineering Automation AND ("hiring" OR "requirement")"
2026-07-25T16:14:18.967Z  INFO   LinkedIn → [JOB] [Pune] page 1: 41 cards, 41 new
2026-07-25T16:14:30.066Z  INFO   LinkedIn → [JOB] [Pune] page 2: 41 cards, 41 new
2026-07-25T16:14:41.178Z  INFO   LinkedIn → [JOB] [Pune] page 3: 41 cards, 41 new
2026-07-25T16:14:52.018Z  INFO   LinkedIn → [JOB] [Pune] page 4: 41 cards, 41 new
2026-07-25T16:15:02.888Z  INFO   LinkedIn → [JOB] [Pune] page 5: 41 cards, 41 new
2026-07-25T16:15:04.890Z  INFO   LinkedIn → [POSTS] searching recruiter posts (with deep scroll)...
2026-07-25T16:15:04.891Z  INFO   LinkedIn → [POST] "Mechanical Design Engineer AND ("hiring" OR "we are hiring") AND Pune"
2026-07-25T16:15:14.274Z  INFO   LinkedIn → [POST] scroll 1: 0 posts
2026-07-25T16:15:14.275Z  INFO   LinkedIn → [POST] expanding all post cards...
2026-07-25T16:15:14.524Z  INFO   LinkedIn → [POST] expanded 0 post cards
2026-07-25T16:15:16.108Z  INFO   LinkedIn → [POST] scanning 1 post cards for emails...
2026-07-25T16:15:16.150Z  INFO   LinkedIn → [POST] 0 post links queued for Step 3 deep scan
2026-07-25T16:15:18.654Z  INFO   LinkedIn → [POST] "CAD Engineer AND ("hiring" OR "we are hiring") AND Pune"
2026-07-25T16:15:27.672Z  INFO   LinkedIn → [POST] scroll 1: 0 posts
2026-07-25T16:15:27.672Z  INFO   LinkedIn → [POST] expanding all post cards...
2026-07-25T16:15:27.920Z  INFO   LinkedIn → [POST] expanded 0 post cards
2026-07-25T16:15:29.507Z  INFO   LinkedIn → [POST] scanning 1 post cards for emails...
2026-07-25T16:15:29.548Z  INFO   LinkedIn → [POST] 0 post links queued for Step 3 deep scan
2026-07-25T16:15:32.049Z  INFO   LinkedIn → [POST] "Design Engineer AND ("hiring" OR "we are hiring") AND Pune"
2026-07-25T16:15:42.411Z  INFO   LinkedIn → [POST] scroll 1: 0 posts
2026-07-25T16:15:42.412Z  INFO   LinkedIn → [POST] expanding all post cards...
2026-07-25T16:15:42.660Z  INFO   LinkedIn → [POST] expanded 0 post cards
2026-07-25T16:15:44.244Z  INFO   LinkedIn → [POST] scanning 1 post cards for emails...
2026-07-25T16:15:44.286Z  INFO   LinkedIn → [POST] 0 post links queued for Step 3 deep scan
2026-07-25T16:15:46.787Z  INFO   LinkedIn → [POST] ""looking for" Mechanical Design Engineer Pune"
2026-07-25T16:15:56.024Z  INFO   LinkedIn → [POST] scroll 1: 0 posts
2026-07-25T16:15:56.024Z  INFO   LinkedIn → [POST] expanding all post cards...
2026-07-25T16:15:56.272Z  INFO   LinkedIn → [POST] expanded 0 post cards
2026-07-25T16:15:57.858Z  INFO   LinkedIn → [POST] scanning 1 post cards for emails...
2026-07-25T16:15:57.900Z  INFO   LinkedIn → [POST] 0 post links queued for Step 3 deep scan
2026-07-25T16:16:00.402Z  INFO   LinkedIn → [POST] ""looking for" CAD Engineer Pune"
2026-07-25T16:16:09.428Z  INFO   LinkedIn → [POST] scroll 1: 0 posts
2026-07-25T16:16:09.428Z  INFO   LinkedIn → [POST] expanding all post cards...
2026-07-25T16:16:09.676Z  INFO   LinkedIn → [POST] expanded 0 post cards
2026-07-25T16:16:11.261Z  INFO   LinkedIn → [POST] scanning 1 post cards for emails...
2026-07-25T16:16:11.302Z  INFO   LinkedIn → [POST] 0 post links queued for Step 3 deep scan
2026-07-25T16:16:13.803Z  INFO   LinkedIn → [POST] "SolidWorks Designer AND Pune AND hiring"
2026-07-25T16:16:23.003Z  INFO   LinkedIn → [POST] scroll 1: 0 posts
2026-07-25T16:16:23.003Z  INFO   LinkedIn → [POST] expanding all post cards...
2026-07-25T16:16:23.250Z  INFO   LinkedIn → [POST] expanded 0 post cards
2026-07-25T16:16:24.839Z  INFO   LinkedIn → [POST] scanning 1 post cards for emails...
2026-07-25T16:16:24.881Z  INFO   LinkedIn → [POST] 0 post links queued for Step 3 deep scan
2026-07-25T16:16:27.382Z  INFO   LinkedIn → [POST] "Product Design Engineer AND Pune AND hiring"
2026-07-25T16:16:36.400Z  INFO   LinkedIn → [POST] scroll 1: 0 posts
2026-07-25T16:16:36.401Z  INFO   LinkedIn → [POST] expanding all post cards...
2026-07-25T16:16:36.647Z  INFO   LinkedIn → [POST] expanded 0 post cards
2026-07-25T16:16:38.231Z  INFO   LinkedIn → [POST] scanning 1 post cards for emails...
2026-07-25T16:16:38.273Z  INFO   LinkedIn → [POST] 0 post links queued for Step 3 deep scan
2026-07-25T16:16:40.774Z  INFO   LinkedIn → [POST] "Engineering Automation AND Pune AND hiring"
2026-07-25T16:16:49.766Z  INFO   LinkedIn → [POST] scroll 1: 0 posts
2026-07-25T16:16:49.766Z  INFO   LinkedIn → [POST] expanding all post cards...
2026-07-25T16:16:50.012Z  INFO   LinkedIn → [POST] expanded 0 post cards
2026-07-25T16:16:51.596Z  INFO   LinkedIn → [POST] scanning 1 post cards for emails...
2026-07-25T16:16:51.637Z  INFO   LinkedIn → [POST] 0 post links queued for Step 3 deep scan
2026-07-25T16:16:54.139Z  INFO   LinkedIn → opening 107 links to scan for HR emails...
