[2026-08-02T10:18:20.287Z] COMPANY: "Reliance Industries Limited" | QUERIES: ["Reliance Industries Limited" official website] | CANDIDATES: [https://www.ril.com] | SELECTED: "https://www.ril.com" | CONFIDENCE: HIGH | TIME: 1ms | REASON: Resolved via readymade-fallback
[2026-08-02T10:18:28.300Z] COMPANY: "HDFC Bank Limited" | QUERIES: ["HDFC Bank Limited" official website] | CANDIDATES: [https://www.hdfcbank.com] | SELECTED: "https://www.hdfcbank.com" | CONFIDENCE: HIGH | TIME: 0ms | REASON: Resolved via readymade-fallback
[2026-08-02T10:18:42.863Z] COMPANY: "ICICI Bank Limited" | QUERIES: ["ICICI Bank Limited" official website] | CANDIDATES: [https://www.icicibank.com] | SELECTED: "https://www.icicibank.com" | CONFIDENCE: HIGH | TIME: 0ms | REASON: Resolved via readymade-fallback
[2026-08-02T10:18:55.651Z] COMPANY: "State Bank of India" | QUERIES: ["State Bank of India" official website] | CANDIDATES: [https://sbi.co.in] | SELECTED: "https://sbi.co.in" | CONFIDENCE: HIGH | TIME: 0ms | REASON: Resolved via readymade-fallback
[2026-08-02T10:19:14.195Z] COMPANY: "Axis Bank Limited" | QUERIES: ["Axis Bank Limited" official website] | CANDIDATES: [https://www.axisbank.com] | SELECTED: "https://www.axisbank.com" | CONFIDENCE: HIGH | TIME: 0ms | REASON: Resolved via readymade-fallback
[2026-08-02T10:19:35.805Z] COMPANY: "Kotak Mahindra Bank Limited" | QUERIES: ["Kotak Mahindra Bank Limited" official website] | CANDIDATES: [https://www.kotak.com] | SELECTED: "https://www.kotak.com" | CONFIDENCE: HIGH | TIME: 0ms | REASON: Resolved via readymade-fallback
[2026-08-02T10:19:37.385Z] COMPANY: "Bank of Baroda" | QUERIES: ["Bank of Baroda" official website] | CANDIDATES: [https://www.bankofbaroda.in] | SELECTED: "https://www.bankofbaroda.in" | CONFIDENCE: HIGH | TIME: 0ms | REASON: Resolved via readymade-fallback
[2026-08-02T10:19:53.636Z] COMPANY: "Punjab National Bank" | QUERIES: ["Punjab National Bank" official website] | CANDIDATES: [https://www.pnbindia.in] | SELECTED: "https://www.pnbindia.in" | CONFIDENCE: HIGH | TIME: 0ms | REASON: Resolved via readymade-fallback
[2026-08-02T10:20:10.323Z] COMPANY: "Canara Bank" | QUERIES: ["Canara Bank" official website] | CANDIDATES: [https://canarabank.com] | SELECTED: "https://canarabank.com" | CONFIDENCE: HIGH | TIME: 0ms | REASON: Resolved via readymade-fallback
[2026-08-02T10:20:12.099Z] COMPANY: "Union Bank of India" | QUERIES: ["Union Bank of India" official website] | CANDIDATES: [https://www.unionbankofindia.co.in] | SELECTED: "https://www.unionbankofindia.co.in" | CONFIDENCE: HIGH | TIME: 0ms | REASON: Resolved via readymade-fallback
[2026-08-02T10:22:34.900Z] COMPANY: "Federal Bank Limited" | QUERIES: ["Federal Bank Limited" official website] | CANDIDATES: [https://www.federalbank.co.in] | SELECTED: "https://www.federalbank.co.in" | CONFIDENCE: HIGH | TIME: 0ms | REASON: Resolved via readymade-fallback
[2026-08-02T10:22:54.880Z] COMPANY: "IndusInd Bank Limited" | QUERIES: ["IndusInd Bank Limited" official website] | CANDIDATES: [https://www.indusind.com] | SELECTED: "https://www.indusind.com" | CONFIDENCE: HIGH | TIME: 0ms | REASON: Resolved via readymade-fallback
[2026-08-02T10:22:57.292Z] COMPANY: "Bajaj Finance Limited" | QUERIES: ["Bajaj Finance Limited" official website] | CANDIDATES: [https://www.bajajfinserv.in] | SELECTED: "https://www.bajajfinserv.in" | CONFIDENCE: HIGH | TIME: 0ms | REASON: Resolved via readymade-fallback
[2026-08-02T10:22:57.382Z] COMPANY: "Bajaj Finserv Limited" | QUERIES: ["Bajaj Finserv Limited" official website] | CANDIDATES: [https://www.bajajfinserv.in] | SELECTED: "https://www.bajajfinserv.in" | CONFIDENCE: HIGH | TIME: 0ms | REASON: Resolved via readymade-fallback
[2026-08-02T10:22:57.470Z] COMPANY: "HDFC Life Insurance Company Limited" | QUERIES: ["HDFC Life Insurance Company Limited" official website] | CANDIDATES: [https://www.hdfclife.com] | SELECTED: "https://www.hdfclife.com" | CONFIDENCE: HIGH | TIME: 0ms | REASON: Resolved via readymade-fallback
[2026-08-02T10:23:22.036Z] COMPANY: "SBI Life Insurance Company Limited" | QUERIES: ["SBI Life Insurance Company Limited" official website] | CANDIDATES: [https://www.sbilife.co.in] | SELECTED: "https://www.sbilife.co.in" | CONFIDENCE: HIGH | TIME: 0ms | REASON: Resolved via readymade-fallback
[2026-08-02T10:23:44.294Z] COMPANY: "ICICI Lombard General Insurance Company Limited" | QUERIES: ["ICICI Lombard General Insurance Company Limited" official website] | CANDIDATES: [https://www.icicilombard.com] | SELECTED: "https://www.icicilombard.com" | CONFIDENCE: HIGH | TIME: 0ms | REASON: Resolved via readymade-fallback
[2026-08-02T10:23:44.385Z] COMPANY: "ICICI Prudential Life Insurance Company Limited" | QUERIES: ["ICICI Prudential Life Insurance Company Limited" official website] | CANDIDATES: [https://www.iciciprulife.com] | SELECTED: "https://www.iciciprulife.com" | CONFIDENCE: HIGH | TIME: 0ms | REASON: Resolved via readymade-fallback
[2026-08-02T10:23:44.473Z] COMPANY: "HDFC Asset Management Company Limited" | QUERIES: ["HDFC Asset Management Company Limited" official website] | CANDIDATES: [https://www.hdfcfund.com] | SELECTED: "https://www.hdfcfund.com" | CONFIDENCE: HIGH | TIME: 0ms | REASON: Resolved via readymade-fallback
[2026-08-02T10:23:44.570Z] COMPANY: "Nippon Life India Asset Management Limited" | QUERIES: ["Nippon Life India Asset Management Limited" official website] | CANDIDATES: [https://mf.nipponindiaim.com] | SELECTED: "https://mf.nipponindiaim.com" | CONFIDENCE: HIGH | TIME: 0ms | REASON: Resolved via readymade-fallback
[2026-08-02T10:23:45.772Z] COMPANY: "Tata Consultancy Services Limited" | QUERIES: ["Tata Consultancy Services Limited" official website] | CANDIDATES: [https://www.tcs.com] | SELECTED: "https://www.tcs.com" | CONFIDENCE: HIGH | TIME: 0ms | REASON: Resolved via readymade-fallback
[2026-08-02T10:23:45.919Z] COMPANY: "Infosys Limited" | QUERIES: ["Infosys Limited" official website] | CANDIDATES: [https://www.infosys.com] | SELECTED: "https://www.infosys.com" | CONFIDENCE: HIGH | TIME: 0ms | REASON: Resolved via readymade-fallback
[2026-08-02T10:23:46.004Z] COMPANY: "Wipro Limited" | QUERIES: ["Wipro Limited" official website] | CANDIDATES: [https://www.wipro.com] | SELECTED: "https://www.wipro.com" | CONFIDENCE: HIGH | TIME: 0ms | REASON: Resolved via readymade-fallback
[2026-08-02T10:24:08.175Z] COMPANY: "HCL Technologies Limited" | QUERIES: ["HCL Technologies Limited" official website] | CANDIDATES: [https://www.hcltech.com] | SELECTED: "https://www.hcltech.com" | CONFIDENCE: HIGH | TIME: 0ms | REASON: Resolved via readymade-fallback
[2026-08-02T10:24:13.833Z] COMPANY: "Tech Mahindra Limited" | QUERIES: ["Tech Mahindra Limited" official website] | CANDIDATES: [https://www.techmahindra.com] | SELECTED: "https://www.techmahindra.com" | CONFIDENCE: HIGH | TIME: 0ms | REASON: Resolved via readymade-fallback
[2026-08-02T10:24:26.897Z] COMPANY: "LTIMindtree Limited" | QUERIES: ["LTIMindtree Limited" official website] | CANDIDATES: [https://www.ltimindtree.com] | SELECTED: "https://www.ltimindtree.com" | CONFIDENCE: HIGH | TIME: 0ms | REASON: Resolved via readymade-fallback
[2026-08-02T10:24:40.976Z] COMPANY: "Persistent Systems Limited" | QUERIES: ["Persistent Systems Limited" official website] | CANDIDATES: [https://www.persistent.com] | SELECTED: "https://www.persistent.com" | CONFIDENCE: HIGH | TIME: 0ms | REASON: Resolved via readymade-fallback
[2026-08-02T10:24:54.191Z] COMPANY: "Mphasis Limited" | QUERIES: ["Mphasis Limited" official website] | CANDIDATES: [https://www.mphasis.com] | SELECTED: "https://www.mphasis.com" | CONFIDENCE: HIGH | TIME: 0ms | REASON: Resolved via readymade-fallback
[2026-08-02T10:25:07.732Z] COMPANY: "Coforge Limited" | QUERIES: ["Coforge Limited" official website] | CANDIDATES: [https://www.coforge.com] | SELECTED: "https://www.coforge.com" | CONFIDENCE: HIGH | TIME: 0ms | REASON: Resolved via readymade-fallback
[2026-08-02T10:25:24.734Z] COMPANY: "Oracle Financial Services Software Limited" | QUERIES: ["Oracle Financial Services Software Limited" official website] | CANDIDATES: [https://www.oracle.com/in/financial-services/] | SELECTED: "https://www.oracle.com/in/financial-services/" | CONFIDENCE: HIGH | TIME: 0ms | REASON: Resolved via readymade-fallback
[2026-08-02T10:25:25.583Z] COMPANY: "L&T Technology Services Limited" | QUERIES: ["L&T Technology Services Limited" official website] | CANDIDATES: [https://www.ltts.com] | SELECTED: "https://www.ltts.com" | CONFIDENCE: HIGH | TIME: 0ms | REASON: Resolved via readymade-fallback
[2026-08-02T10:25:25.803Z] COMPANY: "Tata Elxsi Limited" | QUERIES: ["Tata Elxsi Limited" official website] | CANDIDATES: [https://www.tataelxsi.com] | SELECTED: "https://www.tataelxsi.com" | CONFIDENCE: HIGH | TIME: 0ms | REASON: Resolved via readymade-fallback
[2026-08-02T10:25:37.339Z] COMPANY: "Reliance Jio / Jio Financial Services Limited" | QUERIES: ["Reliance Jio / Jio Financial Services Limited" official website] | CANDIDATES: [https://www.jfs.in] | SELECTED: "https://www.jfs.in" | CONFIDENCE: HIGH | TIME: 0ms | REASON: Resolved via readymade-fallback
[2026-08-02T10:25:38.008Z] COMPANY: "Bharti Airtel Limited" | QUERIES: ["Bharti Airtel Limited" official website] | CANDIDATES: [https://www.airtel.in] | SELECTED: "https://www.airtel.in" | CONFIDENCE: HIGH | TIME: 0ms | REASON: Resolved via readymade-fallback
[2026-08-02T10:25:47.310Z] COMPANY: "Vodafone Idea Limited" | QUERIES: ["Vodafone Idea Limited" official website] | CANDIDATES: [https://www.myvi.in] | SELECTED: "https://www.myvi.in" | CONFIDENCE: HIGH | TIME: 0ms | REASON: Resolved via readymade-fallback
[2026-08-02T10:25:59.482Z] COMPANY: "Tata Communications Limited" | QUERIES: ["Tata Communications Limited" official website] | CANDIDATES: [https://www.tatacommunications.com] | SELECTED: "https://www.tatacommunications.com" | CONFIDENCE: HIGH | TIME: 0ms | REASON: Resolved via readymade-fallback
[2026-08-02T10:26:01.539Z] COMPANY: "Eternal Limited / Zomato" | QUERIES: ["Eternal Limited / Zomato" official website] | CANDIDATES: [https://www.zomato.com] | SELECTED: "https://www.zomato.com" | CONFIDENCE: HIGH | TIME: 1ms | REASON: Resolved via readymade-fallback
[2026-08-02T10:26:06.916Z] COMPANY: "One97 Communications Limited / Paytm" | QUERIES: ["One97 Communications Limited / Paytm" official website] | CANDIDATES: [https://paytm.com] | SELECTED: "https://paytm.com" | CONFIDENCE: HIGH | TIME: 0ms | REASON: Resolved via readymade-fallback
[2026-08-02T10:26:07.881Z] COMPANY: "FSN E-Commerce Ventures Limited / Nykaa" | QUERIES: ["FSN E-Commerce Ventures Limited / Nykaa" official website] | CANDIDATES: [https://www.nykaa.com] | SELECTED: "https://www.nykaa.com" | CONFIDENCE: HIGH | TIME: 0ms | REASON: Resolved via readymade-fallback
[2026-08-02T10:26:14.732Z] COMPANY: "Info Edge (India) Limited" | QUERIES: ["Info Edge (India) Limited" official website] | CANDIDATES: [https://www.infoedge.in] | SELECTED: "https://www.infoedge.in" | CONFIDENCE: HIGH | TIME: 0ms | REASON: Resolved via readymade-fallback
[2026-08-02T10:26:40.131Z] COMPANY: "IndiaMART InterMESH Limited" | QUERIES: ["IndiaMART InterMESH Limited" official website] | CANDIDATES: [https://www.indiamart.com] | SELECTED: "https://www.indiamart.com" | CONFIDENCE: HIGH | TIME: 0ms | REASON: Resolved via readymade-fallback
[2026-08-02T10:26:54.734Z] COMPANY: "PB Fintech Limited / Policybazaar" | QUERIES: ["PB Fintech Limited / Policybazaar" official website] | CANDIDATES: [https://www.policybazaar.com] | SELECTED: "https://www.policybazaar.com" | CONFIDENCE: HIGH | TIME: 1ms | REASON: Resolved via readymade-fallback
[2026-08-02T10:27:03.158Z] COMPANY: "Delhivery Limited" | QUERIES: ["Delhivery Limited" official website] | CANDIDATES: [https://www.delhivery.com] | SELECTED: "https://www.delhivery.com" | CONFIDENCE: HIGH | TIME: 0ms | REASON: Resolved via readymade-fallback
[2026-08-02T10:27:14.647Z] COMPANY: "Avenue Supermarts Limited" | QUERIES: ["Avenue Supermarts Limited" official website] | CANDIDATES: [https://www.dmartindia.com] | SELECTED: "https://www.dmartindia.com" | CONFIDENCE: HIGH | TIME: 0ms | REASON: Resolved via readymade-fallback
[2026-08-02T10:27:23.799Z] COMPANY: "Trent Limited" | QUERIES: ["Trent Limited" official website] | CANDIDATES: [https://www.mywestside.com] | SELECTED: "https://www.mywestside.com" | CONFIDENCE: HIGH | TIME: 0ms | REASON: Resolved via readymade-fallback
[2026-08-02T10:27:38.910Z] COMPANY: "Titan Company Limited" | QUERIES: ["Titan Company Limited" official website] | CANDIDATES: [https://www.titancompany.in] | SELECTED: "https://www.titancompany.in" | CONFIDENCE: HIGH | TIME: 0ms | REASON: Resolved via readymade-fallback
[2026-08-02T10:27:40.034Z] COMPANY: "Hindustan Unilever Limited" | QUERIES: ["Hindustan Unilever Limited" official website] | CANDIDATES: [https://www.hul.co.in] | SELECTED: "https://www.hul.co.in" | CONFIDENCE: HIGH | TIME: 0ms | REASON: Resolved via readymade-fallback
[2026-08-02T10:27:40.187Z] COMPANY: "ITC Limited" | QUERIES: ["ITC Limited" official website] | CANDIDATES: [https://www.itcportal.com] | SELECTED: "https://www.itcportal.com" | CONFIDENCE: HIGH | TIME: 0ms | REASON: Resolved via readymade-fallback
[2026-08-02T10:28:35.342Z] COMPANY: "Nestle India Limited" | QUERIES: ["Nestle India Limited" official website] | CANDIDATES: [https://www.nestle.in] | SELECTED: "https://www.nestle.in" | CONFIDENCE: HIGH | TIME: 0ms | REASON: Resolved via readymade-fallback
[2026-08-02T10:28:35.459Z] COMPANY: "Britannia Industries Limited" | QUERIES: ["Britannia Industries Limited" official website] | CANDIDATES: [https://www.britannia.co.in] | SELECTED: "https://www.britannia.co.in" | CONFIDENCE: HIGH | TIME: 0ms | REASON: Resolved via readymade-fallback
[2026-08-02T10:28:44.036Z] COMPANY: "Dabur India Limited" | QUERIES: ["Dabur India Limited" official website] | CANDIDATES: [https://www.dabur.com] | SELECTED: "https://www.dabur.com" | CONFIDENCE: HIGH | TIME: 1ms | REASON: Resolved via readymade-fallback
[2026-08-02T10:28:45.997Z] COMPANY: "Marico Limited" | QUERIES: ["Marico Limited" official website] | CANDIDATES: [https://marico.com] | SELECTED: "https://marico.com" | CONFIDENCE: HIGH | TIME: 0ms | REASON: Resolved via readymade-fallback
[2026-08-02T10:29:01.463Z] COMPANY: "Tata Consumer Products Limited" | QUERIES: ["Tata Consumer Products Limited" official website] | CANDIDATES: [https://www.tataconsumer.com] | SELECTED: "https://www.tataconsumer.com" | CONFIDENCE: HIGH | TIME: 0ms | REASON: Resolved via readymade-fallback
[2026-08-02T10:29:02.755Z] COMPANY: "Apollo Hospitals Enterprise Limited" | QUERIES: ["Apollo Hospitals Enterprise Limited" official website] | CANDIDATES: [https://www.apollohospitals.com] | SELECTED: "https://www.apollohospitals.com" | CONFIDENCE: HIGH | TIME: 0ms | REASON: Resolved via readymade-fallback
[2026-08-02T10:29:10.618Z] COMPANY: "Fortis Healthcare Limited" | QUERIES: ["Fortis Healthcare Limited" official website] | CANDIDATES: [https://www.fortishealthcare.com] | SELECTED: "https://www.fortishealthcare.com" | CONFIDENCE: HIGH | TIME: 0ms | REASON: Resolved via readymade-fallback
[2026-08-02T10:29:12.242Z] COMPANY: "Narayana Hrudayalaya Limited" | QUERIES: ["Narayana Hrudayalaya Limited" official website] | CANDIDATES: [https://www.narayanahealth.org] | SELECTED: "https://www.narayanahealth.org" | CONFIDENCE: HIGH | TIME: 0ms | REASON: Resolved via readymade-fallback
[2026-08-02T10:29:18.885Z] COMPANY: "Max Healthcare Institute Limited" | QUERIES: ["Max Healthcare Institute Limited" official website] | CANDIDATES: [https://www.maxhealthcare.in] | SELECTED: "https://www.maxhealthcare.in" | CONFIDENCE: HIGH | TIME: 0ms | REASON: Resolved via readymade-fallback
[2026-08-02T10:29:18.967Z] COMPANY: "Sun Pharmaceutical Industries Limited" | QUERIES: ["Sun Pharmaceutical Industries Limited" official website] | CANDIDATES: [https://sunpharma.com] | SELECTED: "https://sunpharma.com" | CONFIDENCE: HIGH | TIME: 0ms | REASON: Resolved via readymade-fallback
[2026-08-02T10:29:19.084Z] COMPANY: "Cipla Limited" | QUERIES: ["Cipla Limited" official website] | CANDIDATES: [https://www.cipla.com] | SELECTED: "https://www.cipla.com" | CONFIDENCE: HIGH | TIME: 0ms | REASON: Resolved via readymade-fallback
[2026-08-02T10:29:31.383Z] COMPANY: "Dr. Reddy’s Laboratories Limited" | QUERIES: ["Dr. Reddy’s Laboratories Limited" official website] | CANDIDATES: [https://www.drreddys.com] | SELECTED: "https://www.drreddys.com" | CONFIDENCE: HIGH | TIME: 0ms | REASON: Resolved via readymade-fallback
[2026-08-02T10:29:45.644Z] COMPANY: "Lupin Limited" | QUERIES: ["Lupin Limited" official website] | CANDIDATES: [https://www.lupin.com] | SELECTED: "https://www.lupin.com" | CONFIDENCE: HIGH | TIME: 0ms | REASON: Resolved via readymade-fallback
[2026-08-02T10:29:55.707Z] COMPANY: "Aurobindo Pharma Limited" | QUERIES: ["Aurobindo Pharma Limited" official website] | CANDIDATES: [https://www.aurobindo.com] | SELECTED: "https://www.aurobindo.com" | CONFIDENCE: HIGH | TIME: 0ms | REASON: Resolved via readymade-fallback
[2026-08-02T10:30:09.113Z] COMPANY: "Biocon Limited" | QUERIES: ["Biocon Limited" official website] | CANDIDATES: [https://www.biocon.com] | SELECTED: "https://www.biocon.com" | CONFIDENCE: HIGH | TIME: 0ms | REASON: Resolved via readymade-fallback
[2026-08-02T10:30:22.659Z] COMPANY: "Mankind Pharma Limited" | QUERIES: ["Mankind Pharma Limited" official website] | CANDIDATES: [https://www.mankindpharma.com] | SELECTED: "https://www.mankindpharma.com" | CONFIDENCE: HIGH | TIME: 0ms | REASON: Resolved via readymade-fallback
[2026-08-02T10:30:32.369Z] COMPANY: "Alkem Laboratories Limited" | QUERIES: ["Alkem Laboratories Limited" official website] | CANDIDATES: [https://www.alkemlabs.com] | SELECTED: "https://www.alkemlabs.com" | CONFIDENCE: HIGH | TIME: 0ms | REASON: Resolved via readymade-fallback
[2026-08-02T10:30:44.189Z] COMPANY: "Reliance Retail / Reliance Industries Limited" | QUERIES: ["Reliance Retail / Reliance Industries Limited" official website] | CANDIDATES: [https://relianceretail.com] | SELECTED: "https://relianceretail.com" | CONFIDENCE: HIGH | TIME: 0ms | REASON: Resolved via readymade-fallback
[2026-08-02T10:30:54.380Z] COMPANY: "Tata Motors Limited" | QUERIES: ["Tata Motors Limited" official website] | CANDIDATES: [https://www.tatamotors.com] | SELECTED: "https://www.tatamotors.com" | CONFIDENCE: HIGH | TIME: 0ms | REASON: Resolved via readymade-fallback
[2026-08-02T10:30:56.202Z] COMPANY: "Mahindra & Mahindra Limited" | QUERIES: ["Mahindra & Mahindra Limited" official website] | CANDIDATES: [https://www.mahindra.com] | SELECTED: "https://www.mahindra.com" | CONFIDENCE: HIGH | TIME: 0ms | REASON: Resolved via readymade-fallback
[2026-08-02T10:30:56.788Z] COMPANY: "Maruti Suzuki India Limited" | QUERIES: ["Maruti Suzuki India Limited" official website] | CANDIDATES: [https://www.marutisuzuki.com] | SELECTED: "https://www.marutisuzuki.com" | CONFIDENCE: HIGH | TIME: 0ms | REASON: Resolved via readymade-fallback
[2026-08-02T10:31:06.270Z] COMPANY: "Bajaj Auto Limited" | QUERIES: ["Bajaj Auto Limited" official website] | CANDIDATES: [https://www.bajajauto.com] | SELECTED: "https://www.bajajauto.com" | CONFIDENCE: HIGH | TIME: 0ms | REASON: Resolved via readymade-fallback
[2026-08-02T10:31:08.574Z] COMPANY: "TVS Motor Company Limited" | QUERIES: ["TVS Motor Company Limited" official website] | CANDIDATES: [https://www.tvsmotor.com] | SELECTED: "https://www.tvsmotor.com" | CONFIDENCE: HIGH | TIME: 0ms | REASON: Resolved via readymade-fallback
[2026-08-02T10:31:10.090Z] COMPANY: "Eicher Motors Limited" | QUERIES: ["Eicher Motors Limited" official website] | CANDIDATES: [https://www.eichermotors.com] | SELECTED: "https://www.eichermotors.com" | CONFIDENCE: HIGH | TIME: 0ms | REASON: Resolved via readymade-fallback
[2026-08-02T10:32:29.594Z] COMPANY: "Hyundai Motor India Limited" | QUERIES: ["Hyundai Motor India Limited" official website] | CANDIDATES: [https://www.hyundai.com/in] | SELECTED: "https://www.hyundai.com/in" | CONFIDENCE: HIGH | TIME: 0ms | REASON: Resolved via readymade-fallback
[2026-08-02T10:32:30.853Z] COMPANY: "Larsen & Toubro Limited" | QUERIES: ["Larsen & Toubro Limited" official website] | CANDIDATES: [https://www.larsentoubro.com] | SELECTED: "https://www.larsentoubro.com" | CONFIDENCE: HIGH | TIME: 0ms | REASON: Resolved via readymade-fallback
[2026-08-02T10:32:39.281Z] COMPANY: "Siemens Limited" | QUERIES: ["Siemens Limited" official website] | CANDIDATES: [https://www.siemens.com/in/en.html] | SELECTED: "https://www.siemens.com/in/en.html" | CONFIDENCE: HIGH | TIME: 0ms | REASON: Resolved via readymade-fallback
[2026-08-02T10:32:52.525Z] COMPANY: "ABB India Limited" | QUERIES: ["ABB India Limited" official website] | CANDIDATES: [https://new.abb.com/indian-subcontinent] | SELECTED: "https://new.abb.com/indian-subcontinent" | CONFIDENCE: HIGH | TIME: 0ms | REASON: Resolved via readymade-fallback
[2026-08-02T10:32:59.179Z] COMPANY: "Bosch Limited" | QUERIES: ["Bosch Limited" official website] | CANDIDATES: [https://www.bosch.in] | SELECTED: "https://www.bosch.in" | CONFIDENCE: HIGH | TIME: 0ms | REASON: Resolved via readymade-fallback
[2026-08-02T10:33:08.504Z] COMPANY: "Cummins India Limited" | QUERIES: ["Cummins India Limited" official website] | CANDIDATES: [https://www.cummins.com/en/in] | SELECTED: "https://www.cummins.com/en/in" | CONFIDENCE: HIGH | TIME: 0ms | REASON: Resolved via readymade-fallback
[2026-08-02T10:33:10.685Z] COMPANY: "Bharat Electronics Limited" | QUERIES: ["Bharat Electronics Limited" official website] | CANDIDATES: [https://bel-india.in] | SELECTED: "https://bel-india.in" | CONFIDENCE: HIGH | TIME: 0ms | REASON: Resolved via readymade-fallback
[2026-08-02T10:33:11.999Z] COMPANY: "Hindustan Aeronautics Limited" | QUERIES: ["Hindustan Aeronautics Limited" official website] | CANDIDATES: [https://hal-india.co.in] | SELECTED: "https://hal-india.co.in" | CONFIDENCE: HIGH | TIME: 1ms | REASON: Resolved via readymade-fallback
[2026-08-02T10:33:16.195Z] COMPANY: "NTPC Limited" | QUERIES: ["NTPC Limited" official website] | CANDIDATES: [https://www.ntpc.co.in] | SELECTED: "https://www.ntpc.co.in" | CONFIDENCE: HIGH | TIME: 0ms | REASON: Resolved via readymade-fallback
[2026-08-02T10:33:27.853Z] COMPANY: "Power Grid Corporation of India Limited" | QUERIES: ["Power Grid Corporation of India Limited" official website] | CANDIDATES: [https://www.powergrid.in] | SELECTED: "https://www.powergrid.in" | CONFIDENCE: HIGH | TIME: 0ms | REASON: Resolved via readymade-fallback
[2026-08-02T10:35:47.129Z] COMPANY: "Tata Power Company Limited" | QUERIES: ["Tata Power Company Limited" official website] | CANDIDATES: [https://www.tatapower.com] | SELECTED: "https://www.tatapower.com" | CONFIDENCE: HIGH | TIME: 0ms | REASON: Resolved via readymade-fallback
[2026-08-02T10:35:49.571Z] COMPANY: "JSW Steel Limited" | QUERIES: ["JSW Steel Limited" official website] | CANDIDATES: [https://www.jswsteel.in] | SELECTED: "https://www.jswsteel.in" | CONFIDENCE: HIGH | TIME: 0ms | REASON: Resolved via readymade-fallback
[2026-08-02T10:36:06.147Z] COMPANY: "Tata Steel Limited" | QUERIES: ["Tata Steel Limited" official website] | CANDIDATES: [https://www.tatasteel.com] | SELECTED: "https://www.tatasteel.com" | CONFIDENCE: HIGH | TIME: 0ms | REASON: Resolved via readymade-fallback
[2026-08-02T10:36:07.030Z] COMPANY: "Hindalco Industries Limited" | QUERIES: ["Hindalco Industries Limited" official website] | CANDIDATES: [https://www.hindalco.com] | SELECTED: "https://www.hindalco.com" | CONFIDENCE: HIGH | TIME: 0ms | REASON: Resolved via readymade-fallback
[2026-08-02T10:36:23.831Z] COMPANY: "Vedanta Limited" | QUERIES: ["Vedanta Limited" official website] | CANDIDATES: [https://www.vedantalimited.com] | SELECTED: "https://www.vedantalimited.com" | CONFIDENCE: HIGH | TIME: 0ms | REASON: Resolved via readymade-fallback
[2026-08-02T10:36:41.459Z] COMPANY: "Coal India Limited" | QUERIES: ["Coal India Limited" official website] | CANDIDATES: [https://www.coalindia.in] | SELECTED: "https://www.coalindia.in" | CONFIDENCE: HIGH | TIME: 0ms | REASON: Resolved via readymade-fallback
[2026-08-02T10:36:47.547Z] COMPANY: "Indian Oil Corporation Limited" | QUERIES: ["Indian Oil Corporation Limited" official website] | CANDIDATES: [https://iocl.com] | SELECTED: "https://iocl.com" | CONFIDENCE: HIGH | TIME: 0ms | REASON: Resolved via readymade-fallback
[2026-08-02T10:36:50.357Z] COMPANY: "Bharat Petroleum Corporation Limited" | QUERIES: ["Bharat Petroleum Corporation Limited" official website] | CANDIDATES: [https://www.bharatpetroleum.in] | SELECTED: "https://www.bharatpetroleum.in" | CONFIDENCE: HIGH | TIME: 0ms | REASON: Resolved via readymade-fallback
[2026-08-02T10:36:56.818Z] COMPANY: "Oil and Natural Gas Corporation Limited" | QUERIES: ["Oil and Natural Gas Corporation Limited" official website] | CANDIDATES: [https://ongcindia.com] | SELECTED: "https://ongcindia.com" | CONFIDENCE: HIGH | TIME: 0ms | REASON: Resolved via readymade-fallback
[2026-08-02T10:37:48.957Z] COMPANY: "GAIL (India) Limited" | QUERIES: ["GAIL (India) Limited" official website] | CANDIDATES: [https://gailonline.com] | SELECTED: "https://gailonline.com" | CONFIDENCE: HIGH | TIME: 0ms | REASON: Resolved via readymade-fallback
[2026-08-02T10:38:00.994Z] COMPANY: "DLF Limited" | QUERIES: ["DLF Limited" official website] | CANDIDATES: [https://www.dlf.in] | SELECTED: "https://www.dlf.in" | CONFIDENCE: HIGH | TIME: 0ms | REASON: Resolved via readymade-fallback
[2026-08-02T10:38:12.559Z] COMPANY: "Godrej Properties Limited" | QUERIES: ["Godrej Properties Limited" official website] | CANDIDATES: [https://www.godrejproperties.com] | SELECTED: "https://www.godrejproperties.com" | CONFIDENCE: HIGH | TIME: 0ms | REASON: Resolved via readymade-fallback
[2026-08-02T10:38:12.636Z] COMPANY: "Prestige Estates Projects Limited" | QUERIES: ["Prestige Estates Projects Limited" official website] | CANDIDATES: [https://www.prestigeconstructions.com] | SELECTED: "https://www.prestigeconstructions.com" | CONFIDENCE: HIGH | TIME: 0ms | REASON: Resolved via readymade-fallback
[2026-08-02T10:38:21.597Z] COMPANY: "Oberoi Realty Limited" | QUERIES: ["Oberoi Realty Limited" official website] | CANDIDATES: [https://www.oberoirealty.com] | SELECTED: "https://www.oberoirealty.com" | CONFIDENCE: HIGH | TIME: 1ms | REASON: Resolved via readymade-fallback
[2026-08-02T10:38:28.951Z] COMPANY: "Indian Railway Finance Corporation Limited" | QUERIES: ["Indian Railway Finance Corporation Limited" official website] | CANDIDATES: [https://irfc.co.in] | SELECTED: "https://irfc.co.in" | CONFIDENCE: HIGH | TIME: 1ms | REASON: Resolved via readymade-fallback
[2026-08-02T10:38:46.498Z] COMPANY: "Rail Vikas Nigam Limited" | QUERIES: ["Rail Vikas Nigam Limited" official website] | CANDIDATES: [https://rvnl.org] | SELECTED: "https://rvnl.org" | CONFIDENCE: HIGH | TIME: 0ms | REASON: Resolved via readymade-fallback
[2026-08-02T10:41:08.581Z] COMPANY: "Indian Railway Catering and Tourism Corporation Limited" | QUERIES: ["Indian Railway Catering and Tourism Corporation Limited" official website] | CANDIDATES: [https://www.irctc.co.in] | SELECTED: "https://www.irctc.co.in" | CONFIDENCE: HIGH | TIME: 0ms | REASON: Resolved via readymade-fallback
[2026-08-02T10:41:14.063Z] COMPANY: "InterGlobe Aviation Limited / IndiGo" | QUERIES: ["InterGlobe Aviation Limited / IndiGo" official website] | CANDIDATES: [https://www.goindigo.in] | SELECTED: "https://www.goindigo.in" | CONFIDENCE: HIGH | TIME: 0ms | REASON: Resolved via readymade-fallback
[2026-08-02T10:41:22.002Z] COMPANY: "The Indian Hotels Company Limited" | QUERIES: ["The Indian Hotels Company Limited" official website] | CANDIDATES: [https://www.ihcltata.com] | SELECTED: "https://www.ihcltata.com" | CONFIDENCE: HIGH | TIME: 0ms | REASON: Resolved via readymade-fallback
[2026-08-02T10:41:22.338Z] COMPANY: "Jubilant FoodWorks Limited" | QUERIES: ["Jubilant FoodWorks Limited" official website] | CANDIDATES: [https://www.jubilantfoodworks.com] | SELECTED: "https://www.jubilantfoodworks.com" | CONFIDENCE: HIGH | TIME: 0ms | REASON: Resolved via readymade-fallback
[2026-08-02T10:41:30.763Z] COMPANY: "Aditya Birla Capital Limited" | QUERIES: ["Aditya Birla Capital Limited" official website] | CANDIDATES: [https://www.adityabirlacapital.com] | SELECTED: "https://www.adityabirlacapital.com" | CONFIDENCE: HIGH | TIME: 0ms | REASON: Resolved via readymade-fallback
[2026-08-02T10:41:33.498Z] COMPANY: "Shriram Finance Limited" | QUERIES: ["Shriram Finance Limited" official website] | CANDIDATES: [https://www.shriramfinance.in] | SELECTED: "https://www.shriramfinance.in" | CONFIDENCE: HIGH | TIME: 0ms | REASON: Resolved via readymade-fallback
[2026-08-02T10:41:42.384Z] COMPANY: "Muthoot Finance Limited" | QUERIES: ["Muthoot Finance Limited" official website] | CANDIDATES: [https://www.muthootfinance.com] | SELECTED: "https://www.muthootfinance.com" | CONFIDENCE: HIGH | TIME: 0ms | REASON: Resolved via readymade-fallback
[2026-08-02T10:41:52.174Z] COMPANY: "Piramal Finance Limited" | QUERIES: ["Piramal Finance Limited" official website] | CANDIDATES: [https://www.piramalfinance.com] | SELECTED: "https://www.piramalfinance.com" | CONFIDENCE: HIGH | TIME: 0ms | REASON: Resolved via readymade-fallback
[2026-08-02T10:42:03.549Z] COMPANY: "Yes Bank Limited" | QUERIES: ["Yes Bank Limited" official website] | CANDIDATES: [https://www.yesbank.in] | SELECTED: "https://www.yesbank.in" | CONFIDENCE: HIGH | TIME: 0ms | REASON: Resolved via readymade-fallback
[2026-08-02T10:42:09.529Z] COMPANY: "RBL Bank Limited" | QUERIES: ["RBL Bank Limited" official website] | CANDIDATES: [https://www.rblbank.com] | SELECTED: "https://www.rblbank.com" | CONFIDENCE: HIGH | TIME: 1ms | REASON: Resolved via readymade-fallback
[2026-08-02T10:42:13.422Z] COMPANY: "AU Small Finance Bank Limited" | QUERIES: ["AU Small Finance Bank Limited" official website] | CANDIDATES: [https://www.aubank.in] | SELECTED: "https://www.aubank.in" | CONFIDENCE: HIGH | TIME: 0ms | REASON: Resolved via readymade-fallback
