[2026-08-02T03:29:51.127Z] SR: 2 | Company: NonExistentTestSite | URL: https://invalid-test-domain-not-found-12345.com | Error: page.goto: net::ERR_NAME_NOT_RESOLVED at https://invalid-test-domain-not-found-12345.com/
Call log:
  - navigating to "https://invalid-test-domain-not-found-12345.com/", waiting until "domcontentloaded"

[2026-08-02T03:36:23.848Z] SR: 1 | Company: 360 ONE Mutual Fund | URL: https://mf.360.one | Error: page.goto: net::ERR_NAME_NOT_RESOLVED at https://mf.360.one/
Call log:
[2m  - navigating to "https://mf.360.one/", waiting until "domcontentloaded"[22m

[2026-08-02T03:36:24.182Z] SR: 2 | Company: ADITYA BIRLA SUN LIFE MF | URL: https://mutualfund.adityabirlacapital.com | Error: page.goto: Navigation to "https://mutualfund.adityabirlacapital.com/" is interrupted by another navigation to "chrome-error://chromewebdata/"
Call log:
[2m  - navigating to "https://mutualfund.adityabirlacapital.com/", waiting until "domcontentloaded"[22m

[2026-08-02T03:36:24.547Z] SR: 3 | Company: ASK Mutual Fund | URL: https://www.askmf.com | Error: page.goto: net::ERR_CERT_COMMON_NAME_INVALID at https://www.askmf.com/
Call log:
[2m  - navigating to "https://www.askmf.com/", waiting until "domcontentloaded"[22m

[2026-08-02T03:36:25.120Z] SR: 4 | Company: AXIS MF | URL: https://www.axismf.com | Error: page.goto: Navigation to "https://www.axismf.com/" is interrupted by another navigation to "chrome-error://chromewebdata/"
Call log:
[2m  - navigating to "https://www.axismf.com/", waiting until "domcontentloaded"[22m

[2026-08-02T03:36:25.791Z] SR: 5 | Company: Abakkus Mutual Fund | URL: https://www.abakkusamc.com | Error: page.goto: net::ERR_NAME_NOT_RESOLVED at https://www.abakkusamc.com/
Call log:
[2m  - navigating to "https://www.abakkusamc.com/", waiting until "domcontentloaded"[22m

[2026-08-02T03:36:25.799Z] SR: 6 | Company: AlphaGrep Mutual Fund | URL:  | Error: page.goto: Protocol error (Page.navigate): Cannot navigate to invalid URL
Call log:
[2m  - navigating to "https://", waiting until "domcontentloaded"[22m

[2026-08-02T03:36:26.152Z] SR: 7 | Company: Angel One Mutual Fund | URL: https://www.angelonemf.com | Error: page.goto: Navigation to "https://www.angelonemf.com/" is interrupted by another navigation to "chrome-error://chromewebdata/"
Call log:
[2m  - navigating to "https://www.angelonemf.com/", waiting until "domcontentloaded"[22m

[2026-08-02T03:36:26.827Z] SR: 8 | Company: BAJAJ FINSERV MUTUAL FUND | URL: https://www.bajajfinservamc.com | Error: page.goto: net::ERR_NAME_NOT_RESOLVED at https://www.bajajfinservamc.com/
Call log:
[2m  - navigating to "https://www.bajajfinservamc.com/", waiting until "domcontentloaded"[22m

[2026-08-02T03:36:27.103Z] SR: 9 | Company: Bandhan Mutual Fund | URL: https://bandhanmutual.com | Error: page.goto: Navigation to "https://bandhanmutual.com/" is interrupted by another navigation to "chrome-error://chromewebdata/"
Call log:
[2m  - navigating to "https://bandhanmutual.com/", waiting until "domcontentloaded"[22m

[2026-08-02T03:36:27.611Z] SR: 10 | Company: Bank of India Mutual Fund | URL: https://www.boiaxamc.com | Error: page.goto: net::ERR_NAME_NOT_RESOLVED at https://www.boiaxamc.com/
Call log:
[2m  - navigating to "https://www.boiaxamc.com/", waiting until "domcontentloaded"[22m

[2026-08-02T03:36:28.617Z] SR: 11 | Company: Baroda BNP Paribas Mutual Fund | URL: https://www.barodabnpparibasmf.in | Error: page.goto: Navigation to "https://www.barodabnpparibasmf.in/" is interrupted by another navigation to "chrome-error://chromewebdata/"
Call log:
[2m  - navigating to "https://www.barodabnpparibasmf.in/", waiting until "domcontentloaded"[22m

[2026-08-02T03:36:28.898Z] SR: 12 | Company: CANARA ROBECO MF | URL: https://www.canararobeco.com | Error: page.goto: Navigation to "https://www.canararobeco.com/" is interrupted by another navigation to "https://www.barodabnpparibasmf.in/"
Call log:
[2m  - navigating to "https://www.canararobeco.com/", waiting until "domcontentloaded"[22m

[2026-08-02T03:36:28.900Z] SR: 13 | Company: CRB MF | URL:  | Error: page.goto: Protocol error (Page.navigate): Cannot navigate to invalid URL
Call log:
[2m  - navigating to "https://", waiting until "domcontentloaded"[22m

[2026-08-02T03:36:29.154Z] SR: 14 | Company: Capitalmind Mutual Fund | URL: https://capitalmindmf.com | Error: page.goto: Navigation to "https://capitalmindmf.com/" is interrupted by another navigation to "https://www.canararobeco.com/"
Call log:
[2m  - navigating to "https://capitalmindmf.com/", waiting until "domcontentloaded"[22m

[2026-08-02T03:36:29.499Z] SR: 15 | Company: Carnelian Asset Management and Advisors Private Limited | URL: https://www.carnelianamc.com | Error: page.goto: net::ERR_NAME_NOT_RESOLVED at https://www.carnelianamc.com/
Call log:
[2m  - navigating to "https://www.carnelianamc.com/", waiting until "domcontentloaded"[22m

[2026-08-02T03:36:29.847Z] SR: 16 | Company: Choice Mutual Fund | URL: https://mf.choiceindia.com | Error: page.goto: Navigation to "https://mf.choiceindia.com/" is interrupted by another navigation to "chrome-error://chromewebdata/"
Call log:
[2m  - navigating to "https://mf.choiceindia.com/", waiting until "domcontentloaded"[22m

[2026-08-02T03:36:32.665Z] SR: 17 | Company: DSP MF | URL: https://www.dspim.com | Error: page.goto: Navigation to "https://www.dspim.com/" is interrupted by another navigation to "https://mf.choiceindia.com/"
Call log:
[2m  - navigating to "https://www.dspim.com/", waiting until "domcontentloaded"[22m

[2026-08-02T03:36:32.887Z] SR: 18 | Company: EDELWEISS MF | URL: https://www.edelweissmf.com | Error: page.goto: Navigation to "https://www.edelweissmf.com/" is interrupted by another navigation to "https://www.dspim.com/"
Call log:
[2m  - navigating to "https://www.edelweissmf.com/", waiting until "domcontentloaded"[22m

[2026-08-02T03:36:35.066Z] SR: 19 | Company: FRANKLIN TEMPLETON MF | URL: https://www.franklintempletonindia.com | Error: page.goto: Navigation to "https://www.franklintempletonindia.com/" is interrupted by another navigation to "https://www.edelweissmf.com/"
Call log:
[2m  - navigating to "https://www.franklintempletonindia.com/", waiting until "domcontentloaded"[22m

[2026-08-02T03:36:35.180Z] SR: 20 | Company: Groww Mutual Fund | URL: https://groww.in/mutual-funds | Error: page.goto: Navigation to "https://groww.in/mutual-funds" is interrupted by another navigation to "https://www.franklintempletonindia.com/"
Call log:
[2m  - navigating to "https://groww.in/mutual-funds", waiting until "domcontentloaded"[22m

[2026-08-02T03:36:35.381Z] SR: 21 | Company: HDFC MF | URL: https://www.hdfcfund.com | Error: page.goto: Navigation to "https://www.hdfcfund.com/" is interrupted by another navigation to "https://groww.in/mutual-funds"
Call log:
[2m  - navigating to "https://www.hdfcfund.com/", waiting until "domcontentloaded"[22m

[2026-08-02T03:36:36.569Z] SR: 22 | Company: HSBC MF | URL: https://www.assetmanagement.hsbc.co.in | Error: page.goto: Navigation to "https://www.assetmanagement.hsbc.co.in/" is interrupted by another navigation to "https://www.hdfcfund.com/"
Call log:
[2m  - navigating to "https://www.assetmanagement.hsbc.co.in/", waiting until "domcontentloaded"[22m

[2026-08-02T03:36:39.821Z] SR: 23 | Company: Helios Mutual Fund | URL: https://www.helioscapital.in | Error: page.goto: Navigation to "https://www.helioscapital.in/" is interrupted by another navigation to "https://www.assetmanagement.hsbc.co.in/en"
Call log:
[2m  - navigating to "https://www.helioscapital.in/", waiting until "domcontentloaded"[22m

[2026-08-02T03:36:40.235Z] SR: 24 | Company: ICICI PRUDENTIAL MF | URL: https://www.icicipruamc.com | Error: page.goto: Navigation to "https://www.icicipruamc.com/" is interrupted by another navigation to "https://helioscapital.in/"
Call log:
[2m  - navigating to "https://www.icicipruamc.com/", waiting until "domcontentloaded"[22m

[2026-08-02T03:36:55.236Z] SR: 25 | Company: IDBI MUTUAL FUND | URL: https://www.idbimutual.co.in | Error: page.goto: Timeout 15000ms exceeded.
Call log:
[2m  - navigating to "https://www.idbimutual.co.in/", waiting until "domcontentloaded"[22m

[2026-08-02T03:36:55.237Z] SR: 26 | Company: IIFCL MF (IDF) | URL:  | Error: page.goto: Protocol error (Page.navigate): Cannot navigate to invalid URL
Call log:
[2m  - navigating to "https://", waiting until "domcontentloaded"[22m

[2026-08-02T03:36:55.238Z] SR: 27 | Company: IL&FS IDF MF | URL:  | Error: page.goto: Protocol error (Page.navigate): Cannot navigate to invalid URL
Call log:
[2m  - navigating to "https://", waiting until "domcontentloaded"[22m

[2026-08-02T03:39:28.428Z] SR: 39 | Company: NAVI MUTUAL FUND | URL: https://www.navimutualfund.com | Error: HTTP Error Status 403
[2026-08-02T03:39:37.240Z] SR: 41 | Company: Nuvama Mutual Fund | URL: https://www.nuvamaassetmanagement.com | Error: HTTP Error Status 403
[2026-08-02T03:39:38.828Z] SR: 43 | Company: PGIM INDIA MUTUAL FUND | URL: https://www.pgimindiamf.com | Error: HTTP Error Status 403
[2026-08-02T03:41:22.974Z] SR: 1 | Company: 360 ONE Mutual Fund | URL: https://mf.360.one | Error: page.goto: net::ERR_NAME_NOT_RESOLVED at https://mf.360.one/
Call log:
  - navigating to "https://mf.360.one/", waiting until "domcontentloaded"

[2026-08-02T03:41:23.239Z] SR: 2 | Company: ADITYA BIRLA SUN LIFE MF | URL: https://mutualfund.adityabirlacapital.com | Error: page.goto: Navigation to "https://mutualfund.adityabirlacapital.com/" is interrupted by another navigation to "chrome-error://chromewebdata/"
Call log:
  - navigating to "https://mutualfund.adityabirlacapital.com/", waiting until "domcontentloaded"

[2026-08-02T03:41:23.377Z] SR: 3 | Company: ASK Mutual Fund | URL: https://www.askmf.com | Error: page.goto: net::ERR_CERT_COMMON_NAME_INVALID at https://www.askmf.com/
Call log:
  - navigating to "https://www.askmf.com/", waiting until "domcontentloaded"

[2026-08-02T03:41:23.825Z] SR: 4 | Company: AXIS MF | URL: https://www.axismf.com | Error: page.goto: Navigation to "https://www.axismf.com/" is interrupted by another navigation to "chrome-error://chromewebdata/"
Call log:
  - navigating to "https://www.axismf.com/", waiting until "domcontentloaded"

[2026-08-02T03:41:24.186Z] SR: 5 | Company: Abakkus Mutual Fund | URL: https://www.abakkusamc.com | Error: page.goto: net::ERR_NAME_NOT_RESOLVED at https://www.abakkusamc.com/
Call log:
  - navigating to "https://www.abakkusamc.com/", waiting until "domcontentloaded"

[2026-08-02T03:41:24.189Z] SR: 6 | Company: AlphaGrep Mutual Fund | URL:  | Error: page.goto: Protocol error (Page.navigate): Cannot navigate to invalid URL
Call log:
  - navigating to "https://", waiting until "domcontentloaded"

[2026-08-02T03:41:24.427Z] SR: 7 | Company: Angel One Mutual Fund | URL: https://www.angelonemf.com | Error: page.goto: Navigation to "https://www.angelonemf.com/" is interrupted by another navigation to "chrome-error://chromewebdata/"
Call log:
  - navigating to "https://www.angelonemf.com/", waiting until "domcontentloaded"

[2026-08-02T03:41:24.928Z] SR: 8 | Company: BAJAJ FINSERV MUTUAL FUND | URL: https://www.bajajfinservamc.com | Error: page.goto: net::ERR_NAME_NOT_RESOLVED at https://www.bajajfinservamc.com/
Call log:
  - navigating to "https://www.bajajfinservamc.com/", waiting until "domcontentloaded"

[2026-08-02T03:41:25.053Z] SR: 9 | Company: Bandhan Mutual Fund | URL: https://bandhanmutual.com | Error: page.goto: Navigation to "https://bandhanmutual.com/" is interrupted by another navigation to "chrome-error://chromewebdata/"
Call log:
  - navigating to "https://bandhanmutual.com/", waiting until "domcontentloaded"

[2026-08-02T03:41:25.405Z] SR: 10 | Company: Bank of India Mutual Fund | URL: https://www.boiaxamc.com | Error: page.goto: net::ERR_NAME_NOT_RESOLVED at https://www.boiaxamc.com/
Call log:
  - navigating to "https://www.boiaxamc.com/", waiting until "domcontentloaded"

[2026-08-02T03:41:26.265Z] SR: 11 | Company: Baroda BNP Paribas Mutual Fund | URL: https://www.barodabnpparibasmf.in | Error: page.goto: Navigation to "https://www.barodabnpparibasmf.in/" is interrupted by another navigation to "chrome-error://chromewebdata/"
Call log:
  - navigating to "https://www.barodabnpparibasmf.in/", waiting until "domcontentloaded"

[2026-08-02T03:41:26.393Z] SR: 12 | Company: CANARA ROBECO MF | URL: https://www.canararobeco.com | Error: page.goto: Navigation to "https://www.canararobeco.com/" is interrupted by another navigation to "https://www.barodabnpparibasmf.in/"
Call log:
  - navigating to "https://www.canararobeco.com/", waiting until "domcontentloaded"

[2026-08-02T03:41:26.397Z] SR: 13 | Company: CRB MF | URL:  | Error: page.goto: Protocol error (Page.navigate): Cannot navigate to invalid URL
Call log:
  - navigating to "https://", waiting until "domcontentloaded"

[2026-08-02T03:41:26.631Z] SR: 14 | Company: Capitalmind Mutual Fund | URL: https://capitalmindmf.com | Error: page.goto: Navigation to "https://capitalmindmf.com/" is interrupted by another navigation to "https://www.canararobeco.com/"
Call log:
  - navigating to "https://capitalmindmf.com/", waiting until "domcontentloaded"

[2026-08-02T03:41:27.146Z] SR: 15 | Company: Carnelian Asset Management and Advisors Private Limited | URL: https://www.carnelianamc.com | Error: page.goto: net::ERR_NAME_NOT_RESOLVED at https://www.carnelianamc.com/
Call log:
  - navigating to "https://www.carnelianamc.com/", waiting until "domcontentloaded"

[2026-08-02T03:41:27.388Z] SR: 16 | Company: Choice Mutual Fund | URL: https://mf.choiceindia.com | Error: page.goto: Navigation to "https://mf.choiceindia.com/" is interrupted by another navigation to "chrome-error://chromewebdata/"
Call log:
  - navigating to "https://mf.choiceindia.com/", waiting until "domcontentloaded"

[2026-08-02T03:41:27.936Z] SR: 17 | Company: DSP MF | URL: https://www.dspim.com | Error: page.goto: Navigation to "https://www.dspim.com/" is interrupted by another navigation to "https://mf.choiceindia.com/"
Call log:
  - navigating to "https://www.dspim.com/", waiting until "domcontentloaded"

[2026-08-02T03:41:28.019Z] SR: 18 | Company: EDELWEISS MF | URL: https://www.edelweissmf.com | Error: page.goto: Navigation to "https://www.edelweissmf.com/" is interrupted by another navigation to "https://www.dspim.com/"
Call log:
  - navigating to "https://www.edelweissmf.com/", waiting until "domcontentloaded"

[2026-08-02T03:41:28.693Z] SR: 19 | Company: FRANKLIN TEMPLETON MF | URL: https://www.franklintempletonindia.com | Error: page.goto: Navigation to "https://www.franklintempletonindia.com/" is interrupted by another navigation to "https://www.edelweissmf.com/"
Call log:
  - navigating to "https://www.franklintempletonindia.com/", waiting until "domcontentloaded"

[2026-08-02T03:41:28.807Z] SR: 20 | Company: Groww Mutual Fund | URL: https://groww.in/mutual-funds | Error: page.goto: Navigation to "https://groww.in/mutual-funds" is interrupted by another navigation to "https://www.franklintempletonindia.com/"
Call log:
  - navigating to "https://groww.in/mutual-funds", waiting until "domcontentloaded"

[2026-08-02T03:41:28.914Z] SR: 21 | Company: HDFC MF | URL: https://www.hdfcfund.com | Error: page.goto: Navigation to "https://www.hdfcfund.com/" is interrupted by another navigation to "https://groww.in/mutual-funds"
Call log:
  - navigating to "https://www.hdfcfund.com/", waiting until "domcontentloaded"

[2026-08-02T03:41:29.400Z] SR: 22 | Company: HSBC MF | URL: https://www.assetmanagement.hsbc.co.in | Error: page.goto: Navigation to "https://www.assetmanagement.hsbc.co.in/" is interrupted by another navigation to "https://www.hdfcfund.com/"
Call log:
  - navigating to "https://www.assetmanagement.hsbc.co.in/", waiting until "domcontentloaded"

[2026-08-02T03:41:32.446Z] SR: 23 | Company: Helios Mutual Fund | URL: https://www.helioscapital.in | Error: page.goto: Navigation to "https://www.helioscapital.in/" is interrupted by another navigation to "https://www.assetmanagement.hsbc.co.in/en"
Call log:
  - navigating to "https://www.helioscapital.in/", waiting until "domcontentloaded"

[2026-08-02T03:41:32.868Z] SR: 24 | Company: ICICI PRUDENTIAL MF | URL: https://www.icicipruamc.com | Error: page.goto: Navigation to "https://www.icicipruamc.com/" is interrupted by another navigation to "https://helioscapital.in/"
Call log:
  - navigating to "https://www.icicipruamc.com/", waiting until "domcontentloaded"

[2026-08-02T03:41:42.373Z] SR: 47 | Company: SAMCO MUTUAL FUND | URL: https://www.samco.mf.in | Error: page.goto: net::ERR_NAME_NOT_RESOLVED at https://www.samco.mf.in/
Call log:
[2m  - navigating to "https://www.samco.mf.in/", waiting until "domcontentloaded"[22m

[2026-08-02T03:41:42.794Z] SR: 48 | Company: SBI MF | URL: https://www.sbimf.com | Error: page.goto: Navigation to "https://www.sbimf.com/" is interrupted by another navigation to "chrome-error://chromewebdata/"
Call log:
[2m  - navigating to "https://www.sbimf.com/", waiting until "domcontentloaded"[22m

[2026-08-02T03:41:43.315Z] SR: 49 | Company: SHRIRAM MF | URL: https://www.shriramamc.com | Error: page.goto: net::ERR_NAME_NOT_RESOLVED at https://www.shriramamc.com/
Call log:
[2m  - navigating to "https://www.shriramamc.com/", waiting until "domcontentloaded"[22m

[2026-08-02T03:41:43.521Z] SR: 50 | Company: SUNDARAM MF | URL: https://www.sundarammutual.com | Error: page.goto: Navigation to "https://www.sundarammutual.com/" is interrupted by another navigation to "chrome-error://chromewebdata/"
Call log:
[2m  - navigating to "https://www.sundarammutual.com/", waiting until "domcontentloaded"[22m

[2026-08-02T03:41:43.790Z] SR: 51 | Company: TAURUS MF | URL: https://www.taurusmutualfund.com | Error: page.goto: Navigation to "https://www.taurusmutualfund.com/" is interrupted by another navigation to "https://www.sundarammutual.com/"
Call log:
[2m  - navigating to "https://www.taurusmutualfund.com/", waiting until "domcontentloaded"[22m

[2026-08-02T03:41:44.085Z] SR: 52 | Company: TRUST MUTUAL FUND | URL: https://www.trustmf.com | Error: page.goto: Navigation to "https://www.trustmf.com/" is interrupted by another navigation to "https://www.taurusmutualfund.com/"
Call log:
[2m  - navigating to "https://www.trustmf.com/", waiting until "domcontentloaded"[22m

[2026-08-02T03:41:44.322Z] SR: 53 | Company: Tata Mutual Fund | URL: https://www.tatamutualfund.com | Error: page.goto: Navigation to "https://www.tatamutualfund.com/" is interrupted by another navigation to "https://www.trustmf.com/"
Call log:
[2m  - navigating to "https://www.tatamutualfund.com/", waiting until "domcontentloaded"[22m

[2026-08-02T03:41:44.534Z] SR: 54 | Company: The Wealth Company Mutual Fund | URL: https://www.thewealthcompany.in | Error: page.goto: Navigation to "https://www.thewealthcompany.in/" is interrupted by another navigation to "https://www.tatamutualfund.com/"
Call log:
[2m  - navigating to "https://www.thewealthcompany.in/", waiting until "domcontentloaded"[22m

[2026-08-02T03:41:44.656Z] SR: 55 | Company: UTI  MF | URL: https://www.utimf.com | Error: page.goto: Navigation to "https://www.utimf.com/" is interrupted by another navigation to "https://www.thewealthcompany.in/"
Call log:
[2m  - navigating to "https://www.utimf.com/", waiting until "domcontentloaded"[22m

[2026-08-02T03:41:45.625Z] SR: 56 | Company: Unifi Mutual Fund | URL: https://www.unifimf.com | Error: page.goto: Navigation to "https://www.unifimf.com/" is interrupted by another navigation to "https://www.utimf.com/"
Call log:
[2m  - navigating to "https://www.unifimf.com/", waiting until "domcontentloaded"[22m

[2026-08-02T03:41:46.239Z] SR: 57 | Company: Union Mutual Fund | URL: https://www.unionmf.com | Error: page.goto: Navigation to "https://www.unionmf.com/" is interrupted by another navigation to "https://unifimf.com/"
Call log:
[2m  - navigating to "https://www.unionmf.com/", waiting until "domcontentloaded"[22m

[2026-08-02T03:41:46.246Z] SR: 58 | Company: WEALTH FIRST PORTFOLIO MANAGERS LIMITED | URL:  | Error: page.goto: Protocol error (Page.navigate): Cannot navigate to invalid URL
Call log:
[2m  - navigating to "https://", waiting until "domcontentloaded"[22m

[2026-08-02T03:41:47.104Z] SR: 59 | Company: WhiteOak Capital Mutual Fund | URL: https://www.whiteoakamc.com | Error: page.goto: Navigation to "https://www.whiteoakamc.com/" is interrupted by another navigation to "https://www.unionmf.com/"
Call log:
[2m  - navigating to "https://www.whiteoakamc.com/", waiting until "domcontentloaded"[22m

[2026-08-02T03:41:47.213Z] SR: 60 | Company: Zerodha Mutual Fund | URL: https://zerodhafundhouse.com | Error: page.goto: Navigation to "https://zerodhafundhouse.com/" is interrupted by another navigation to "https://mf.whiteoakamc.com/"
Call log:
[2m  - navigating to "https://zerodhafundhouse.com/", waiting until "domcontentloaded"[22m

[2026-08-02T03:41:47.870Z] SR: 25 | Company: IDBI MUTUAL FUND | URL: https://www.idbimutual.co.in | Error: page.goto: Timeout 15000ms exceeded.
Call log:
  - navigating to "https://www.idbimutual.co.in/", waiting until "domcontentloaded"

[2026-08-02T03:41:47.872Z] SR: 26 | Company: IIFCL MF (IDF) | URL:  | Error: page.goto: Protocol error (Page.navigate): Cannot navigate to invalid URL
Call log:
  - navigating to "https://", waiting until "domcontentloaded"

[2026-08-02T03:41:47.874Z] SR: 27 | Company: IL&FS IDF MF | URL:  | Error: page.goto: Protocol error (Page.navigate): Cannot navigate to invalid URL
Call log:
  - navigating to "https://", waiting until "domcontentloaded"

[2026-08-02T03:44:17.123Z] SR: 39 | Company: NAVI MUTUAL FUND | URL: https://www.navimutualfund.com | Error: HTTP Error Status 403
[2026-08-02T03:44:25.654Z] SR: 41 | Company: Nuvama Mutual Fund | URL: https://www.nuvamaassetmanagement.com | Error: HTTP Error Status 403
[2026-08-02T03:44:27.104Z] SR: 43 | Company: PGIM INDIA MUTUAL FUND | URL: https://www.pgimindiamf.com | Error: HTTP Error Status 403
[2026-08-02T03:45:57.325Z] SR: 47 | Company: SAMCO MUTUAL FUND | URL: https://www.samco.mf.in | Error: page.goto: net::ERR_NAME_NOT_RESOLVED at https://www.samco.mf.in/
Call log:
  - navigating to "https://www.samco.mf.in/", waiting until "domcontentloaded"

[2026-08-02T03:45:57.542Z] SR: 48 | Company: SBI MF | URL: https://www.sbimf.com | Error: page.goto: Navigation to "https://www.sbimf.com/" is interrupted by another navigation to "chrome-error://chromewebdata/"
Call log:
  - navigating to "https://www.sbimf.com/", waiting until "domcontentloaded"

[2026-08-02T03:45:58.139Z] SR: 49 | Company: SHRIRAM MF | URL: https://www.shriramamc.com | Error: page.goto: net::ERR_NAME_NOT_RESOLVED at https://www.shriramamc.com/
Call log:
  - navigating to "https://www.shriramamc.com/", waiting until "domcontentloaded"

[2026-08-02T03:45:58.291Z] SR: 50 | Company: SUNDARAM MF | URL: https://www.sundarammutual.com | Error: page.goto: Navigation to "https://www.sundarammutual.com/" is interrupted by another navigation to "chrome-error://chromewebdata/"
Call log:
  - navigating to "https://www.sundarammutual.com/", waiting until "domcontentloaded"

[2026-08-02T03:45:58.552Z] SR: 51 | Company: TAURUS MF | URL: https://www.taurusmutualfund.com | Error: page.goto: Navigation to "https://www.taurusmutualfund.com/" is interrupted by another navigation to "https://www.sundarammutual.com/"
Call log:
  - navigating to "https://www.taurusmutualfund.com/", waiting until "domcontentloaded"

[2026-08-02T03:45:59.069Z] SR: 52 | Company: TRUST MUTUAL FUND | URL: https://www.trustmf.com | Error: page.goto: Navigation to "https://www.trustmf.com/" is interrupted by another navigation to "https://www.taurusmutualfund.com/"
Call log:
  - navigating to "https://www.trustmf.com/", waiting until "domcontentloaded"

[2026-08-02T03:45:59.317Z] SR: 53 | Company: Tata Mutual Fund | URL: https://www.tatamutualfund.com | Error: page.goto: Navigation to "https://www.tatamutualfund.com/" is interrupted by another navigation to "https://www.trustmf.com/"
Call log:
  - navigating to "https://www.tatamutualfund.com/", waiting until "domcontentloaded"

[2026-08-02T03:45:59.515Z] SR: 54 | Company: The Wealth Company Mutual Fund | URL: https://www.thewealthcompany.in | Error: page.goto: Navigation to "https://www.thewealthcompany.in/" is interrupted by another navigation to "https://www.tatamutualfund.com/"
Call log:
  - navigating to "https://www.thewealthcompany.in/", waiting until "domcontentloaded"

[2026-08-02T03:45:59.577Z] SR: 55 | Company: UTI  MF | URL: https://www.utimf.com | Error: page.goto: Navigation to "https://www.utimf.com/" is interrupted by another navigation to "https://www.thewealthcompany.in/"
Call log:
  - navigating to "https://www.utimf.com/", waiting until "domcontentloaded"

[2026-08-02T03:46:00.529Z] SR: 56 | Company: Unifi Mutual Fund | URL: https://www.unifimf.com | Error: page.goto: Navigation to "https://www.unifimf.com/" is interrupted by another navigation to "https://www.utimf.com/"
Call log:
  - navigating to "https://www.unifimf.com/", waiting until "domcontentloaded"

[2026-08-02T03:46:01.024Z] SR: 57 | Company: Union Mutual Fund | URL: https://www.unionmf.com | Error: page.goto: Navigation to "https://www.unionmf.com/" is interrupted by another navigation to "https://unifimf.com/"
Call log:
  - navigating to "https://www.unionmf.com/", waiting until "domcontentloaded"

[2026-08-02T03:46:01.032Z] SR: 58 | Company: WEALTH FIRST PORTFOLIO MANAGERS LIMITED | URL:  | Error: page.goto: Protocol error (Page.navigate): Cannot navigate to invalid URL
Call log:
  - navigating to "https://", waiting until "domcontentloaded"

[2026-08-02T03:46:01.685Z] SR: 59 | Company: WhiteOak Capital Mutual Fund | URL: https://www.whiteoakamc.com | Error: page.goto: Navigation to "https://www.whiteoakamc.com/" is interrupted by another navigation to "https://www.unionmf.com/"
Call log:
  - navigating to "https://www.whiteoakamc.com/", waiting until "domcontentloaded"

[2026-08-02T03:46:01.919Z] SR: 60 | Company: Zerodha Mutual Fund | URL: https://zerodhafundhouse.com | Error: page.goto: Navigation to "https://zerodhafundhouse.com/" is interrupted by another navigation to "https://mf.whiteoakamc.com/"
Call log:
  - navigating to "https://zerodhafundhouse.com/", waiting until "domcontentloaded"

[2026-08-02T03:47:03.277Z] SR: 1 | Company: 360 ONE Mutual Fund | URL: https://mf.360.one | Error: page.goto: net::ERR_NAME_NOT_RESOLVED at https://mf.360.one/
Call log:
[2m  - navigating to "https://mf.360.one/", waiting until "domcontentloaded"[22m

[2026-08-02T03:47:03.621Z] SR: 2 | Company: ADITYA BIRLA SUN LIFE MF | URL: https://mutualfund.adityabirlacapital.com | Error: page.goto: Navigation to "https://mutualfund.adityabirlacapital.com/" is interrupted by another navigation to "chrome-error://chromewebdata/"
Call log:
[2m  - navigating to "https://mutualfund.adityabirlacapital.com/", waiting until "domcontentloaded"[22m

[2026-08-02T03:47:03.815Z] SR: 3 | Company: ASK Mutual Fund | URL: https://www.askmf.com | Error: page.goto: net::ERR_CERT_COMMON_NAME_INVALID at https://www.askmf.com/
Call log:
[2m  - navigating to "https://www.askmf.com/", waiting until "domcontentloaded"[22m

[2026-08-02T03:47:04.329Z] SR: 4 | Company: AXIS MF | URL: https://www.axismf.com | Error: page.goto: Navigation to "https://www.axismf.com/" is interrupted by another navigation to "chrome-error://chromewebdata/"
Call log:
[2m  - navigating to "https://www.axismf.com/", waiting until "domcontentloaded"[22m

[2026-08-02T03:47:04.691Z] SR: 5 | Company: Abakkus Mutual Fund | URL: https://www.abakkusamc.com | Error: page.goto: net::ERR_NAME_NOT_RESOLVED at https://www.abakkusamc.com/
Call log:
[2m  - navigating to "https://www.abakkusamc.com/", waiting until "domcontentloaded"[22m

[2026-08-02T03:47:04.704Z] SR: 6 | Company: AlphaGrep Mutual Fund | URL:  | Error: page.goto: Protocol error (Page.navigate): Cannot navigate to invalid URL
Call log:
[2m  - navigating to "https://", waiting until "domcontentloaded"[22m

[2026-08-02T03:47:05.049Z] SR: 7 | Company: Angel One Mutual Fund | URL: https://www.angelonemf.com | Error: page.goto: Navigation to "https://www.angelonemf.com/" is interrupted by another navigation to "chrome-error://chromewebdata/"
Call log:
[2m  - navigating to "https://www.angelonemf.com/", waiting until "domcontentloaded"[22m

[2026-08-02T03:47:05.699Z] SR: 8 | Company: BAJAJ FINSERV MUTUAL FUND | URL: https://www.bajajfinservamc.com | Error: page.goto: net::ERR_NAME_NOT_RESOLVED at https://www.bajajfinservamc.com/
Call log:
[2m  - navigating to "https://www.bajajfinservamc.com/", waiting until "domcontentloaded"[22m

[2026-08-02T03:47:06.131Z] SR: 9 | Company: Bandhan Mutual Fund | URL: https://bandhanmutual.com | Error: page.goto: Navigation to "https://bandhanmutual.com/" is interrupted by another navigation to "chrome-error://chromewebdata/"
Call log:
[2m  - navigating to "https://bandhanmutual.com/", waiting until "domcontentloaded"[22m

[2026-08-02T03:47:06.841Z] SR: 10 | Company: Bank of India Mutual Fund | URL: https://www.boiaxamc.com | Error: page.goto: net::ERR_NAME_NOT_RESOLVED at https://www.boiaxamc.com/
Call log:
[2m  - navigating to "https://www.boiaxamc.com/", waiting until "domcontentloaded"[22m

[2026-08-02T03:47:07.732Z] SR: 11 | Company: Baroda BNP Paribas Mutual Fund | URL: https://www.barodabnpparibasmf.in | Error: page.goto: Navigation to "https://www.barodabnpparibasmf.in/" is interrupted by another navigation to "chrome-error://chromewebdata/"
Call log:
[2m  - navigating to "https://www.barodabnpparibasmf.in/", waiting until "domcontentloaded"[22m

[2026-08-02T03:47:08.041Z] SR: 12 | Company: CANARA ROBECO MF | URL: https://www.canararobeco.com | Error: page.goto: Navigation to "https://www.canararobeco.com/" is interrupted by another navigation to "https://www.barodabnpparibasmf.in/"
Call log:
[2m  - navigating to "https://www.canararobeco.com/", waiting until "domcontentloaded"[22m

[2026-08-02T03:47:08.045Z] SR: 13 | Company: CRB MF | URL:  | Error: page.goto: Protocol error (Page.navigate): Cannot navigate to invalid URL
Call log:
[2m  - navigating to "https://", waiting until "domcontentloaded"[22m

[2026-08-02T03:47:08.282Z] SR: 14 | Company: Capitalmind Mutual Fund | URL: https://capitalmindmf.com | Error: page.goto: Navigation to "https://capitalmindmf.com/" is interrupted by another navigation to "https://www.canararobeco.com/"
Call log:
[2m  - navigating to "https://capitalmindmf.com/", waiting until "domcontentloaded"[22m

[2026-08-02T03:47:08.858Z] SR: 15 | Company: Carnelian Asset Management and Advisors Private Limited | URL: https://www.carnelianamc.com | Error: page.goto: net::ERR_NAME_NOT_RESOLVED at https://www.carnelianamc.com/
Call log:
[2m  - navigating to "https://www.carnelianamc.com/", waiting until "domcontentloaded"[22m

[2026-08-02T03:47:09.202Z] SR: 16 | Company: Choice Mutual Fund | URL: https://mf.choiceindia.com | Error: page.goto: Navigation to "https://mf.choiceindia.com/" is interrupted by another navigation to "chrome-error://chromewebdata/"
Call log:
[2m  - navigating to "https://mf.choiceindia.com/", waiting until "domcontentloaded"[22m

[2026-08-02T03:47:12.494Z] SR: 17 | Company: DSP MF | URL: https://www.dspim.com | Error: page.goto: Navigation to "https://www.dspim.com/" is interrupted by another navigation to "https://mf.choiceindia.com/"
Call log:
[2m  - navigating to "https://www.dspim.com/", waiting until "domcontentloaded"[22m

[2026-08-02T03:47:12.737Z] SR: 18 | Company: EDELWEISS MF | URL: https://www.edelweissmf.com | Error: page.goto: Navigation to "https://www.edelweissmf.com/" is interrupted by another navigation to "https://www.dspim.com/"
Call log:
[2m  - navigating to "https://www.edelweissmf.com/", waiting until "domcontentloaded"[22m

[2026-08-02T03:47:13.203Z] SR: 19 | Company: FRANKLIN TEMPLETON MF | URL: https://www.franklintempletonindia.com | Error: page.goto: Navigation to "https://www.franklintempletonindia.com/" is interrupted by another navigation to "https://www.edelweissmf.com/"
Call log:
[2m  - navigating to "https://www.franklintempletonindia.com/", waiting until "domcontentloaded"[22m

[2026-08-02T03:47:13.328Z] SR: 20 | Company: Groww Mutual Fund | URL: https://groww.in/mutual-funds | Error: page.goto: Navigation to "https://groww.in/mutual-funds" is interrupted by another navigation to "https://www.franklintempletonindia.com/"
Call log:
[2m  - navigating to "https://groww.in/mutual-funds", waiting until "domcontentloaded"[22m

[2026-08-02T03:47:13.542Z] SR: 21 | Company: HDFC MF | URL: https://www.hdfcfund.com | Error: page.goto: Navigation to "https://www.hdfcfund.com/" is interrupted by another navigation to "https://groww.in/mutual-funds"
Call log:
[2m  - navigating to "https://www.hdfcfund.com/", waiting until "domcontentloaded"[22m

[2026-08-02T03:47:14.465Z] SR: 22 | Company: HSBC MF | URL: https://www.assetmanagement.hsbc.co.in | Error: page.goto: Navigation to "https://www.assetmanagement.hsbc.co.in/" is interrupted by another navigation to "https://www.hdfcfund.com/"
Call log:
[2m  - navigating to "https://www.assetmanagement.hsbc.co.in/", waiting until "domcontentloaded"[22m

[2026-08-02T03:47:17.279Z] SR: 23 | Company: Helios Mutual Fund | URL: https://www.helioscapital.in | Error: page.goto: Navigation to "https://www.helioscapital.in/" is interrupted by another navigation to "https://www.assetmanagement.hsbc.co.in/en"
Call log:
[2m  - navigating to "https://www.helioscapital.in/", waiting until "domcontentloaded"[22m

[2026-08-02T03:47:17.776Z] SR: 24 | Company: ICICI PRUDENTIAL MF | URL: https://www.icicipruamc.com | Error: page.goto: Navigation to "https://www.icicipruamc.com/" is interrupted by another navigation to "https://helioscapital.in/"
Call log:
[2m  - navigating to "https://www.icicipruamc.com/", waiting until "domcontentloaded"[22m

[2026-08-02T03:47:32.779Z] SR: 25 | Company: IDBI MUTUAL FUND | URL: https://www.idbimutual.co.in | Error: page.goto: Timeout 15000ms exceeded.
Call log:
[2m  - navigating to "https://www.idbimutual.co.in/", waiting until "domcontentloaded"[22m

[2026-08-02T03:47:32.781Z] SR: 26 | Company: IIFCL MF (IDF) | URL:  | Error: page.goto: Protocol error (Page.navigate): Cannot navigate to invalid URL
Call log:
[2m  - navigating to "https://", waiting until "domcontentloaded"[22m

[2026-08-02T03:47:32.782Z] SR: 27 | Company: IL&FS IDF MF | URL:  | Error: page.goto: Protocol error (Page.navigate): Cannot navigate to invalid URL
Call log:
[2m  - navigating to "https://", waiting until "domcontentloaded"[22m

[2026-08-02T03:50:02.833Z] SR: 39 | Company: NAVI MUTUAL FUND | URL: https://www.navimutualfund.com | Error: HTTP Error Status 403
[2026-08-02T03:50:11.436Z] SR: 41 | Company: Nuvama Mutual Fund | URL: https://www.nuvamaassetmanagement.com | Error: HTTP Error Status 403
[2026-08-02T03:50:12.644Z] SR: 43 | Company: PGIM INDIA MUTUAL FUND | URL: https://www.pgimindiamf.com | Error: HTTP Error Status 403
[2026-08-02T03:51:13.233Z] SR: 47 | Company: SAMCO MUTUAL FUND | URL: https://www.samco.mf.in | Error: page.goto: net::ERR_NAME_NOT_RESOLVED at https://www.samco.mf.in/
Call log:
[2m  - navigating to "https://www.samco.mf.in/", waiting until "domcontentloaded"[22m

[2026-08-02T03:51:13.612Z] SR: 48 | Company: SBI MF | URL: https://www.sbimf.com | Error: page.goto: Navigation to "https://www.sbimf.com/" is interrupted by another navigation to "chrome-error://chromewebdata/"
Call log:
[2m  - navigating to "https://www.sbimf.com/", waiting until "domcontentloaded"[22m

[2026-08-02T03:51:14.057Z] SR: 49 | Company: SHRIRAM MF | URL: https://www.shriramamc.com | Error: page.goto: net::ERR_NAME_NOT_RESOLVED at https://www.shriramamc.com/
Call log:
[2m  - navigating to "https://www.shriramamc.com/", waiting until "domcontentloaded"[22m

[2026-08-02T03:51:14.223Z] SR: 50 | Company: SUNDARAM MF | URL: https://www.sundarammutual.com | Error: page.goto: Navigation to "https://www.sundarammutual.com/" is interrupted by another navigation to "chrome-error://chromewebdata/"
Call log:
[2m  - navigating to "https://www.sundarammutual.com/", waiting until "domcontentloaded"[22m

[2026-08-02T03:51:14.651Z] SR: 51 | Company: TAURUS MF | URL: https://www.taurusmutualfund.com | Error: page.goto: Navigation to "https://www.taurusmutualfund.com/" is interrupted by another navigation to "https://www.sundarammutual.com/"
Call log:
[2m  - navigating to "https://www.taurusmutualfund.com/", waiting until "domcontentloaded"[22m

[2026-08-02T03:51:15.038Z] SR: 52 | Company: TRUST MUTUAL FUND | URL: https://www.trustmf.com | Error: page.goto: Navigation to "https://www.trustmf.com/" is interrupted by another navigation to "https://www.taurusmutualfund.com/"
Call log:
[2m  - navigating to "https://www.trustmf.com/", waiting until "domcontentloaded"[22m

[2026-08-02T03:51:15.304Z] SR: 53 | Company: Tata Mutual Fund | URL: https://www.tatamutualfund.com | Error: page.goto: Navigation to "https://www.tatamutualfund.com/" is interrupted by another navigation to "https://www.trustmf.com/"
Call log:
[2m  - navigating to "https://www.tatamutualfund.com/", waiting until "domcontentloaded"[22m

[2026-08-02T03:51:15.499Z] SR: 54 | Company: The Wealth Company Mutual Fund | URL: https://www.thewealthcompany.in | Error: page.goto: Navigation to "https://www.thewealthcompany.in/" is interrupted by another navigation to "https://www.tatamutualfund.com/"
Call log:
[2m  - navigating to "https://www.thewealthcompany.in/", waiting until "domcontentloaded"[22m

[2026-08-02T03:51:15.603Z] SR: 55 | Company: UTI  MF | URL: https://www.utimf.com | Error: page.goto: Navigation to "https://www.utimf.com/" is interrupted by another navigation to "https://www.thewealthcompany.in/"
Call log:
[2m  - navigating to "https://www.utimf.com/", waiting until "domcontentloaded"[22m

[2026-08-02T03:51:16.464Z] SR: 56 | Company: Unifi Mutual Fund | URL: https://www.unifimf.com | Error: page.goto: Navigation to "https://www.unifimf.com/" is interrupted by another navigation to "https://www.utimf.com/"
Call log:
[2m  - navigating to "https://www.unifimf.com/", waiting until "domcontentloaded"[22m

[2026-08-02T03:51:16.767Z] SR: 57 | Company: Union Mutual Fund | URL: https://www.unionmf.com | Error: page.goto: Navigation to "https://www.unionmf.com/" is interrupted by another navigation to "https://unifimf.com/"
Call log:
[2m  - navigating to "https://www.unionmf.com/", waiting until "domcontentloaded"[22m

[2026-08-02T03:51:16.769Z] SR: 58 | Company: WEALTH FIRST PORTFOLIO MANAGERS LIMITED | URL:  | Error: page.goto: Protocol error (Page.navigate): Cannot navigate to invalid URL
Call log:
[2m  - navigating to "https://", waiting until "domcontentloaded"[22m

[2026-08-02T03:51:17.578Z] SR: 59 | Company: WhiteOak Capital Mutual Fund | URL: https://www.whiteoakamc.com | Error: page.goto: Navigation to "https://www.whiteoakamc.com/" is interrupted by another navigation to "https://www.unionmf.com/"
Call log:
[2m  - navigating to "https://www.whiteoakamc.com/", waiting until "domcontentloaded"[22m

[2026-08-02T03:51:18.011Z] SR: 60 | Company: Zerodha Mutual Fund | URL: https://zerodhafundhouse.com | Error: page.goto: Navigation to "https://zerodhafundhouse.com/" is interrupted by another navigation to "https://mf.whiteoakamc.com/"
Call log:
[2m  - navigating to "https://zerodhafundhouse.com/", waiting until "domcontentloaded"[22m

