[2026-08-02T05:32:28.525Z] COMPANY: "SEBI Official" | QUERIES: ["SEBI Official" official website] | CANDIDATES: [] | SELECTED: "" | CONFIDENCE: FAILED | TIME: 1474ms | REASON: Resolved via self-search
[2026-08-02T05:32:28.622Z] COMPANY: "Example Corp" | QUERIES: ["Example Corp" official website] | CANDIDATES: [] | SELECTED: "" | CONFIDENCE: FAILED | TIME: 96ms | REASON: Resolved via self-search
[2026-08-02T05:32:48.882Z] COMPANY: "VENTUREEAST TELNET INDIA FUND" | QUERIES: ["VENTUREEAST TELNET INDIA FUND" official website] | CANDIDATES: [] | SELECTED: "" | CONFIDENCE: FAILED | TIME: 160ms | REASON: Resolved via self-search
[2026-08-02T05:32:48.972Z] COMPANY: "GUJARAT INFORMATION TECHNOLOGY FUND" | QUERIES: ["GUJARAT INFORMATION TECHNOLOGY FUND" official website] | CANDIDATES: [] | SELECTED: "" | CONFIDENCE: FAILED | TIME: 89ms | REASON: Resolved via self-search
[2026-08-02T05:32:49.079Z] COMPANY: "Kerala Venture Capital Fund" | QUERIES: ["Kerala Venture Capital Fund" official website] | CANDIDATES: [] | SELECTED: "" | CONFIDENCE: FAILED | TIME: 107ms | REASON: Resolved via self-search
[2026-08-02T05:32:49.179Z] COMPANY: "West Bengal VCF" | QUERIES: ["West Bengal VCF" official website] | CANDIDATES: [] | SELECTED: "" | CONFIDENCE: FAILED | TIME: 100ms | REASON: Resolved via self-search
[2026-08-02T05:32:49.273Z] COMPANY: "ILABS VENTURE CAPITAL FUND" | QUERIES: ["ILABS VENTURE CAPITAL FUND" official website] | CANDIDATES: [] | SELECTED: "" | CONFIDENCE: FAILED | TIME: 94ms | REASON: Resolved via self-search
[2026-08-02T05:32:49.361Z] COMPANY: "Dunn Carr Management and Research India Private Limited" | QUERIES: ["Dunn Carr Management and Research India Private Limited" official website] | CANDIDATES: [] | SELECTED: "" | CONFIDENCE: FAILED | TIME: 87ms | REASON: Resolved via self-search
[2026-08-02T05:32:49.449Z] COMPANY: "HIVE FUND" | QUERIES: ["HIVE FUND" official website] | CANDIDATES: [] | SELECTED: "" | CONFIDENCE: FAILED | TIME: 87ms | REASON: Resolved via self-search
[2026-08-02T05:32:49.533Z] COMPANY: "GUJARAT VENTURE CAPITAL FUND 1995" | QUERIES: ["GUJARAT VENTURE CAPITAL FUND 1995" official website] | CANDIDATES: [] | SELECTED: "" | CONFIDENCE: FAILED | TIME: 83ms | REASON: Resolved via self-search
[2026-08-02T05:32:49.623Z] COMPANY: "Marigold Mezzanine Investment Fund" | QUERIES: ["Marigold Mezzanine Investment Fund" official website] | CANDIDATES: [] | SELECTED: "" | CONFIDENCE: FAILED | TIME: 90ms | REASON: Resolved via self-search
[2026-08-02T05:32:49.705Z] COMPANY: "Industrial Venture Capital Limited" | QUERIES: ["Industrial Venture Capital Limited" official website] | CANDIDATES: [] | SELECTED: "" | CONFIDENCE: FAILED | TIME: 81ms | REASON: Resolved via self-search
[2026-08-02T05:32:49.788Z] COMPANY: "APIDC" | QUERIES: ["APIDC" official website] | CANDIDATES: [] | SELECTED: "" | CONFIDENCE: FAILED | TIME: 83ms | REASON: Resolved via self-search
[2026-08-02T05:32:49.874Z] COMPANY: "SICOM VENTURE CAPITAL FUND" | QUERIES: ["SICOM VENTURE CAPITAL FUND" official website] | CANDIDATES: [] | SELECTED: "" | CONFIDENCE: FAILED | TIME: 85ms | REASON: Resolved via self-search
[2026-08-02T05:32:49.961Z] COMPANY: "PUNJAB INFOTECH VENTURE FUND" | QUERIES: ["PUNJAB INFOTECH VENTURE FUND" official website] | CANDIDATES: [] | SELECTED: "" | CONFIDENCE: FAILED | TIME: 87ms | REASON: Resolved via self-search
[2026-08-02T05:32:50.053Z] COMPANY: "NATIONAL VENTURE FUND FOR SOFTWARE AND IT INDUSTRY" | QUERIES: ["NATIONAL VENTURE FUND FOR SOFTWARE AND IT INDUSTRY" official website] | CANDIDATES: [] | SELECTED: "" | CONFIDENCE: FAILED | TIME: 92ms | REASON: Resolved via self-search
[2026-08-02T05:32:50.150Z] COMPANY: "Gujarat VCF - 1990" | QUERIES: ["Gujarat VCF - 1990" official website] | CANDIDATES: [] | SELECTED: "" | CONFIDENCE: FAILED | TIME: 97ms | REASON: Resolved via self-search
[2026-08-02T05:32:50.746Z] COMPANY: "UTI - India Technology Venture unit scheme" | QUERIES: ["UTI - India Technology Venture unit scheme" official website] | CANDIDATES: [] | SELECTED: "" | CONFIDENCE: FAILED | TIME: 596ms | REASON: Resolved via self-search
[2026-08-02T05:32:52.328Z] COMPANY: "KSK TRUST PRIVATE LIMITED" | QUERIES: ["KSK TRUST PRIVATE LIMITED" official website] | CANDIDATES: [] | SELECTED: "" | CONFIDENCE: FAILED | TIME: 1581ms | REASON: Resolved via self-search
[2026-08-02T05:32:53.907Z] COMPANY: "Rajasthan Venture Capital Fund" | QUERIES: ["Rajasthan Venture Capital Fund" official website] | CANDIDATES: [] | SELECTED: "" | CONFIDENCE: FAILED | TIME: 1579ms | REASON: Resolved via self-search
[2026-08-02T05:32:55.489Z] COMPANY: "SREI VENTURE CAPITAL LIMITED" | QUERIES: ["SREI VENTURE CAPITAL LIMITED" official website] | CANDIDATES: [] | SELECTED: "" | CONFIDENCE: FAILED | TIME: 1582ms | REASON: Resolved via self-search
[2026-08-02T05:32:57.062Z] COMPANY: "Emerging Sectors Trust" | QUERIES: ["Emerging Sectors Trust" official website] | CANDIDATES: [] | SELECTED: "" | CONFIDENCE: FAILED | TIME: 1572ms | REASON: Resolved via self-search
[2026-08-02T05:32:58.637Z] COMPANY: "OPULANT VENTURE CAPITAL TRUST" | QUERIES: ["OPULANT VENTURE CAPITAL TRUST" official website] | CANDIDATES: [] | SELECTED: "" | CONFIDENCE: FAILED | TIME: 1575ms | REASON: Resolved via self-search
[2026-08-02T05:33:00.222Z] COMPANY: "India Advantage Fund I" | QUERIES: ["India Advantage Fund I" official website] | CANDIDATES: [] | SELECTED: "" | CONFIDENCE: FAILED | TIME: 1585ms | REASON: Resolved via self-search
[2026-08-02T05:33:01.803Z] COMPANY: "THE TECHNOLOGY VENTURE FUND" | QUERIES: ["THE TECHNOLOGY VENTURE FUND" official website] | CANDIDATES: [] | SELECTED: "" | CONFIDENCE: FAILED | TIME: 1581ms | REASON: Resolved via self-search
[2026-08-02T05:33:01.803Z] COMPANY: "VENTUREEAST TELNET INDIA FUND" | QUERIES: ["VENTUREEAST TELNET INDIA FUND" official website] | CANDIDATES: [] | SELECTED: "" | CONFIDENCE: FAILED | TIME: 0ms | REASON: Resolved via self-search
[2026-08-02T05:33:03.374Z] COMPANY: "FIRE CAPITAL FUND" | QUERIES: ["FIRE CAPITAL FUND" official website] | CANDIDATES: [] | SELECTED: "" | CONFIDENCE: FAILED | TIME: 1571ms | REASON: Resolved via self-search
[2026-08-02T05:33:04.958Z] COMPANY: "IL&FS PRIVATE EQUITY TRUST" | QUERIES: ["IL&FS PRIVATE EQUITY TRUST" official website] | CANDIDATES: [] | SELECTED: "" | CONFIDENCE: FAILED | TIME: 1584ms | REASON: Resolved via self-search
[2026-08-02T05:33:06.536Z] COMPANY: "SPICE CAPITAL FUND" | QUERIES: ["SPICE CAPITAL FUND" official website] | CANDIDATES: [] | SELECTED: "" | CONFIDENCE: FAILED | TIME: 1578ms | REASON: Resolved via self-search
[2026-08-02T05:33:08.117Z] COMPANY: "HDFC Property Fund" | QUERIES: ["HDFC Property Fund" official website] | CANDIDATES: [] | SELECTED: "" | CONFIDENCE: FAILED | TIME: 1581ms | REASON: Resolved via self-search
[2026-08-02T05:33:09.694Z] COMPANY: "EUREKA VENTURE FUND" | QUERIES: ["EUREKA VENTURE FUND" official website] | CANDIDATES: [] | SELECTED: "" | CONFIDENCE: FAILED | TIME: 1576ms | REASON: Resolved via self-search
[2026-08-02T05:33:11.269Z] COMPANY: "KOTAK SEAF INDIA FUND" | QUERIES: ["KOTAK SEAF INDIA FUND" official website] | CANDIDATES: [] | SELECTED: "" | CONFIDENCE: FAILED | TIME: 1575ms | REASON: Resolved via self-search
[2026-08-02T05:33:12.846Z] COMPANY: "GUJARAT BIOTECHNOLOGY VENTURE FUND" | QUERIES: ["GUJARAT BIOTECHNOLOGY VENTURE FUND" official website] | CANDIDATES: [] | SELECTED: "" | CONFIDENCE: FAILED | TIME: 1576ms | REASON: Resolved via self-search
[2026-08-02T05:33:14.427Z] COMPANY: "KSHITIJ VENTURE FUND" | QUERIES: ["KSHITIJ VENTURE FUND" official website] | CANDIDATES: [] | SELECTED: "" | CONFIDENCE: FAILED | TIME: 1581ms | REASON: Resolved via self-search
[2026-08-02T05:33:16.106Z] COMPANY: "INDIA PROPERTY FUND" | QUERIES: ["INDIA PROPERTY FUND" official website] | CANDIDATES: [] | SELECTED: "" | CONFIDENCE: FAILED | TIME: 1679ms | REASON: Resolved via self-search
[2026-08-02T05:33:17.768Z] COMPANY: "India Advantage Fund III" | QUERIES: ["India Advantage Fund III" official website] | CANDIDATES: [] | SELECTED: "" | CONFIDENCE: FAILED | TIME: 1662ms | REASON: Resolved via self-search
[2026-08-02T05:33:19.437Z] COMPANY: "IDFC INFRASTRUCTURE FUND 2" | QUERIES: ["IDFC INFRASTRUCTURE FUND 2" official website] | CANDIDATES: [] | SELECTED: "" | CONFIDENCE: FAILED | TIME: 1668ms | REASON: Resolved via self-search
[2026-08-02T05:33:21.021Z] COMPANY: "RELIANCE INDIA POWER FUND" | QUERIES: ["RELIANCE INDIA POWER FUND" official website] | CANDIDATES: [] | SELECTED: "" | CONFIDENCE: FAILED | TIME: 1584ms | REASON: Resolved via self-search
[2026-08-02T05:33:22.615Z] COMPANY: "Solitaire Capital India" | QUERIES: ["Solitaire Capital India" official website] | CANDIDATES: [] | SELECTED: "" | CONFIDENCE: FAILED | TIME: 1593ms | REASON: Resolved via self-search
[2026-08-02T05:33:24.205Z] COMPANY: "ANAND RATHI REALTY FUND" | QUERIES: ["ANAND RATHI REALTY FUND" official website] | CANDIDATES: [] | SELECTED: "" | CONFIDENCE: FAILED | TIME: 1590ms | REASON: Resolved via self-search
[2026-08-02T05:33:25.798Z] COMPANY: "SREI VENTURE CAPITAL TRUST" | QUERIES: ["SREI VENTURE CAPITAL TRUST" official website] | CANDIDATES: [] | SELECTED: "" | CONFIDENCE: FAILED | TIME: 1593ms | REASON: Resolved via self-search
[2026-08-02T05:33:27.388Z] COMPANY: "India Advantage Fund IV" | QUERIES: ["India Advantage Fund IV" official website] | CANDIDATES: [] | SELECTED: "" | CONFIDENCE: FAILED | TIME: 1590ms | REASON: Resolved via self-search
[2026-08-02T05:33:28.964Z] COMPANY: "MILESTONE REAL ESTATE FUND (FORMERLY KNOWN AS INDIAN REAL OPPORTUNITY VENTURE CAPITAL FUND)" | QUERIES: ["MILESTONE REAL ESTATE FUND (FORMERLY KNOWN AS INDIAN REAL OPPORTUNITY VENTURE CAPITAL FUND)" official website] | CANDIDATES: [] | SELECTED: "" | CONFIDENCE: FAILED | TIME: 1576ms | REASON: Resolved via self-search
[2026-08-02T05:33:29.578Z] COMPANY: "VENTUREEAST TELNET INDIA FUND" | QUERIES: ["VENTUREEAST TELNET INDIA FUND" official website] | CANDIDATES: [] | SELECTED: "" | CONFIDENCE: FAILED | TIME: 1ms | REASON: Resolved via self-search
[2026-08-02T05:33:29.581Z] COMPANY: "GUJARAT INFORMATION TECHNOLOGY FUND" | QUERIES: ["GUJARAT INFORMATION TECHNOLOGY FUND" official website] | CANDIDATES: [] | SELECTED: "" | CONFIDENCE: FAILED | TIME: 0ms | REASON: Resolved via self-search
[2026-08-02T05:33:29.582Z] COMPANY: "Kerala Venture Capital Fund" | QUERIES: ["Kerala Venture Capital Fund" official website] | CANDIDATES: [] | SELECTED: "" | CONFIDENCE: FAILED | TIME: 1ms | REASON: Resolved via self-search
[2026-08-02T05:33:29.582Z] COMPANY: "West Bengal VCF" | QUERIES: ["West Bengal VCF" official website] | CANDIDATES: [] | SELECTED: "" | CONFIDENCE: FAILED | TIME: 0ms | REASON: Resolved via self-search
[2026-08-02T05:33:29.583Z] COMPANY: "ILABS VENTURE CAPITAL FUND" | QUERIES: ["ILABS VENTURE CAPITAL FUND" official website] | CANDIDATES: [] | SELECTED: "" | CONFIDENCE: FAILED | TIME: 0ms | REASON: Resolved via self-search
[2026-08-02T05:33:29.583Z] COMPANY: "Dunn Carr Management and Research India Private Limited" | QUERIES: ["Dunn Carr Management and Research India Private Limited" official website] | CANDIDATES: [] | SELECTED: "" | CONFIDENCE: FAILED | TIME: 0ms | REASON: Resolved via self-search
[2026-08-02T05:33:29.583Z] COMPANY: "HIVE FUND" | QUERIES: ["HIVE FUND" official website] | CANDIDATES: [] | SELECTED: "" | CONFIDENCE: FAILED | TIME: 0ms | REASON: Resolved via self-search
[2026-08-02T05:33:29.584Z] COMPANY: "GUJARAT VENTURE CAPITAL FUND 1995" | QUERIES: ["GUJARAT VENTURE CAPITAL FUND 1995" official website] | CANDIDATES: [] | SELECTED: "" | CONFIDENCE: FAILED | TIME: 0ms | REASON: Resolved via self-search
[2026-08-02T05:33:29.584Z] COMPANY: "Marigold Mezzanine Investment Fund" | QUERIES: ["Marigold Mezzanine Investment Fund" official website] | CANDIDATES: [] | SELECTED: "" | CONFIDENCE: FAILED | TIME: 0ms | REASON: Resolved via self-search
[2026-08-02T05:33:29.584Z] COMPANY: "Industrial Venture Capital Limited" | QUERIES: ["Industrial Venture Capital Limited" official website] | CANDIDATES: [] | SELECTED: "" | CONFIDENCE: FAILED | TIME: 0ms | REASON: Resolved via self-search
[2026-08-02T05:33:29.585Z] COMPANY: "APIDC" | QUERIES: ["APIDC" official website] | CANDIDATES: [] | SELECTED: "" | CONFIDENCE: FAILED | TIME: 0ms | REASON: Resolved via self-search
[2026-08-02T05:33:29.585Z] COMPANY: "SICOM VENTURE CAPITAL FUND" | QUERIES: ["SICOM VENTURE CAPITAL FUND" official website] | CANDIDATES: [] | SELECTED: "" | CONFIDENCE: FAILED | TIME: 0ms | REASON: Resolved via self-search
[2026-08-02T05:33:29.586Z] COMPANY: "PUNJAB INFOTECH VENTURE FUND" | QUERIES: ["PUNJAB INFOTECH VENTURE FUND" official website] | CANDIDATES: [] | SELECTED: "" | CONFIDENCE: FAILED | TIME: 0ms | REASON: Resolved via self-search
[2026-08-02T05:33:29.586Z] COMPANY: "NATIONAL VENTURE FUND FOR SOFTWARE AND IT INDUSTRY" | QUERIES: ["NATIONAL VENTURE FUND FOR SOFTWARE AND IT INDUSTRY" official website] | CANDIDATES: [] | SELECTED: "" | CONFIDENCE: FAILED | TIME: 0ms | REASON: Resolved via self-search
[2026-08-02T05:33:29.586Z] COMPANY: "Gujarat VCF - 1990" | QUERIES: ["Gujarat VCF - 1990" official website] | CANDIDATES: [] | SELECTED: "" | CONFIDENCE: FAILED | TIME: 0ms | REASON: Resolved via self-search
[2026-08-02T05:33:29.587Z] COMPANY: "UTI - India Technology Venture unit scheme" | QUERIES: ["UTI - India Technology Venture unit scheme" official website] | CANDIDATES: [] | SELECTED: "" | CONFIDENCE: FAILED | TIME: 0ms | REASON: Resolved via self-search
[2026-08-02T05:33:29.587Z] COMPANY: "KSK TRUST PRIVATE LIMITED" | QUERIES: ["KSK TRUST PRIVATE LIMITED" official website] | CANDIDATES: [] | SELECTED: "" | CONFIDENCE: FAILED | TIME: 0ms | REASON: Resolved via self-search
[2026-08-02T05:33:29.587Z] COMPANY: "Rajasthan Venture Capital Fund" | QUERIES: ["Rajasthan Venture Capital Fund" official website] | CANDIDATES: [] | SELECTED: "" | CONFIDENCE: FAILED | TIME: 0ms | REASON: Resolved via self-search
[2026-08-02T05:33:29.587Z] COMPANY: "SREI VENTURE CAPITAL LIMITED" | QUERIES: ["SREI VENTURE CAPITAL LIMITED" official website] | CANDIDATES: [] | SELECTED: "" | CONFIDENCE: FAILED | TIME: 0ms | REASON: Resolved via self-search
[2026-08-02T05:33:29.588Z] COMPANY: "Emerging Sectors Trust" | QUERIES: ["Emerging Sectors Trust" official website] | CANDIDATES: [] | SELECTED: "" | CONFIDENCE: FAILED | TIME: 0ms | REASON: Resolved via self-search
[2026-08-02T05:33:29.588Z] COMPANY: "OPULANT VENTURE CAPITAL TRUST" | QUERIES: ["OPULANT VENTURE CAPITAL TRUST" official website] | CANDIDATES: [] | SELECTED: "" | CONFIDENCE: FAILED | TIME: 0ms | REASON: Resolved via self-search
[2026-08-02T05:33:29.588Z] COMPANY: "India Advantage Fund I" | QUERIES: ["India Advantage Fund I" official website] | CANDIDATES: [] | SELECTED: "" | CONFIDENCE: FAILED | TIME: 0ms | REASON: Resolved via self-search
[2026-08-02T05:33:29.589Z] COMPANY: "THE TECHNOLOGY VENTURE FUND" | QUERIES: ["THE TECHNOLOGY VENTURE FUND" official website] | CANDIDATES: [] | SELECTED: "" | CONFIDENCE: FAILED | TIME: 0ms | REASON: Resolved via self-search
[2026-08-02T05:33:29.589Z] COMPANY: "VENTUREEAST TELNET INDIA FUND" | QUERIES: ["VENTUREEAST TELNET INDIA FUND" official website] | CANDIDATES: [] | SELECTED: "" | CONFIDENCE: FAILED | TIME: 0ms | REASON: Resolved via self-search
[2026-08-02T05:33:29.589Z] COMPANY: "FIRE CAPITAL FUND" | QUERIES: ["FIRE CAPITAL FUND" official website] | CANDIDATES: [] | SELECTED: "" | CONFIDENCE: FAILED | TIME: 0ms | REASON: Resolved via self-search
[2026-08-02T05:33:29.590Z] COMPANY: "IL&FS PRIVATE EQUITY TRUST" | QUERIES: ["IL&FS PRIVATE EQUITY TRUST" official website] | CANDIDATES: [] | SELECTED: "" | CONFIDENCE: FAILED | TIME: 0ms | REASON: Resolved via self-search
[2026-08-02T05:33:29.590Z] COMPANY: "SPICE CAPITAL FUND" | QUERIES: ["SPICE CAPITAL FUND" official website] | CANDIDATES: [] | SELECTED: "" | CONFIDENCE: FAILED | TIME: 0ms | REASON: Resolved via self-search
[2026-08-02T05:33:29.590Z] COMPANY: "HDFC Property Fund" | QUERIES: ["HDFC Property Fund" official website] | CANDIDATES: [] | SELECTED: "" | CONFIDENCE: FAILED | TIME: 0ms | REASON: Resolved via self-search
[2026-08-02T05:33:29.590Z] COMPANY: "EUREKA VENTURE FUND" | QUERIES: ["EUREKA VENTURE FUND" official website] | CANDIDATES: [] | SELECTED: "" | CONFIDENCE: FAILED | TIME: 0ms | REASON: Resolved via self-search
[2026-08-02T05:33:29.591Z] COMPANY: "KOTAK SEAF INDIA FUND" | QUERIES: ["KOTAK SEAF INDIA FUND" official website] | CANDIDATES: [] | SELECTED: "" | CONFIDENCE: FAILED | TIME: 0ms | REASON: Resolved via self-search
[2026-08-02T05:33:29.591Z] COMPANY: "GUJARAT BIOTECHNOLOGY VENTURE FUND" | QUERIES: ["GUJARAT BIOTECHNOLOGY VENTURE FUND" official website] | CANDIDATES: [] | SELECTED: "" | CONFIDENCE: FAILED | TIME: 0ms | REASON: Resolved via self-search
[2026-08-02T05:33:29.591Z] COMPANY: "KSHITIJ VENTURE FUND" | QUERIES: ["KSHITIJ VENTURE FUND" official website] | CANDIDATES: [] | SELECTED: "" | CONFIDENCE: FAILED | TIME: 0ms | REASON: Resolved via self-search
[2026-08-02T05:33:29.591Z] COMPANY: "INDIA PROPERTY FUND" | QUERIES: ["INDIA PROPERTY FUND" official website] | CANDIDATES: [] | SELECTED: "" | CONFIDENCE: FAILED | TIME: 0ms | REASON: Resolved via self-search
[2026-08-02T05:33:29.592Z] COMPANY: "India Advantage Fund III" | QUERIES: ["India Advantage Fund III" official website] | CANDIDATES: [] | SELECTED: "" | CONFIDENCE: FAILED | TIME: 0ms | REASON: Resolved via self-search
[2026-08-02T05:33:29.592Z] COMPANY: "IDFC INFRASTRUCTURE FUND 2" | QUERIES: ["IDFC INFRASTRUCTURE FUND 2" official website] | CANDIDATES: [] | SELECTED: "" | CONFIDENCE: FAILED | TIME: 0ms | REASON: Resolved via self-search
[2026-08-02T05:33:29.592Z] COMPANY: "RELIANCE INDIA POWER FUND" | QUERIES: ["RELIANCE INDIA POWER FUND" official website] | CANDIDATES: [] | SELECTED: "" | CONFIDENCE: FAILED | TIME: 0ms | REASON: Resolved via self-search
[2026-08-02T05:33:29.593Z] COMPANY: "Solitaire Capital India" | QUERIES: ["Solitaire Capital India" official website] | CANDIDATES: [] | SELECTED: "" | CONFIDENCE: FAILED | TIME: 0ms | REASON: Resolved via self-search
[2026-08-02T05:33:29.593Z] COMPANY: "ANAND RATHI REALTY FUND" | QUERIES: ["ANAND RATHI REALTY FUND" official website] | CANDIDATES: [] | SELECTED: "" | CONFIDENCE: FAILED | TIME: 0ms | REASON: Resolved via self-search
[2026-08-02T05:33:29.593Z] COMPANY: "SREI VENTURE CAPITAL TRUST" | QUERIES: ["SREI VENTURE CAPITAL TRUST" official website] | CANDIDATES: [] | SELECTED: "" | CONFIDENCE: FAILED | TIME: 0ms | REASON: Resolved via self-search
[2026-08-02T05:33:29.594Z] COMPANY: "India Advantage Fund IV" | QUERIES: ["India Advantage Fund IV" official website] | CANDIDATES: [] | SELECTED: "" | CONFIDENCE: FAILED | TIME: 0ms | REASON: Resolved via self-search
[2026-08-02T05:33:29.595Z] COMPANY: "MILESTONE REAL ESTATE FUND (FORMERLY KNOWN AS INDIAN REAL OPPORTUNITY VENTURE CAPITAL FUND)" | QUERIES: ["MILESTONE REAL ESTATE FUND (FORMERLY KNOWN AS INDIAN REAL OPPORTUNITY VENTURE CAPITAL FUND)" official website] | CANDIDATES: [] | SELECTED: "" | CONFIDENCE: FAILED | TIME: 1ms | REASON: Resolved via self-search
[2026-08-02T05:33:30.552Z] COMPANY: "DHFL VETURE CAPITAL FUND" | QUERIES: ["DHFL VETURE CAPITAL FUND" official website] | CANDIDATES: [] | SELECTED: "" | CONFIDENCE: FAILED | TIME: 1588ms | REASON: Resolved via self-search
[2026-08-02T05:33:31.225Z] COMPANY: "DHFL VETURE CAPITAL FUND" | QUERIES: ["DHFL VETURE CAPITAL FUND" official website] | CANDIDATES: [] | SELECTED: "" | CONFIDENCE: FAILED | TIME: 1630ms | REASON: Resolved via self-search
[2026-08-02T05:33:32.144Z] COMPANY: "INDIAREIT FUND" | QUERIES: ["INDIAREIT FUND" official website] | CANDIDATES: [] | SELECTED: "" | CONFIDENCE: FAILED | TIME: 1591ms | REASON: Resolved via self-search
[2026-08-02T05:33:32.803Z] COMPANY: "INDIAREIT FUND" | QUERIES: ["INDIAREIT FUND" official website] | CANDIDATES: [] | SELECTED: "" | CONFIDENCE: FAILED | TIME: 1577ms | REASON: Resolved via self-search
[2026-08-02T05:33:33.715Z] COMPANY: "INDIA ADVANTAGE FUND V" | QUERIES: ["INDIA ADVANTAGE FUND V" official website] | CANDIDATES: [] | SELECTED: "" | CONFIDENCE: FAILED | TIME: 1571ms | REASON: Resolved via self-search
[2026-08-02T05:33:34.377Z] COMPANY: "INDIA ADVANTAGE FUND V" | QUERIES: ["INDIA ADVANTAGE FUND V" official website] | CANDIDATES: [] | SELECTED: "" | CONFIDENCE: FAILED | TIME: 1574ms | REASON: Resolved via self-search
[2026-08-02T05:33:35.299Z] COMPANY: "India Realty Venture capital Fund" | QUERIES: ["India Realty Venture capital Fund" official website] | CANDIDATES: [] | SELECTED: "" | CONFIDENCE: FAILED | TIME: 1583ms | REASON: Resolved via self-search
[2026-08-02T05:33:35.960Z] COMPANY: "India Realty Venture capital Fund" | QUERIES: ["India Realty Venture capital Fund" official website] | CANDIDATES: [] | SELECTED: "" | CONFIDENCE: FAILED | TIME: 1582ms | REASON: Resolved via self-search
[2026-08-02T05:33:36.872Z] COMPANY: "VOLRADO VENTURE PARTNERS" | QUERIES: ["VOLRADO VENTURE PARTNERS" official website] | CANDIDATES: [] | SELECTED: "" | CONFIDENCE: FAILED | TIME: 1573ms | REASON: Resolved via self-search
[2026-08-02T05:33:37.539Z] COMPANY: "VOLRADO VENTURE PARTNERS" | QUERIES: ["VOLRADO VENTURE PARTNERS" official website] | CANDIDATES: [] | SELECTED: "" | CONFIDENCE: FAILED | TIME: 1579ms | REASON: Resolved via self-search
[2026-08-02T05:33:38.461Z] COMPANY: "CIG REALTY FUND" | QUERIES: ["CIG REALTY FUND" official website] | CANDIDATES: [] | SELECTED: "" | CONFIDENCE: FAILED | TIME: 1589ms | REASON: Resolved via self-search
[2026-08-02T05:33:39.119Z] COMPANY: "CIG REALTY FUND" | QUERIES: ["CIG REALTY FUND" official website] | CANDIDATES: [] | SELECTED: "" | CONFIDENCE: FAILED | TIME: 1579ms | REASON: Resolved via self-search
[2026-08-02T05:33:40.049Z] COMPANY: "AUREOS INDIA FUND" | QUERIES: ["AUREOS INDIA FUND" official website] | CANDIDATES: [] | SELECTED: "" | CONFIDENCE: FAILED | TIME: 1588ms | REASON: Resolved via self-search
[2026-08-02T05:33:40.690Z] COMPANY: "AUREOS INDIA FUND" | QUERIES: ["AUREOS INDIA FUND" official website] | CANDIDATES: [] | SELECTED: "" | CONFIDENCE: FAILED | TIME: 1571ms | REASON: Resolved via self-search
[2026-08-02T05:33:41.635Z] COMPANY: "RELIANCE ALTERNATIVE INVESTMENTS FUNDS (FORMERLY KNOWN AS RELIANCE VENTURE CAPITAL FUND)" | QUERIES: ["RELIANCE ALTERNATIVE INVESTMENTS FUNDS (FORMERLY KNOWN AS RELIANCE VENTURE CAPITAL FUND)" official website] | CANDIDATES: [] | SELECTED: "" | CONFIDENCE: FAILED | TIME: 1586ms | REASON: Resolved via self-search
[2026-08-02T05:33:42.268Z] COMPANY: "RELIANCE ALTERNATIVE INVESTMENTS FUNDS (FORMERLY KNOWN AS RELIANCE VENTURE CAPITAL FUND)" | QUERIES: ["RELIANCE ALTERNATIVE INVESTMENTS FUNDS (FORMERLY KNOWN AS RELIANCE VENTURE CAPITAL FUND)" official website] | CANDIDATES: [] | SELECTED: "" | CONFIDENCE: FAILED | TIME: 1578ms | REASON: Resolved via self-search
[2026-08-02T05:33:43.213Z] COMPANY: "Nilanchal Capitals Pvt Ltd" | QUERIES: ["Nilanchal Capitals Pvt Ltd" official website] | CANDIDATES: [] | SELECTED: "" | CONFIDENCE: FAILED | TIME: 1578ms | REASON: Resolved via self-search
[2026-08-02T05:33:43.839Z] COMPANY: "Nilanchal Capitals Pvt Ltd" | QUERIES: ["Nilanchal Capitals Pvt Ltd" official website] | CANDIDATES: [] | SELECTED: "" | CONFIDENCE: FAILED | TIME: 1570ms | REASON: Resolved via self-search
[2026-08-02T05:33:44.795Z] COMPANY: "BTS INDIA PRIVATE EQUITY FUND LIMITED" | QUERIES: ["BTS INDIA PRIVATE EQUITY FUND LIMITED" official website] | CANDIDATES: [] | SELECTED: "" | CONFIDENCE: FAILED | TIME: 1582ms | REASON: Resolved via self-search
[2026-08-02T05:33:45.409Z] COMPANY: "BTS INDIA PRIVATE EQUITY FUND LIMITED" | QUERIES: ["BTS INDIA PRIVATE EQUITY FUND LIMITED" official website] | CANDIDATES: [] | SELECTED: "" | CONFIDENCE: FAILED | TIME: 1570ms | REASON: Resolved via self-search
[2026-08-02T05:33:46.382Z] COMPANY: "Quest India Fund" | QUERIES: ["Quest India Fund" official website] | CANDIDATES: [] | SELECTED: "" | CONFIDENCE: FAILED | TIME: 1587ms | REASON: Resolved via self-search
[2026-08-02T05:33:46.982Z] COMPANY: "Quest India Fund" | QUERIES: ["Quest India Fund" official website] | CANDIDATES: [] | SELECTED: "" | CONFIDENCE: FAILED | TIME: 1573ms | REASON: Resolved via self-search
[2026-08-02T05:33:47.960Z] COMPANY: "LANDMARK REAL ESTATE FUND - I" | QUERIES: ["LANDMARK REAL ESTATE FUND - I" official website] | CANDIDATES: [] | SELECTED: "" | CONFIDENCE: FAILED | TIME: 1577ms | REASON: Resolved via self-search
[2026-08-02T05:33:48.553Z] COMPANY: "LANDMARK REAL ESTATE FUND - I" | QUERIES: ["LANDMARK REAL ESTATE FUND - I" official website] | CANDIDATES: [] | SELECTED: "" | CONFIDENCE: FAILED | TIME: 1571ms | REASON: Resolved via self-search
[2026-08-02T05:33:49.533Z] COMPANY: "PENINSULA REALTY FUND" | QUERIES: ["PENINSULA REALTY FUND" official website] | CANDIDATES: [] | SELECTED: "" | CONFIDENCE: FAILED | TIME: 1573ms | REASON: Resolved via self-search
[2026-08-02T05:33:50.128Z] COMPANY: "PENINSULA REALTY FUND" | QUERIES: ["PENINSULA REALTY FUND" official website] | CANDIDATES: [] | SELECTED: "" | CONFIDENCE: FAILED | TIME: 1575ms | REASON: Resolved via self-search
[2026-08-02T05:33:51.109Z] COMPANY: "REALTY INDIA TRUST" | QUERIES: ["REALTY INDIA TRUST" official website] | CANDIDATES: [] | SELECTED: "" | CONFIDENCE: FAILED | TIME: 1576ms | REASON: Resolved via self-search
[2026-08-02T05:33:51.706Z] COMPANY: "REALTY INDIA TRUST" | QUERIES: ["REALTY INDIA TRUST" official website] | CANDIDATES: [] | SELECTED: "" | CONFIDENCE: FAILED | TIME: 1578ms | REASON: Resolved via self-search
[2026-08-02T05:33:52.696Z] COMPANY: "THE INDIA SEED INVESTMENT TRUST" | QUERIES: ["THE INDIA SEED INVESTMENT TRUST" official website] | CANDIDATES: [] | SELECTED: "" | CONFIDENCE: FAILED | TIME: 1586ms | REASON: Resolved via self-search
[2026-08-02T05:33:53.308Z] COMPANY: "THE INDIA SEED INVESTMENT TRUST" | QUERIES: ["THE INDIA SEED INVESTMENT TRUST" official website] | CANDIDATES: [] | SELECTED: "" | CONFIDENCE: FAILED | TIME: 1602ms | REASON: Resolved via self-search
[2026-08-02T05:33:54.274Z] COMPANY: "JM FINANCIAL INDIA FUND" | QUERIES: ["JM FINANCIAL INDIA FUND" official website] | CANDIDATES: [] | SELECTED: "" | CONFIDENCE: FAILED | TIME: 1577ms | REASON: Resolved via self-search
[2026-08-02T05:33:54.884Z] COMPANY: "JM FINANCIAL INDIA FUND" | QUERIES: ["JM FINANCIAL INDIA FUND" official website] | CANDIDATES: [] | SELECTED: "" | CONFIDENCE: FAILED | TIME: 1575ms | REASON: Resolved via self-search
[2026-08-02T05:33:55.853Z] COMPANY: "JM FINANCIAL PROPERTY FUND" | QUERIES: ["JM FINANCIAL PROPERTY FUND" official website] | CANDIDATES: [] | SELECTED: "" | CONFIDENCE: FAILED | TIME: 1578ms | REASON: Resolved via self-search
[2026-08-02T05:33:56.460Z] COMPANY: "JM FINANCIAL PROPERTY FUND" | QUERIES: ["JM FINANCIAL PROPERTY FUND" official website] | CANDIDATES: [] | SELECTED: "" | CONFIDENCE: FAILED | TIME: 1576ms | REASON: Resolved via self-search
[2026-08-02T05:33:57.430Z] COMPANY: "TERRAFIRMA REALTY FUND" | QUERIES: ["TERRAFIRMA REALTY FUND" official website] | CANDIDATES: [] | SELECTED: "" | CONFIDENCE: FAILED | TIME: 1576ms | REASON: Resolved via self-search
[2026-08-02T05:33:58.030Z] COMPANY: "TERRAFIRMA REALTY FUND" | QUERIES: ["TERRAFIRMA REALTY FUND" official website] | CANDIDATES: [] | SELECTED: "" | CONFIDENCE: FAILED | TIME: 1569ms | REASON: Resolved via self-search
[2026-08-02T05:33:58.183Z] COMPANY: "ADHARSHILA VENTURE CAPITAL FUND" | QUERIES: ["ADHARSHILA VENTURE CAPITAL FUND" official website] | CANDIDATES: [] | SELECTED: "" | CONFIDENCE: FAILED | TIME: 753ms | REASON: Resolved via self-search
[2026-08-02T05:34:06.174Z] COMPANY: "ADHARSHILA VENTURE CAPITAL FUND" | QUERIES: ["ADHARSHILA VENTURE CAPITAL FUND" official website] | CANDIDATES: [] | SELECTED: "" | CONFIDENCE: FAILED | TIME: 8143ms | REASON: Resolved via self-search
[2026-08-02T05:34:22.185Z] COMPANY: "NAGARJUNA VENTURE CAPITAL FUND" | QUERIES: ["NAGARJUNA VENTURE CAPITAL FUND" official website] | CANDIDATES: [] | SELECTED: "" | CONFIDENCE: FAILED | TIME: 24002ms | REASON: Resolved via self-search
[2026-08-02T05:34:30.176Z] COMPANY: "NAGARJUNA VENTURE CAPITAL FUND" | QUERIES: ["NAGARJUNA VENTURE CAPITAL FUND" official website] | CANDIDATES: [] | SELECTED: "" | CONFIDENCE: FAILED | TIME: 24002ms | REASON: Resolved via self-search
[2026-08-02T05:34:46.188Z] COMPANY: "GVFL VENTURE CAPITAL FUND" | QUERIES: ["GVFL VENTURE CAPITAL FUND" official website] | CANDIDATES: [] | SELECTED: "" | CONFIDENCE: FAILED | TIME: 24003ms | REASON: Resolved via self-search
[2026-08-02T05:34:54.178Z] COMPANY: "GVFL VENTURE CAPITAL FUND" | QUERIES: ["GVFL VENTURE CAPITAL FUND" official website] | CANDIDATES: [] | SELECTED: "" | CONFIDENCE: FAILED | TIME: 24001ms | REASON: Resolved via self-search
[2026-08-02T05:35:10.190Z] COMPANY: "GROWTH PLUS REAL ESTATE FUND" | QUERIES: ["GROWTH PLUS REAL ESTATE FUND" official website] | CANDIDATES: [] | SELECTED: "" | CONFIDENCE: FAILED | TIME: 24002ms | REASON: Resolved via self-search
[2026-08-02T05:35:18.180Z] COMPANY: "GROWTH PLUS REAL ESTATE FUND" | QUERIES: ["GROWTH PLUS REAL ESTATE FUND" official website] | CANDIDATES: [] | SELECTED: "" | CONFIDENCE: FAILED | TIME: 24002ms | REASON: Resolved via self-search
[2026-08-02T05:35:34.192Z] COMPANY: "KOTAK INDIA VENTURE FUND I" | QUERIES: ["KOTAK INDIA VENTURE FUND I" official website] | CANDIDATES: [] | SELECTED: "" | CONFIDENCE: FAILED | TIME: 24001ms | REASON: Resolved via self-search
[2026-08-02T05:35:42.182Z] COMPANY: "KOTAK INDIA VENTURE FUND I" | QUERIES: ["KOTAK INDIA VENTURE FUND I" official website] | CANDIDATES: [] | SELECTED: "" | CONFIDENCE: FAILED | TIME: 24001ms | REASON: Resolved via self-search
[2026-08-02T05:35:58.193Z] COMPANY: "True North Fund III-A" | QUERIES: ["True North Fund III-A" official website] | CANDIDATES: [] | SELECTED: "" | CONFIDENCE: FAILED | TIME: 24001ms | REASON: Resolved via self-search
[2026-08-02T05:36:06.183Z] COMPANY: "True North Fund III-A" | QUERIES: ["True North Fund III-A" official website] | CANDIDATES: [] | SELECTED: "" | CONFIDENCE: FAILED | TIME: 24001ms | REASON: Resolved via self-search
[2026-08-02T05:36:22.197Z] COMPANY: "INDIA RIZING FUND" | QUERIES: ["INDIA RIZING FUND" official website] | CANDIDATES: [] | SELECTED: "" | CONFIDENCE: FAILED | TIME: 24003ms | REASON: Resolved via self-search
[2026-08-02T05:36:30.184Z] COMPANY: "INDIA RIZING FUND" | QUERIES: ["INDIA RIZING FUND" official website] | CANDIDATES: [] | SELECTED: "" | CONFIDENCE: FAILED | TIME: 24001ms | REASON: Resolved via self-search
[2026-08-02T05:36:46.199Z] COMPANY: "GAJA CAPITAL INDIA FUND I" | QUERIES: ["GAJA CAPITAL INDIA FUND I" official website] | CANDIDATES: [] | SELECTED: "" | CONFIDENCE: FAILED | TIME: 24002ms | REASON: Resolved via self-search
[2026-08-02T05:36:54.188Z] COMPANY: "GAJA CAPITAL INDIA FUND I" | QUERIES: ["GAJA CAPITAL INDIA FUND I" official website] | CANDIDATES: [] | SELECTED: "" | CONFIDENCE: FAILED | TIME: 24003ms | REASON: Resolved via self-search
[2026-08-02T05:37:10.201Z] COMPANY: "Wallford India Infrastructure & Realty Fund" | QUERIES: ["Wallford India Infrastructure & Realty Fund" official website] | CANDIDATES: [] | SELECTED: "" | CONFIDENCE: FAILED | TIME: 24002ms | REASON: Resolved via self-search
[2026-08-02T05:37:18.190Z] COMPANY: "Wallford India Infrastructure & Realty Fund" | QUERIES: ["Wallford India Infrastructure & Realty Fund" official website] | CANDIDATES: [] | SELECTED: "" | CONFIDENCE: FAILED | TIME: 24002ms | REASON: Resolved via self-search
[2026-08-02T05:37:34.203Z] COMPANY: "RED FORT INDIA REALTY FUND" | QUERIES: ["RED FORT INDIA REALTY FUND" official website] | CANDIDATES: [] | SELECTED: "" | CONFIDENCE: FAILED | TIME: 24001ms | REASON: Resolved via self-search
[2026-08-02T05:37:42.193Z] COMPANY: "RED FORT INDIA REALTY FUND" | QUERIES: ["RED FORT INDIA REALTY FUND" official website] | CANDIDATES: [] | SELECTED: "" | CONFIDENCE: FAILED | TIME: 24003ms | REASON: Resolved via self-search
[2026-08-02T05:37:58.206Z] COMPANY: "MILESTONE PRIVATE EQUITY FUND" | QUERIES: ["MILESTONE PRIVATE EQUITY FUND" official website] | CANDIDATES: [] | SELECTED: "" | CONFIDENCE: FAILED | TIME: 24003ms | REASON: Resolved via self-search
[2026-08-02T05:38:06.195Z] COMPANY: "MILESTONE PRIVATE EQUITY FUND" | QUERIES: ["MILESTONE PRIVATE EQUITY FUND" official website] | CANDIDATES: [] | SELECTED: "" | CONFIDENCE: FAILED | TIME: 24002ms | REASON: Resolved via self-search
[2026-08-02T05:38:22.210Z] COMPANY: "TARA INDIA FUND III TRUST" | QUERIES: ["TARA INDIA FUND III TRUST" official website] | CANDIDATES: [] | SELECTED: "" | CONFIDENCE: FAILED | TIME: 24004ms | REASON: Resolved via self-search
[2026-08-02T05:38:30.198Z] COMPANY: "TARA INDIA FUND III TRUST" | QUERIES: ["TARA INDIA FUND III TRUST" official website] | CANDIDATES: [] | SELECTED: "" | CONFIDENCE: FAILED | TIME: 24003ms | REASON: Resolved via self-search
[2026-08-02T05:38:46.212Z] COMPANY: "India Infrastructure Fund" | QUERIES: ["India Infrastructure Fund" official website] | CANDIDATES: [] | SELECTED: "" | CONFIDENCE: FAILED | TIME: 24002ms | REASON: Resolved via self-search
[2026-08-02T05:38:54.201Z] COMPANY: "India Infrastructure Fund" | QUERIES: ["India Infrastructure Fund" official website] | CANDIDATES: [] | SELECTED: "" | CONFIDENCE: FAILED | TIME: 24003ms | REASON: Resolved via self-search
[2026-08-02T05:39:10.213Z] COMPANY: "INDIA ADVANTAGE FUND Series 3I" | QUERIES: ["INDIA ADVANTAGE FUND Series 3I" official website] | CANDIDATES: [] | SELECTED: "" | CONFIDENCE: FAILED | TIME: 24001ms | REASON: Resolved via self-search
[2026-08-02T05:39:18.202Z] COMPANY: "INDIA ADVANTAGE FUND Series 3I" | QUERIES: ["INDIA ADVANTAGE FUND Series 3I" official website] | CANDIDATES: [] | SELECTED: "" | CONFIDENCE: FAILED | TIME: 24000ms | REASON: Resolved via self-search
[2026-08-02T05:39:34.214Z] COMPANY: "KOTAK INDIA GROWTH FUND II" | QUERIES: ["KOTAK INDIA GROWTH FUND II" official website] | CANDIDATES: [] | SELECTED: "" | CONFIDENCE: FAILED | TIME: 24001ms | REASON: Resolved via self-search
[2026-08-02T05:39:42.206Z] COMPANY: "KOTAK INDIA GROWTH FUND II" | QUERIES: ["KOTAK INDIA GROWTH FUND II" official website] | CANDIDATES: [] | SELECTED: "" | CONFIDENCE: FAILED | TIME: 24003ms | REASON: Resolved via self-search
[2026-08-02T05:39:58.215Z] COMPANY: "CINEMA CAPITAL VENTURE FUND" | QUERIES: ["CINEMA CAPITAL VENTURE FUND" official website] | CANDIDATES: [] | SELECTED: "" | CONFIDENCE: FAILED | TIME: 24000ms | REASON: Resolved via self-search
[2026-08-02T05:40:06.210Z] COMPANY: "CINEMA CAPITAL VENTURE FUND" | QUERIES: ["CINEMA CAPITAL VENTURE FUND" official website] | CANDIDATES: [] | SELECTED: "" | CONFIDENCE: FAILED | TIME: 24004ms | REASON: Resolved via self-search
[2026-08-02T05:40:22.216Z] COMPANY: "INVESTCORP INFRASTRUCTURE FUND 1" | QUERIES: ["INVESTCORP INFRASTRUCTURE FUND 1" official website] | CANDIDATES: [] | SELECTED: "" | CONFIDENCE: FAILED | TIME: 24000ms | REASON: Resolved via self-search
[2026-08-02T05:40:30.214Z] COMPANY: "INVESTCORP INFRASTRUCTURE FUND 1" | QUERIES: ["INVESTCORP INFRASTRUCTURE FUND 1" official website] | CANDIDATES: [] | SELECTED: "" | CONFIDENCE: FAILED | TIME: 24004ms | REASON: Resolved via self-search
[2026-08-02T05:40:46.217Z] COMPANY: "TARA INDIA FUND III DOMESTIC TRUST" | QUERIES: ["TARA INDIA FUND III DOMESTIC TRUST" official website] | CANDIDATES: [] | SELECTED: "" | CONFIDENCE: FAILED | TIME: 24001ms | REASON: Resolved via self-search
[2026-08-02T05:40:54.216Z] COMPANY: "TARA INDIA FUND III DOMESTIC TRUST" | QUERIES: ["TARA INDIA FUND III DOMESTIC TRUST" official website] | CANDIDATES: [] | SELECTED: "" | CONFIDENCE: FAILED | TIME: 24002ms | REASON: Resolved via self-search
[2026-08-02T05:41:10.219Z] COMPANY: "TVS SHRIRAM GROWTH FUND" | QUERIES: ["TVS SHRIRAM GROWTH FUND" official website] | CANDIDATES: [] | SELECTED: "" | CONFIDENCE: FAILED | TIME: 24001ms | REASON: Resolved via self-search
[2026-08-02T05:41:18.219Z] COMPANY: "TVS SHRIRAM GROWTH FUND" | QUERIES: ["TVS SHRIRAM GROWTH FUND" official website] | CANDIDATES: [] | SELECTED: "" | CONFIDENCE: FAILED | TIME: 24003ms | REASON: Resolved via self-search
[2026-08-02T05:41:34.222Z] COMPANY: "GREEN INDIA VENTURE FUND" | QUERIES: ["GREEN INDIA VENTURE FUND" official website] | CANDIDATES: [] | SELECTED: "" | CONFIDENCE: FAILED | TIME: 24002ms | REASON: Resolved via self-search
[2026-08-02T05:41:42.222Z] COMPANY: "GREEN INDIA VENTURE FUND" | QUERIES: ["GREEN INDIA VENTURE FUND" official website] | CANDIDATES: [] | SELECTED: "" | CONFIDENCE: FAILED | TIME: 24003ms | REASON: Resolved via self-search
[2026-08-02T05:41:58.224Z] COMPANY: "INDIAVENTURE TRUST" | QUERIES: ["INDIAVENTURE TRUST" official website] | CANDIDATES: [] | SELECTED: "" | CONFIDENCE: FAILED | TIME: 24002ms | REASON: Resolved via self-search
[2026-08-02T05:42:06.223Z] COMPANY: "INDIAVENTURE TRUST" | QUERIES: ["INDIAVENTURE TRUST" official website] | CANDIDATES: [] | SELECTED: "" | CONFIDENCE: FAILED | TIME: 24001ms | REASON: Resolved via self-search
[2026-08-02T05:42:22.226Z] COMPANY: "AKRUTI CITY VENTURE CAPITAL FUND" | QUERIES: ["AKRUTI CITY VENTURE CAPITAL FUND" official website] | CANDIDATES: [] | SELECTED: "" | CONFIDENCE: FAILED | TIME: 24001ms | REASON: Resolved via self-search
[2026-08-02T05:42:30.225Z] COMPANY: "AKRUTI CITY VENTURE CAPITAL FUND" | QUERIES: ["AKRUTI CITY VENTURE CAPITAL FUND" official website] | CANDIDATES: [] | SELECTED: "" | CONFIDENCE: FAILED | TIME: 24001ms | REASON: Resolved via self-search
[2026-08-02T05:42:46.228Z] COMPANY: "BYTS GROWTH FUND" | QUERIES: ["BYTS GROWTH FUND" official website] | CANDIDATES: [] | SELECTED: "" | CONFIDENCE: FAILED | TIME: 24001ms | REASON: Resolved via self-search
[2026-08-02T05:42:54.225Z] COMPANY: "BYTS GROWTH FUND" | QUERIES: ["BYTS GROWTH FUND" official website] | CANDIDATES: [] | SELECTED: "" | CONFIDENCE: FAILED | TIME: 24000ms | REASON: Resolved via self-search
[2026-08-02T05:43:10.229Z] COMPANY: "VISTAAR RELIGARE MEDIA FUND" | QUERIES: ["VISTAAR RELIGARE MEDIA FUND" official website] | CANDIDATES: [] | SELECTED: "" | CONFIDENCE: FAILED | TIME: 24001ms | REASON: Resolved via self-search
[2026-08-02T05:43:18.227Z] COMPANY: "VISTAAR RELIGARE MEDIA FUND" | QUERIES: ["VISTAAR RELIGARE MEDIA FUND" official website] | CANDIDATES: [] | SELECTED: "" | CONFIDENCE: FAILED | TIME: 24001ms | REASON: Resolved via self-search
[2026-08-02T05:43:34.231Z] COMPANY: "Forum Synergies India Trust" | QUERIES: ["Forum Synergies India Trust" official website] | CANDIDATES: [] | SELECTED: "" | CONFIDENCE: FAILED | TIME: 24001ms | REASON: Resolved via self-search
[2026-08-02T05:43:42.229Z] COMPANY: "Forum Synergies India Trust" | QUERIES: ["Forum Synergies India Trust" official website] | CANDIDATES: [] | SELECTED: "" | CONFIDENCE: FAILED | TIME: 24002ms | REASON: Resolved via self-search
[2026-08-02T05:43:58.233Z] COMPANY: "Business Excellence Trust" | QUERIES: ["Business Excellence Trust" official website] | CANDIDATES: [] | SELECTED: "" | CONFIDENCE: FAILED | TIME: 24002ms | REASON: Resolved via self-search
[2026-08-02T05:44:06.231Z] COMPANY: "Business Excellence Trust" | QUERIES: ["Business Excellence Trust" official website] | CANDIDATES: [] | SELECTED: "" | CONFIDENCE: FAILED | TIME: 24002ms | REASON: Resolved via self-search
[2026-08-02T05:44:22.236Z] COMPANY: "FELICITAS VENTURE CAPITAL TRUST" | QUERIES: ["FELICITAS VENTURE CAPITAL TRUST" official website] | CANDIDATES: [] | SELECTED: "" | CONFIDENCE: FAILED | TIME: 24003ms | REASON: Resolved via self-search
[2026-08-02T05:44:30.232Z] COMPANY: "FELICITAS VENTURE CAPITAL TRUST" | QUERIES: ["FELICITAS VENTURE CAPITAL TRUST" official website] | CANDIDATES: [] | SELECTED: "" | CONFIDENCE: FAILED | TIME: 24001ms | REASON: Resolved via self-search
[2026-08-02T05:44:46.237Z] COMPANY: "ADITYA BIRLA PRIVATE EQUITY TRUST" | QUERIES: ["ADITYA BIRLA PRIVATE EQUITY TRUST" official website] | CANDIDATES: [] | SELECTED: "" | CONFIDENCE: FAILED | TIME: 24001ms | REASON: Resolved via self-search
[2026-08-02T05:44:54.235Z] COMPANY: "ADITYA BIRLA PRIVATE EQUITY TRUST" | QUERIES: ["ADITYA BIRLA PRIVATE EQUITY TRUST" official website] | CANDIDATES: [] | SELECTED: "" | CONFIDENCE: FAILED | TIME: 24003ms | REASON: Resolved via self-search
[2026-08-02T05:45:10.239Z] COMPANY: "SECURA INDIA REAL ESTATE FUND" | QUERIES: ["SECURA INDIA REAL ESTATE FUND" official website] | CANDIDATES: [] | SELECTED: "" | CONFIDENCE: FAILED | TIME: 24001ms | REASON: Resolved via self-search
[2026-08-02T05:45:18.237Z] COMPANY: "SECURA INDIA REAL ESTATE FUND" | QUERIES: ["SECURA INDIA REAL ESTATE FUND" official website] | CANDIDATES: [] | SELECTED: "" | CONFIDENCE: FAILED | TIME: 24002ms | REASON: Resolved via self-search
[2026-08-02T05:45:34.240Z] COMPANY: "SASHI REDDI  INVESTMENT CAPITAL FUND" | QUERIES: ["SASHI REDDI  INVESTMENT CAPITAL FUND" official website] | CANDIDATES: [] | SELECTED: "" | CONFIDENCE: FAILED | TIME: 24000ms | REASON: Resolved via self-search
[2026-08-02T05:45:42.238Z] COMPANY: "SASHI REDDI  INVESTMENT CAPITAL FUND" | QUERIES: ["SASHI REDDI  INVESTMENT CAPITAL FUND" official website] | CANDIDATES: [] | SELECTED: "" | CONFIDENCE: FAILED | TIME: 24000ms | REASON: Resolved via self-search
[2026-08-02T05:45:58.243Z] COMPANY: "Zephyr Peacock India Master Trust" | QUERIES: ["Zephyr Peacock India Master Trust" official website] | CANDIDATES: [] | SELECTED: "" | CONFIDENCE: FAILED | TIME: 24002ms | REASON: Resolved via self-search
[2026-08-02T05:46:06.243Z] COMPANY: "Zephyr Peacock India Master Trust" | QUERIES: ["Zephyr Peacock India Master Trust" official website] | CANDIDATES: [] | SELECTED: "" | CONFIDENCE: FAILED | TIME: 24004ms | REASON: Resolved via self-search
[2026-08-02T05:46:22.246Z] COMPANY: "IPRO CAPITAL PRIVATE EQUITY TRUST" | QUERIES: ["IPRO CAPITAL PRIVATE EQUITY TRUST" official website] | CANDIDATES: [] | SELECTED: "" | CONFIDENCE: FAILED | TIME: 24003ms | REASON: Resolved via self-search
[2026-08-02T05:46:30.245Z] COMPANY: "IPRO CAPITAL PRIVATE EQUITY TRUST" | QUERIES: ["IPRO CAPITAL PRIVATE EQUITY TRUST" official website] | CANDIDATES: [] | SELECTED: "" | CONFIDENCE: FAILED | TIME: 24002ms | REASON: Resolved via self-search
[2026-08-02T05:46:46.250Z] COMPANY: "INDIA INNOVATION FUND" | QUERIES: ["INDIA INNOVATION FUND" official website] | CANDIDATES: [] | SELECTED: "" | CONFIDENCE: FAILED | TIME: 24004ms | REASON: Resolved via self-search
[2026-08-02T05:46:54.247Z] COMPANY: "INDIA INNOVATION FUND" | QUERIES: ["INDIA INNOVATION FUND" official website] | CANDIDATES: [] | SELECTED: "" | CONFIDENCE: FAILED | TIME: 24002ms | REASON: Resolved via self-search
[2026-08-02T05:47:10.253Z] COMPANY: "MORPHEUS MEDIA FUND" | QUERIES: ["MORPHEUS MEDIA FUND" official website] | CANDIDATES: [] | SELECTED: "" | CONFIDENCE: FAILED | TIME: 24003ms | REASON: Resolved via self-search
[2026-08-02T05:47:18.249Z] COMPANY: "MORPHEUS MEDIA FUND" | QUERIES: ["MORPHEUS MEDIA FUND" official website] | CANDIDATES: [] | SELECTED: "" | CONFIDENCE: FAILED | TIME: 24002ms | REASON: Resolved via self-search
[2026-08-02T05:47:34.256Z] COMPANY: "THE VENTUREAST FUNDS" | QUERIES: ["THE VENTUREAST FUNDS" official website] | CANDIDATES: [] | SELECTED: "" | CONFIDENCE: FAILED | TIME: 24003ms | REASON: Resolved via self-search
[2026-08-02T05:47:42.252Z] COMPANY: "THE VENTUREAST FUNDS" | QUERIES: ["THE VENTUREAST FUNDS" official website] | CANDIDATES: [] | SELECTED: "" | CONFIDENCE: FAILED | TIME: 24003ms | REASON: Resolved via self-search
[2026-08-02T05:47:58.258Z] COMPANY: "SEAF INDIA INVESTMENT TRUST" | QUERIES: ["SEAF INDIA INVESTMENT TRUST" official website] | CANDIDATES: [] | SELECTED: "" | CONFIDENCE: FAILED | TIME: 24002ms | REASON: Resolved via self-search
[2026-08-02T05:48:06.255Z] COMPANY: "SEAF INDIA INVESTMENT TRUST" | QUERIES: ["SEAF INDIA INVESTMENT TRUST" official website] | CANDIDATES: [] | SELECTED: "" | CONFIDENCE: FAILED | TIME: 24003ms | REASON: Resolved via self-search
[2026-08-02T05:48:22.261Z] COMPANY: "NETWORK ENTERPRISE FUND" | QUERIES: ["NETWORK ENTERPRISE FUND" official website] | CANDIDATES: [] | SELECTED: "" | CONFIDENCE: FAILED | TIME: 24002ms | REASON: Resolved via self-search
[2026-08-02T05:48:46.262Z] COMPANY: "IL&FS ORIX Trust" | QUERIES: ["IL&FS ORIX Trust" official website] | CANDIDATES: [] | SELECTED: "" | CONFIDENCE: FAILED | TIME: 24000ms | REASON: Resolved via self-search
[2026-08-02T05:49:10.264Z] COMPANY: "AVENDUS ACE FUND TRUST" | QUERIES: ["AVENDUS ACE FUND TRUST" official website] | CANDIDATES: [] | SELECTED: "" | CONFIDENCE: FAILED | TIME: 24002ms | REASON: Resolved via self-search
[2026-08-02T05:49:34.266Z] COMPANY: "INDIA INFRASTRUCTURE DEVELOPMENT FUND" | QUERIES: ["INDIA INFRASTRUCTURE DEVELOPMENT FUND" official website] | CANDIDATES: [] | SELECTED: "" | CONFIDENCE: FAILED | TIME: 24002ms | REASON: Resolved via self-search
[2026-08-02T05:49:58.267Z] COMPANY: "CHEEKOTEL PRIVATE LIMITED" | QUERIES: ["CHEEKOTEL PRIVATE LIMITED" official website] | CANDIDATES: [] | SELECTED: "" | CONFIDENCE: FAILED | TIME: 24000ms | REASON: Resolved via self-search
[2026-08-02T05:50:22.269Z] COMPANY: "INDIA DEVELOPMENT AND CONSTRUCTION FUND" | QUERIES: ["INDIA DEVELOPMENT AND CONSTRUCTION FUND" official website] | CANDIDATES: [] | SELECTED: "" | CONFIDENCE: FAILED | TIME: 24002ms | REASON: Resolved via self-search
[2026-08-02T05:50:46.271Z] COMPANY: "KARNATAKA INFORMATION TECHOLOGY VENTURE CAPITAL FUND-2" | QUERIES: ["KARNATAKA INFORMATION TECHOLOGY VENTURE CAPITAL FUND-2" official website] | CANDIDATES: [] | SELECTED: "" | CONFIDENCE: FAILED | TIME: 24002ms | REASON: Resolved via self-search
[2026-08-02T05:50:47.349Z] COMPANY: "ADITYA BIRLA SUN LIFE MF" | QUERIES: ["ADITYA BIRLA SUN LIFE MF" official website] | CANDIDATES: [https://mutualfund.adityabirlacapital.com] | SELECTED: "https://mutualfund.adityabirlacapital.com" | CONFIDENCE: HIGH | TIME: 1ms | REASON: Resolved via readymade-fallback
[2026-08-02T05:51:10.276Z] COMPANY: "ABOYNE INDIA TRUST" | QUERIES: ["ABOYNE INDIA TRUST" official website] | CANDIDATES: [] | SELECTED: "" | CONFIDENCE: FAILED | TIME: 24005ms | REASON: Resolved via self-search
[2026-08-02T05:51:13.555Z] COMPANY: "AXIS MF" | QUERIES: ["AXIS MF" official website] | CANDIDATES: [https://www.axismf.com] | SELECTED: "https://www.axismf.com" | CONFIDENCE: HIGH | TIME: 0ms | REASON: Resolved via readymade-fallback
[2026-08-02T05:51:26.213Z] COMPANY: "Baroda BNP Paribas Mutual Fund" | QUERIES: ["Baroda BNP Paribas Mutual Fund" official website] | CANDIDATES: [https://www.barodabnpparibasmf.in] | SELECTED: "https://www.barodabnpparibasmf.in" | CONFIDENCE: HIGH | TIME: 0ms | REASON: Resolved via readymade-fallback
[2026-08-02T05:51:34.278Z] COMPANY: "MULTIPLES PRIVATE EQUITY FUND" | QUERIES: ["MULTIPLES PRIVATE EQUITY FUND" official website] | CANDIDATES: [] | SELECTED: "" | CONFIDENCE: FAILED | TIME: 24002ms | REASON: Resolved via self-search
[2026-08-02T05:51:43.961Z] COMPANY: "Bank of India Mutual Fund" | QUERIES: ["Bank of India Mutual Fund" official website] | CANDIDATES: [https://www.boiaxamc.com] | SELECTED: "https://www.boiaxamc.com" | CONFIDENCE: HIGH | TIME: 1ms | REASON: Resolved via readymade-fallback
[2026-08-02T05:51:51.554Z] COMPANY: "CANARA ROBECO MF" | QUERIES: ["CANARA ROBECO MF" official website] | CANDIDATES: [https://www.canararobeco.com] | SELECTED: "https://www.canararobeco.com" | CONFIDENCE: HIGH | TIME: 0ms | REASON: Resolved via readymade-fallback
[2026-08-02T05:51:58.281Z] COMPANY: "KAIZEN TRUST" | QUERIES: ["KAIZEN TRUST" official website] | CANDIDATES: [] | SELECTED: "" | CONFIDENCE: FAILED | TIME: 24002ms | REASON: Resolved via self-search
[2026-08-02T05:52:09.129Z] COMPANY: "CRB MF" | QUERIES: ["CRB MF" official website] | CANDIDATES: [] | SELECTED: "" | CONFIDENCE: FAILED | TIME: 0ms | REASON: Resolved via readymade-fallback
[2026-08-02T05:52:09.130Z] COMPANY: "PGIM INDIA MUTUAL FUND" | QUERIES: ["PGIM INDIA MUTUAL FUND" official website] | CANDIDATES: [https://www.pgimindiamf.com] | SELECTED: "https://www.pgimindiamf.com" | CONFIDENCE: HIGH | TIME: 0ms | REASON: Resolved via readymade-fallback
[2026-08-02T05:52:17.811Z] COMPANY: "DSP MF" | QUERIES: ["DSP MF" official website] | CANDIDATES: [https://www.dspim.com] | SELECTED: "https://www.dspim.com" | CONFIDENCE: HIGH | TIME: 0ms | REASON: Resolved via readymade-fallback
[2026-08-02T05:52:22.285Z] COMPANY: "PHI CAPITAL TRUST" | QUERIES: ["PHI CAPITAL TRUST" official website] | CANDIDATES: [] | SELECTED: "" | CONFIDENCE: FAILED | TIME: 24004ms | REASON: Resolved via self-search
[2026-08-02T05:52:36.766Z] COMPANY: "EDELWEISS MF" | QUERIES: ["EDELWEISS MF" official website] | CANDIDATES: [https://www.edelweissmf.com] | SELECTED: "https://www.edelweissmf.com" | CONFIDENCE: HIGH | TIME: 0ms | REASON: Resolved via readymade-fallback
[2026-08-02T05:52:36.952Z] COMPANY: "NAVI MUTUAL FUND" | QUERIES: ["NAVI MUTUAL FUND" official website] | CANDIDATES: [https://www.navimutualfund.com] | SELECTED: "https://www.navimutualfund.com" | CONFIDENCE: HIGH | TIME: 0ms | REASON: Resolved via readymade-fallback
[2026-08-02T05:52:46.287Z] COMPANY: "SPRING HEALTHCARE INDIA TRUST" | QUERIES: ["SPRING HEALTHCARE INDIA TRUST" official website] | CANDIDATES: [] | SELECTED: "" | CONFIDENCE: FAILED | TIME: 24002ms | REASON: Resolved via self-search
[2026-08-02T05:52:46.690Z] COMPANY: "FRANKLIN TEMPLETON MF" | QUERIES: ["FRANKLIN TEMPLETON MF" official website] | CANDIDATES: [https://www.franklintempletonindia.com] | SELECTED: "https://www.franklintempletonindia.com" | CONFIDENCE: HIGH | TIME: 1ms | REASON: Resolved via readymade-fallback
[2026-08-02T05:53:02.486Z] COMPANY: "HDFC MF" | QUERIES: ["HDFC MF" official website] | CANDIDATES: [https://www.hdfcfund.com] | SELECTED: "https://www.hdfcfund.com" | CONFIDENCE: HIGH | TIME: 0ms | REASON: Resolved via readymade-fallback
[2026-08-02T05:53:02.724Z] COMPANY: "ICICI PRUDENTIAL MF" | QUERIES: ["ICICI PRUDENTIAL MF" official website] | CANDIDATES: [https://www.icicipruamc.com] | SELECTED: "https://www.icicipruamc.com" | CONFIDENCE: HIGH | TIME: 0ms | REASON: Resolved via readymade-fallback
[2026-08-02T05:53:10.289Z] COMPANY: "INDIA REALTY FUND 1" | QUERIES: ["INDIA REALTY FUND 1" official website] | CANDIDATES: [] | SELECTED: "" | CONFIDENCE: FAILED | TIME: 24001ms | REASON: Resolved via self-search
[2026-08-02T05:53:34.293Z] COMPANY: "ENAM INDIA INFRASTRUCTURE FUND" | QUERIES: ["ENAM INDIA INFRASTRUCTURE FUND" official website] | CANDIDATES: [] | SELECTED: "" | CONFIDENCE: FAILED | TIME: 24004ms | REASON: Resolved via self-search
[2026-08-02T05:53:53.373Z] COMPANY: "IDBI MUTUAL FUND" | QUERIES: ["IDBI MUTUAL FUND" official website] | CANDIDATES: [https://www.idbimutual.co.in] | SELECTED: "https://www.idbimutual.co.in" | CONFIDENCE: HIGH | TIME: 0ms | REASON: Resolved via readymade-fallback
[2026-08-02T05:53:58.295Z] COMPANY: "INDIA PLUS TRUST" | QUERIES: ["INDIA PLUS TRUST" official website] | CANDIDATES: [] | SELECTED: "" | CONFIDENCE: FAILED | TIME: 24001ms | REASON: Resolved via self-search
[2026-08-02T05:54:19.485Z] COMPANY: "IIFCL MF (IDF)" | QUERIES: ["IIFCL MF (IDF)" official website] | CANDIDATES: [] | SELECTED: "" | CONFIDENCE: FAILED | TIME: 0ms | REASON: Resolved via readymade-fallback
[2026-08-02T05:54:19.486Z] COMPANY: "360 ONE Mutual Fund" | QUERIES: ["360 ONE Mutual Fund" official website] | CANDIDATES: [https://mf.360.one] | SELECTED: "https://mf.360.one" | CONFIDENCE: HIGH | TIME: 0ms | REASON: Resolved via readymade-fallback
[2026-08-02T05:54:22.298Z] COMPANY: "LICHFL Fund" | QUERIES: ["LICHFL Fund" official website] | CANDIDATES: [] | SELECTED: "" | CONFIDENCE: FAILED | TIME: 24003ms | REASON: Resolved via self-search
[2026-08-02T05:54:26.892Z] COMPANY: "IL&FS IDF MF" | QUERIES: ["IL&FS IDF MF" official website] | CANDIDATES: [] | SELECTED: "" | CONFIDENCE: FAILED | TIME: 0ms | REASON: Resolved via readymade-fallback
[2026-08-02T05:54:26.892Z] COMPANY: "Groww Mutual Fund" | QUERIES: ["Groww Mutual Fund" official website] | CANDIDATES: [https://groww.in/mutual-funds] | SELECTED: "https://groww.in/mutual-funds" | CONFIDENCE: HIGH | TIME: 0ms | REASON: Resolved via readymade-fallback
[2026-08-02T05:54:46.299Z] COMPANY: "SBI MACQUARIE INFRASTRUCTURE TRUST" | QUERIES: ["SBI MACQUARIE INFRASTRUCTURE TRUST" official website] | CANDIDATES: [] | SELECTED: "" | CONFIDENCE: FAILED | TIME: 24001ms | REASON: Resolved via self-search
[2026-08-02T05:54:49.325Z] COMPANY: "Invesco Mutual Fund" | QUERIES: ["Invesco Mutual Fund" official website] | CANDIDATES: [https://www.invescomutualfund.com] | SELECTED: "https://www.invescomutualfund.com" | CONFIDENCE: HIGH | TIME: 0ms | REASON: Resolved via readymade-fallback
[2026-08-02T05:55:01.416Z] COMPANY: "ITI Mutual Fund" | QUERIES: ["ITI Mutual Fund" official website] | CANDIDATES: [https://www.itimf.com] | SELECTED: "https://www.itimf.com" | CONFIDENCE: HIGH | TIME: 0ms | REASON: Resolved via readymade-fallback
[2026-08-02T05:55:10.302Z] COMPANY: "FAERING CAPITAL INDIA EVOLVING FUND" | QUERIES: ["FAERING CAPITAL INDIA EVOLVING FUND" official website] | CANDIDATES: [] | SELECTED: "" | CONFIDENCE: FAILED | TIME: 24002ms | REASON: Resolved via self-search
[2026-08-02T05:55:17.215Z] COMPANY: "JM FINANCIAL MF" | QUERIES: ["JM FINANCIAL MF" official website] | CANDIDATES: [https://www.jmfinancialmf.com] | SELECTED: "https://www.jmfinancialmf.com" | CONFIDENCE: HIGH | TIME: 0ms | REASON: Resolved via readymade-fallback
[2026-08-02T05:55:33.269Z] COMPANY: "Kotak Mutual Fund" | QUERIES: ["Kotak Mutual Fund" official website] | CANDIDATES: [https://www.kotakmf.com] | SELECTED: "https://www.kotakmf.com" | CONFIDENCE: HIGH | TIME: 0ms | REASON: Resolved via readymade-fallback
[2026-08-02T05:55:34.304Z] COMPANY: "TCG INDIA FUND" | QUERIES: ["TCG INDIA FUND" official website] | CANDIDATES: [] | SELECTED: "" | CONFIDENCE: FAILED | TIME: 24002ms | REASON: Resolved via self-search
[2026-08-02T05:55:49.900Z] COMPANY: "LIC MF" | QUERIES: ["LIC MF" official website] | CANDIDATES: [https://www.licmf.com] | SELECTED: "https://www.licmf.com" | CONFIDENCE: HIGH | TIME: 0ms | REASON: Resolved via readymade-fallback
[2026-08-02T05:55:58.308Z] COMPANY: "INDIA EDUCATION FUND" | QUERIES: ["INDIA EDUCATION FUND" official website] | CANDIDATES: [] | SELECTED: "" | CONFIDENCE: FAILED | TIME: 24004ms | REASON: Resolved via self-search
[2026-08-02T05:56:22.312Z] COMPANY: "OMAN INDIA JOINT INVESTMENT FUND" | QUERIES: ["OMAN INDIA JOINT INVESTMENT FUND" official website] | CANDIDATES: [] | SELECTED: "" | CONFIDENCE: FAILED | TIME: 24004ms | REASON: Resolved via self-search
[2026-08-02T05:56:39.643Z] COMPANY: "MIRAE ASSET MF" | QUERIES: ["MIRAE ASSET MF" official website] | CANDIDATES: [https://www.miraeassetmf.co.in] | SELECTED: "https://www.miraeassetmf.co.in" | CONFIDENCE: HIGH | TIME: 1ms | REASON: Resolved via readymade-fallback
[2026-08-02T05:56:46.315Z] COMPANY: "SGR ACHIEVERS FUND" | QUERIES: ["SGR ACHIEVERS FUND" official website] | CANDIDATES: [] | SELECTED: "" | CONFIDENCE: FAILED | TIME: 24003ms | REASON: Resolved via self-search
[2026-08-02T05:56:58.656Z] COMPANY: "MOTILAL OSWAL MF" | QUERIES: ["MOTILAL OSWAL MF" official website] | CANDIDATES: [https://www.motilaloswalmf.com] | SELECTED: "https://www.motilaloswalmf.com" | CONFIDENCE: HIGH | TIME: 0ms | REASON: Resolved via readymade-fallback
[2026-08-02T05:57:04.845Z] COMPANY: "PPFAS MF" | QUERIES: ["PPFAS MF" official website] | CANDIDATES: [https://amc.ppfas.com] | SELECTED: "https://amc.ppfas.com" | CONFIDENCE: HIGH | TIME: 0ms | REASON: Resolved via readymade-fallback
[2026-08-02T05:57:10.319Z] COMPANY: "ACCESS INDIA FUND" | QUERIES: ["ACCESS INDIA FUND" official website] | CANDIDATES: [] | SELECTED: "" | CONFIDENCE: FAILED | TIME: 24003ms | REASON: Resolved via self-search
[2026-08-02T05:57:16.886Z] COMPANY: "Quant Mutual Fund" | QUERIES: ["Quant Mutual Fund" official website] | CANDIDATES: [https://www.quantmutual.com] | SELECTED: "https://www.quantmutual.com" | CONFIDENCE: HIGH | TIME: 0ms | REASON: Resolved via readymade-fallback
[2026-08-02T05:57:27.242Z] COMPANY: "QUANTUM MF" | QUERIES: ["QUANTUM MF" official website] | CANDIDATES: [https://www.quantumamc.com] | SELECTED: "https://www.quantumamc.com" | CONFIDENCE: HIGH | TIME: 0ms | REASON: Resolved via readymade-fallback
[2026-08-02T05:57:34.324Z] COMPANY: "THE INFINITY INNOVATION FUND" | QUERIES: ["THE INFINITY INNOVATION FUND" official website] | CANDIDATES: [] | SELECTED: "" | CONFIDENCE: FAILED | TIME: 24005ms | REASON: Resolved via self-search
[2026-08-02T05:57:42.042Z] COMPANY: "Nippon India Mutual Fund" | QUERIES: ["Nippon India Mutual Fund" official website] | CANDIDATES: [https://mf.nipponindiaim.com] | SELECTED: "https://mf.nipponindiaim.com" | CONFIDENCE: HIGH | TIME: 0ms | REASON: Resolved via readymade-fallback
[2026-08-02T05:57:56.301Z] COMPANY: "SBI MF" | QUERIES: ["SBI MF" official website] | CANDIDATES: [https://www.sbimf.com] | SELECTED: "https://www.sbimf.com" | CONFIDENCE: HIGH | TIME: 0ms | REASON: Resolved via readymade-fallback
[2026-08-02T05:57:58.325Z] COMPANY: "Business Excellence Trust II" | QUERIES: ["Business Excellence Trust II" official website] | CANDIDATES: [] | SELECTED: "" | CONFIDENCE: FAILED | TIME: 24000ms | REASON: Resolved via self-search
[2026-08-02T05:58:13.066Z] COMPANY: "SHRIRAM MF" | QUERIES: ["SHRIRAM MF" official website] | CANDIDATES: [https://www.shriramamc.com] | SELECTED: "https://www.shriramamc.com" | CONFIDENCE: HIGH | TIME: 0ms | REASON: Resolved via readymade-fallback
[2026-08-02T05:58:20.674Z] COMPANY: "SUNDARAM MF" | QUERIES: ["SUNDARAM MF" official website] | CANDIDATES: [https://www.sundarammutual.com] | SELECTED: "https://www.sundarammutual.com" | CONFIDENCE: HIGH | TIME: 0ms | REASON: Resolved via readymade-fallback
[2026-08-02T05:58:22.326Z] COMPANY: "TARA INDIA FUND IV TRUST" | QUERIES: ["TARA INDIA FUND IV TRUST" official website] | CANDIDATES: [] | SELECTED: "" | CONFIDENCE: FAILED | TIME: 24001ms | REASON: Resolved via self-search
[2026-08-02T05:58:34.761Z] COMPANY: "TAURUS MF" | QUERIES: ["TAURUS MF" official website] | CANDIDATES: [https://www.taurusmutualfund.com] | SELECTED: "https://www.taurusmutualfund.com" | CONFIDENCE: HIGH | TIME: 1ms | REASON: Resolved via readymade-fallback
[2026-08-02T05:58:46.062Z] COMPANY: "Union Mutual Fund" | QUERIES: ["Union Mutual Fund" official website] | CANDIDATES: [https://www.unionmf.com] | SELECTED: "https://www.unionmf.com" | CONFIDENCE: HIGH | TIME: 0ms | REASON: Resolved via readymade-fallback
[2026-08-02T05:58:46.326Z] COMPANY: "IDFC S.P.I.C.E. FUND" | QUERIES: ["IDFC S.P.I.C.E. FUND" official website] | CANDIDATES: [] | SELECTED: "" | CONFIDENCE: FAILED | TIME: 24000ms | REASON: Resolved via self-search
[2026-08-02T05:59:10.328Z] COMPANY: "MILESTONE INDIA GROWTH FUND" | QUERIES: ["MILESTONE INDIA GROWTH FUND" official website] | CANDIDATES: [] | SELECTED: "" | CONFIDENCE: FAILED | TIME: 24001ms | REASON: Resolved via self-search
[2026-08-02T05:59:10.553Z] COMPANY: "UTI  MF" | QUERIES: ["UTI  MF" official website] | CANDIDATES: [https://www.utimf.com] | SELECTED: "https://www.utimf.com" | CONFIDENCE: HIGH | TIME: 0ms | REASON: Resolved via readymade-fallback
[2026-08-02T05:59:24.447Z] COMPANY: "WhiteOak Capital Mutual Fund" | QUERIES: ["WhiteOak Capital Mutual Fund" official website] | CANDIDATES: [https://www.whiteoakamc.com] | SELECTED: "https://www.whiteoakamc.com" | CONFIDENCE: HIGH | TIME: 0ms | REASON: Resolved via readymade-fallback
[2026-08-02T05:59:32.023Z] COMPANY: "TRUST MUTUAL FUND" | QUERIES: ["TRUST MUTUAL FUND" official website] | CANDIDATES: [https://www.trustmf.com] | SELECTED: "https://www.trustmf.com" | CONFIDENCE: HIGH | TIME: 0ms | REASON: Resolved via readymade-fallback
[2026-08-02T05:59:34.329Z] COMPANY: "ASIA PACIFIC HEALTHCARE ADVISORS PRIVATE LIMITED" | QUERIES: ["ASIA PACIFIC HEALTHCARE ADVISORS PRIVATE LIMITED" official website] | CANDIDATES: [] | SELECTED: "" | CONFIDENCE: FAILED | TIME: 24001ms | REASON: Resolved via self-search
[2026-08-02T05:59:44.827Z] COMPANY: "HSBC MF" | QUERIES: ["HSBC MF" official website] | CANDIDATES: [https://www.assetmanagement.hsbc.co.in] | SELECTED: "https://www.assetmanagement.hsbc.co.in" | CONFIDENCE: HIGH | TIME: 0ms | REASON: Resolved via readymade-fallback
[2026-08-02T05:59:58.330Z] COMPANY: "KAE CAPITAL FUND" | QUERIES: ["KAE CAPITAL FUND" official website] | CANDIDATES: [] | SELECTED: "" | CONFIDENCE: FAILED | TIME: 24001ms | REASON: Resolved via self-search
[2026-08-02T05:59:59.284Z] COMPANY: "Tata Mutual Fund" | QUERIES: ["Tata Mutual Fund" official website] | CANDIDATES: [https://www.tatamutualfund.com] | SELECTED: "https://www.tatamutualfund.com" | CONFIDENCE: HIGH | TIME: 0ms | REASON: Resolved via readymade-fallback
[2026-08-02T06:00:15.809Z] COMPANY: "Mahindra Manulife Mutual Fund" | QUERIES: ["Mahindra Manulife Mutual Fund" official website] | CANDIDATES: [https://www.mahindramanulife.com] | SELECTED: "https://www.mahindramanulife.com" | CONFIDENCE: HIGH | TIME: 0ms | REASON: Resolved via readymade-fallback
[2026-08-02T06:00:22.333Z] COMPANY: "KARNATAKA VENTURE CAPITAL FUND" | QUERIES: ["KARNATAKA VENTURE CAPITAL FUND" official website] | CANDIDATES: [] | SELECTED: "" | CONFIDENCE: FAILED | TIME: 24003ms | REASON: Resolved via self-search
[2026-08-02T06:00:26.170Z] COMPANY: "N J Mutual Fund" | QUERIES: ["N J Mutual Fund" official website] | CANDIDATES: [https://www.njmutualfund.com] | SELECTED: "https://www.njmutualfund.com" | CONFIDENCE: HIGH | TIME: 0ms | REASON: Resolved via readymade-fallback
[2026-08-02T06:00:37.688Z] COMPANY: "SAMCO MUTUAL FUND" | QUERIES: ["SAMCO MUTUAL FUND" official website] | CANDIDATES: [https://www.samco.mf.in] | SELECTED: "https://www.samco.mf.in" | CONFIDENCE: HIGH | TIME: 0ms | REASON: Resolved via readymade-fallback
[2026-08-02T06:00:45.992Z] COMPANY: "BAJAJ FINSERV MUTUAL FUND" | QUERIES: ["BAJAJ FINSERV MUTUAL FUND" official website] | CANDIDATES: [https://www.bajajfinservamc.com] | SELECTED: "https://www.bajajfinservamc.com" | CONFIDENCE: HIGH | TIME: 0ms | REASON: Resolved via readymade-fallback
[2026-08-02T06:00:46.337Z] COMPANY: "REDWOODS CAPITAL TRUST" | QUERIES: ["REDWOODS CAPITAL TRUST" official website] | CANDIDATES: [] | SELECTED: "" | CONFIDENCE: FAILED | TIME: 24003ms | REASON: Resolved via self-search
[2026-08-02T06:00:52.184Z] COMPANY: "Helios Mutual Fund" | QUERIES: ["Helios Mutual Fund" official website] | CANDIDATES: [https://www.helioscapital.in] | SELECTED: "https://www.helioscapital.in" | CONFIDENCE: HIGH | TIME: 0ms | REASON: Resolved via readymade-fallback
[2026-08-02T06:01:10.337Z] COMPANY: "DHFL VENTURE CAPITAL TRUST" | QUERIES: ["DHFL VENTURE CAPITAL TRUST" official website] | CANDIDATES: [] | SELECTED: "" | CONFIDENCE: FAILED | TIME: 24000ms | REASON: Resolved via self-search
[2026-08-02T06:01:16.590Z] COMPANY: "Zerodha Mutual Fund" | QUERIES: ["Zerodha Mutual Fund" official website] | CANDIDATES: [https://zerodhafundhouse.com] | SELECTED: "https://zerodhafundhouse.com" | CONFIDENCE: HIGH | TIME: 0ms | REASON: Resolved via readymade-fallback
[2026-08-02T06:01:24.962Z] COMPANY: "Old Bridge Mutual Fund" | QUERIES: ["Old Bridge Mutual Fund" official website] | CANDIDATES: [https://www.oldbridgemf.com] | SELECTED: "https://www.oldbridgemf.com" | CONFIDENCE: HIGH | TIME: 0ms | REASON: Resolved via readymade-fallback
[2026-08-02T06:01:34.339Z] COMPANY: "ASK PRAVI PRIVATE EQUITY OPPORTUNITIES FUND" | QUERIES: ["ASK PRAVI PRIVATE EQUITY OPPORTUNITIES FUND" official website] | CANDIDATES: [] | SELECTED: "" | CONFIDENCE: FAILED | TIME: 24002ms | REASON: Resolved via self-search
[2026-08-02T06:01:39.417Z] COMPANY: "Bandhan Mutual Fund" | QUERIES: ["Bandhan Mutual Fund" official website] | CANDIDATES: [https://bandhanmutual.com] | SELECTED: "https://bandhanmutual.com" | CONFIDENCE: HIGH | TIME: 0ms | REASON: Resolved via readymade-fallback
[2026-08-02T06:01:54.991Z] COMPANY: "Unifi Mutual Fund" | QUERIES: ["Unifi Mutual Fund" official website] | CANDIDATES: [https://www.unifimf.com] | SELECTED: "https://www.unifimf.com" | CONFIDENCE: HIGH | TIME: 0ms | REASON: Resolved via readymade-fallback
[2026-08-02T06:01:58.340Z] COMPANY: "INDIA ALPHA TRUST" | QUERIES: ["INDIA ALPHA TRUST" official website] | CANDIDATES: [] | SELECTED: "" | CONFIDENCE: FAILED | TIME: 24001ms | REASON: Resolved via self-search
[2026-08-02T06:02:08.124Z] COMPANY: "Angel One Mutual Fund" | QUERIES: ["Angel One Mutual Fund" official website] | CANDIDATES: [https://www.angelonemf.com] | SELECTED: "https://www.angelonemf.com" | CONFIDENCE: HIGH | TIME: 0ms | REASON: Resolved via readymade-fallback
[2026-08-02T06:02:16.837Z] COMPANY: "Capitalmind Mutual Fund" | QUERIES: ["Capitalmind Mutual Fund" official website] | CANDIDATES: [https://capitalmindmf.com] | SELECTED: "https://capitalmindmf.com" | CONFIDENCE: HIGH | TIME: 0ms | REASON: Resolved via readymade-fallback
[2026-08-02T06:02:22.341Z] COMPANY: "NEXT ORBIT VENTURES FUND" | QUERIES: ["NEXT ORBIT VENTURES FUND" official website] | CANDIDATES: [] | SELECTED: "" | CONFIDENCE: FAILED | TIME: 24001ms | REASON: Resolved via self-search
[2026-08-02T06:02:32.717Z] COMPANY: "Jio BlackRock Mutual Fund" | QUERIES: ["Jio BlackRock Mutual Fund" official website] | CANDIDATES: [https://www.jioblackrockamc.com] | SELECTED: "https://www.jioblackrockamc.com" | CONFIDENCE: HIGH | TIME: 0ms | REASON: Resolved via readymade-fallback
[2026-08-02T06:02:44.967Z] COMPANY: "The Wealth Company Mutual Fund" | QUERIES: ["The Wealth Company Mutual Fund" official website] | CANDIDATES: [https://www.thewealthcompany.in] | SELECTED: "https://www.thewealthcompany.in" | CONFIDENCE: HIGH | TIME: 0ms | REASON: Resolved via readymade-fallback
[2026-08-02T06:02:46.342Z] COMPANY: "ORANGE VENTURE CAPITAL TRUST" | QUERIES: ["ORANGE VENTURE CAPITAL TRUST" official website] | CANDIDATES: [] | SELECTED: "" | CONFIDENCE: FAILED | TIME: 24001ms | REASON: Resolved via self-search
[2026-08-02T06:03:10.345Z] COMPANY: "INDIA ALTERNATIVES PRIVATE EQUITY FUND" | QUERIES: ["INDIA ALTERNATIVES PRIVATE EQUITY FUND" official website] | CANDIDATES: [] | SELECTED: "" | CONFIDENCE: FAILED | TIME: 24002ms | REASON: Resolved via self-search
[2026-08-02T06:03:10.345Z] COMPANY: "KARNATAKA INFORMATION TECHOLOGY VENTURE CAPITAL FUND-2" | QUERIES: ["KARNATAKA INFORMATION TECHOLOGY VENTURE CAPITAL FUND-2" official website] | CANDIDATES: [] | SELECTED: "" | CONFIDENCE: FAILED | TIME: 0ms | REASON: Resolved via self-search
[2026-08-02T06:03:19.885Z] COMPANY: "Choice Mutual Fund" | QUERIES: ["Choice Mutual Fund" official website] | CANDIDATES: [https://mf.choiceindia.com] | SELECTED: "https://mf.choiceindia.com" | CONFIDENCE: HIGH | TIME: 0ms | REASON: Resolved via readymade-fallback
[2026-08-02T06:03:30.154Z] COMPANY: "Abakkus Mutual Fund" | QUERIES: ["Abakkus Mutual Fund" official website] | CANDIDATES: [https://www.abakkusamc.com] | SELECTED: "https://www.abakkusamc.com" | CONFIDENCE: HIGH | TIME: 0ms | REASON: Resolved via readymade-fallback
[2026-08-02T06:03:34.347Z] COMPANY: "True North Fund" | QUERIES: ["True North Fund" official website] | CANDIDATES: [] | SELECTED: "" | CONFIDENCE: FAILED | TIME: 24001ms | REASON: Resolved via self-search
[2026-08-02T06:03:37.370Z] COMPANY: "ASK Mutual Fund" | QUERIES: ["ASK Mutual Fund" official website] | CANDIDATES: [https://www.askmf.com] | SELECTED: "https://www.askmf.com" | CONFIDENCE: HIGH | TIME: 0ms | REASON: Resolved via readymade-fallback
[2026-08-02T06:03:43.115Z] COMPANY: "AlphaGrep Mutual Fund" | QUERIES: ["AlphaGrep Mutual Fund" official website] | CANDIDATES: [] | SELECTED: "" | CONFIDENCE: FAILED | TIME: 0ms | REASON: Resolved via readymade-fallback
[2026-08-02T06:03:43.116Z] COMPANY: "WEALTH FIRST PORTFOLIO MANAGERS LIMITED" | QUERIES: ["WEALTH FIRST PORTFOLIO MANAGERS LIMITED" official website] | CANDIDATES: [] | SELECTED: "" | CONFIDENCE: FAILED | TIME: 0ms | REASON: Resolved via readymade-fallback
[2026-08-02T06:03:43.116Z] COMPANY: "Monarch Networth Capital Limited" | QUERIES: ["Monarch Networth Capital Limited" official website] | CANDIDATES: [https://www.mnclgroup.com] | SELECTED: "https://www.mnclgroup.com" | CONFIDENCE: HIGH | TIME: 0ms | REASON: Resolved via readymade-fallback
[2026-08-02T06:03:58.353Z] COMPANY: "Eco-Net Fund" | QUERIES: ["Eco-Net Fund" official website] | CANDIDATES: [] | SELECTED: "" | CONFIDENCE: FAILED | TIME: 24005ms | REASON: Resolved via self-search
[2026-08-02T06:04:03.402Z] COMPANY: "Nuvama Mutual Fund" | QUERIES: ["Nuvama Mutual Fund" official website] | CANDIDATES: [https://www.nuvamaassetmanagement.com] | SELECTED: "https://www.nuvamaassetmanagement.com" | CONFIDENCE: HIGH | TIME: 0ms | REASON: Resolved via readymade-fallback
[2026-08-02T06:04:03.821Z] COMPANY: "Carnelian Asset Management and Advisors Private Limited" | QUERIES: ["Carnelian Asset Management and Advisors Private Limited" official website] | CANDIDATES: [https://www.carnelianamc.com] | SELECTED: "https://www.carnelianamc.com" | CONFIDENCE: HIGH | TIME: 0ms | REASON: Resolved via readymade-fallback
[2026-08-02T06:04:22.356Z] COMPANY: "TATA CAPITAL GROWTH FUND I" | QUERIES: ["TATA CAPITAL GROWTH FUND I" official website] | CANDIDATES: [] | SELECTED: "" | CONFIDENCE: FAILED | TIME: 24003ms | REASON: Resolved via self-search
[2026-08-02T06:04:22.356Z] COMPANY: "CHEEKOTEL PRIVATE LIMITED" | QUERIES: ["CHEEKOTEL PRIVATE LIMITED" official website] | CANDIDATES: [] | SELECTED: "" | CONFIDENCE: FAILED | TIME: 0ms | REASON: Resolved via self-search
[2026-08-02T06:04:46.358Z] COMPANY: "NV INDIA TRUST" | QUERIES: ["NV INDIA TRUST" official website] | CANDIDATES: [] | SELECTED: "" | CONFIDENCE: FAILED | TIME: 24002ms | REASON: Resolved via self-search
[2026-08-02T06:05:10.362Z] COMPANY: "TATA CAPITAL INNOVATIONS FUND LIMITED" | QUERIES: ["TATA CAPITAL INNOVATIONS FUND LIMITED" official website] | CANDIDATES: [] | SELECTED: "" | CONFIDENCE: FAILED | TIME: 24004ms | REASON: Resolved via self-search
[2026-08-02T06:05:34.364Z] COMPANY: "I3E TRUST" | QUERIES: ["I3E TRUST" official website] | CANDIDATES: [] | SELECTED: "" | CONFIDENCE: FAILED | TIME: 24002ms | REASON: Resolved via self-search
[2026-08-02T06:05:58.366Z] COMPANY: "TATA CAPITAL HEALTHCARE FUND I" | QUERIES: ["TATA CAPITAL HEALTHCARE FUND I" official website] | CANDIDATES: [] | SELECTED: "" | CONFIDENCE: FAILED | TIME: 24002ms | REASON: Resolved via self-search
[2026-08-02T06:06:22.368Z] COMPANY: "TATA CAPITAL SPECIAL SITUATIONS FUND - TRUST" | QUERIES: ["TATA CAPITAL SPECIAL SITUATIONS FUND - TRUST" official website] | CANDIDATES: [] | SELECTED: "" | CONFIDENCE: FAILED | TIME: 24002ms | REASON: Resolved via self-search
[2026-08-02T06:06:46.371Z] COMPANY: "SUBHKAM GROWTH FUND" | QUERIES: ["SUBHKAM GROWTH FUND" official website] | CANDIDATES: [] | SELECTED: "" | CONFIDENCE: FAILED | TIME: 24003ms | REASON: Resolved via self-search
[2026-08-02T06:07:10.374Z] COMPANY: "INDIA VALUE FUND IV" | QUERIES: ["INDIA VALUE FUND IV" official website] | CANDIDATES: [] | SELECTED: "" | CONFIDENCE: FAILED | TIME: 24003ms | REASON: Resolved via self-search
[2026-08-02T06:07:34.378Z] COMPANY: "LEAPSTART TRUST" | QUERIES: ["LEAPSTART TRUST" official website] | CANDIDATES: [] | SELECTED: "" | CONFIDENCE: FAILED | TIME: 24004ms | REASON: Resolved via self-search
[2026-08-02T06:07:58.379Z] COMPANY: "ADITYA BIRLA REAL ESTATE FUND" | QUERIES: ["ADITYA BIRLA REAL ESTATE FUND" official website] | CANDIDATES: [] | SELECTED: "" | CONFIDENCE: FAILED | TIME: 24001ms | REASON: Resolved via self-search
[2026-08-02T06:08:22.380Z] COMPANY: "EMERGING INDIA FUND" | QUERIES: ["EMERGING INDIA FUND" official website] | CANDIDATES: [] | SELECTED: "" | CONFIDENCE: FAILED | TIME: 24001ms | REASON: Resolved via self-search
[2026-08-02T06:08:46.381Z] COMPANY: "KARNATAKA INFORMATION TECHNOLOGY VENTURE CAPITAL FUND" | QUERIES: ["KARNATAKA INFORMATION TECHNOLOGY VENTURE CAPITAL FUND" official website] | CANDIDATES: [] | SELECTED: "" | CONFIDENCE: FAILED | TIME: 24000ms | REASON: Resolved via self-search
[2026-08-02T06:34:16.487Z] COMPANY: "SEBI Official" | QUERIES: ["SEBI Official" official website] | CANDIDATES: [] | SELECTED: "" | CONFIDENCE: FAILED | TIME: 1ms | REASON: Resolved via self-search
[2026-08-02T06:34:16.488Z] COMPANY: "Example Corp" | QUERIES: ["Example Corp" official website] | CANDIDATES: [] | SELECTED: "" | CONFIDENCE: FAILED | TIME: 0ms | REASON: Resolved via self-search
[2026-08-02T06:35:09.384Z] COMPANY: "ADITYA BIRLA SUN LIFE MF" | QUERIES: ["ADITYA BIRLA SUN LIFE MF" official website] | CANDIDATES: [] | SELECTED: "" | CONFIDENCE: FAILED | TIME: 1ms | REASON: Resolved via readymade-fallback
[2026-08-02T06:35:09.385Z] COMPANY: "AXIS MF" | QUERIES: ["AXIS MF" official website] | CANDIDATES: [] | SELECTED: "" | CONFIDENCE: FAILED | TIME: 0ms | REASON: Resolved via readymade-fallback
[2026-08-02T06:35:09.385Z] COMPANY: "Baroda BNP Paribas Mutual Fund" | QUERIES: ["Baroda BNP Paribas Mutual Fund" official website] | CANDIDATES: [] | SELECTED: "" | CONFIDENCE: FAILED | TIME: 0ms | REASON: Resolved via readymade-fallback
[2026-08-02T06:35:09.385Z] COMPANY: "Bank of India Mutual Fund" | QUERIES: ["Bank of India Mutual Fund" official website] | CANDIDATES: [] | SELECTED: "" | CONFIDENCE: FAILED | TIME: 0ms | REASON: Resolved via readymade-fallback
[2026-08-02T06:35:09.385Z] COMPANY: "CANARA ROBECO MF" | QUERIES: ["CANARA ROBECO MF" official website] | CANDIDATES: [] | SELECTED: "" | CONFIDENCE: FAILED | TIME: 0ms | REASON: Resolved via readymade-fallback
[2026-08-02T06:35:09.386Z] COMPANY: "CRB MF" | QUERIES: ["CRB MF" official website] | CANDIDATES: [] | SELECTED: "" | CONFIDENCE: FAILED | TIME: 0ms | REASON: Resolved via readymade-fallback
[2026-08-02T06:35:09.386Z] COMPANY: "PGIM INDIA MUTUAL FUND" | QUERIES: ["PGIM INDIA MUTUAL FUND" official website] | CANDIDATES: [] | SELECTED: "" | CONFIDENCE: FAILED | TIME: 0ms | REASON: Resolved via readymade-fallback
[2026-08-02T06:35:09.386Z] COMPANY: "DSP MF" | QUERIES: ["DSP MF" official website] | CANDIDATES: [] | SELECTED: "" | CONFIDENCE: FAILED | TIME: 0ms | REASON: Resolved via readymade-fallback
[2026-08-02T06:35:09.387Z] COMPANY: "EDELWEISS MF" | QUERIES: ["EDELWEISS MF" official website] | CANDIDATES: [] | SELECTED: "" | CONFIDENCE: FAILED | TIME: 0ms | REASON: Resolved via readymade-fallback
[2026-08-02T06:35:09.387Z] COMPANY: "NAVI MUTUAL FUND" | QUERIES: ["NAVI MUTUAL FUND" official website] | CANDIDATES: [] | SELECTED: "" | CONFIDENCE: FAILED | TIME: 0ms | REASON: Resolved via readymade-fallback
[2026-08-02T06:35:09.387Z] COMPANY: "FRANKLIN TEMPLETON MF" | QUERIES: ["FRANKLIN TEMPLETON MF" official website] | CANDIDATES: [] | SELECTED: "" | CONFIDENCE: FAILED | TIME: 0ms | REASON: Resolved via readymade-fallback
[2026-08-02T06:35:09.388Z] COMPANY: "HDFC MF" | QUERIES: ["HDFC MF" official website] | CANDIDATES: [] | SELECTED: "" | CONFIDENCE: FAILED | TIME: 0ms | REASON: Resolved via readymade-fallback
[2026-08-02T06:35:09.388Z] COMPANY: "ICICI PRUDENTIAL MF" | QUERIES: ["ICICI PRUDENTIAL MF" official website] | CANDIDATES: [] | SELECTED: "" | CONFIDENCE: FAILED | TIME: 0ms | REASON: Resolved via readymade-fallback
[2026-08-02T06:35:09.388Z] COMPANY: "IDBI MUTUAL FUND" | QUERIES: ["IDBI MUTUAL FUND" official website] | CANDIDATES: [] | SELECTED: "" | CONFIDENCE: FAILED | TIME: 0ms | REASON: Resolved via readymade-fallback
[2026-08-02T06:35:09.389Z] COMPANY: "IIFCL MF (IDF)" | QUERIES: ["IIFCL MF (IDF)" official website] | CANDIDATES: [] | SELECTED: "" | CONFIDENCE: FAILED | TIME: 0ms | REASON: Resolved via readymade-fallback
[2026-08-02T06:35:09.389Z] COMPANY: "360 ONE Mutual Fund" | QUERIES: ["360 ONE Mutual Fund" official website] | CANDIDATES: [] | SELECTED: "" | CONFIDENCE: FAILED | TIME: 0ms | REASON: Resolved via readymade-fallback
[2026-08-02T06:35:09.389Z] COMPANY: "IL&FS IDF MF" | QUERIES: ["IL&FS IDF MF" official website] | CANDIDATES: [] | SELECTED: "" | CONFIDENCE: FAILED | TIME: 0ms | REASON: Resolved via readymade-fallback
[2026-08-02T06:35:09.390Z] COMPANY: "Groww Mutual Fund" | QUERIES: ["Groww Mutual Fund" official website] | CANDIDATES: [] | SELECTED: "" | CONFIDENCE: FAILED | TIME: 0ms | REASON: Resolved via readymade-fallback
[2026-08-02T06:35:09.390Z] COMPANY: "Invesco Mutual Fund" | QUERIES: ["Invesco Mutual Fund" official website] | CANDIDATES: [] | SELECTED: "" | CONFIDENCE: FAILED | TIME: 0ms | REASON: Resolved via readymade-fallback
[2026-08-02T06:35:09.391Z] COMPANY: "ITI Mutual Fund" | QUERIES: ["ITI Mutual Fund" official website] | CANDIDATES: [] | SELECTED: "" | CONFIDENCE: FAILED | TIME: 0ms | REASON: Resolved via readymade-fallback
[2026-08-02T06:35:09.391Z] COMPANY: "JM FINANCIAL MF" | QUERIES: ["JM FINANCIAL MF" official website] | CANDIDATES: [] | SELECTED: "" | CONFIDENCE: FAILED | TIME: 0ms | REASON: Resolved via readymade-fallback
[2026-08-02T06:35:09.391Z] COMPANY: "Kotak Mutual Fund" | QUERIES: ["Kotak Mutual Fund" official website] | CANDIDATES: [] | SELECTED: "" | CONFIDENCE: FAILED | TIME: 0ms | REASON: Resolved via readymade-fallback
[2026-08-02T06:35:09.392Z] COMPANY: "LIC MF" | QUERIES: ["LIC MF" official website] | CANDIDATES: [] | SELECTED: "" | CONFIDENCE: FAILED | TIME: 0ms | REASON: Resolved via readymade-fallback
[2026-08-02T06:35:09.392Z] COMPANY: "MIRAE ASSET MF" | QUERIES: ["MIRAE ASSET MF" official website] | CANDIDATES: [] | SELECTED: "" | CONFIDENCE: FAILED | TIME: 0ms | REASON: Resolved via readymade-fallback
[2026-08-02T06:35:09.394Z] COMPANY: "MOTILAL OSWAL MF" | QUERIES: ["MOTILAL OSWAL MF" official website] | CANDIDATES: [] | SELECTED: "" | CONFIDENCE: FAILED | TIME: 0ms | REASON: Resolved via readymade-fallback
[2026-08-02T06:35:09.395Z] COMPANY: "PPFAS MF" | QUERIES: ["PPFAS MF" official website] | CANDIDATES: [] | SELECTED: "" | CONFIDENCE: FAILED | TIME: 1ms | REASON: Resolved via readymade-fallback
[2026-08-02T06:35:09.395Z] COMPANY: "Quant Mutual Fund" | QUERIES: ["Quant Mutual Fund" official website] | CANDIDATES: [] | SELECTED: "" | CONFIDENCE: FAILED | TIME: 0ms | REASON: Resolved via readymade-fallback
[2026-08-02T06:35:09.395Z] COMPANY: "QUANTUM MF" | QUERIES: ["QUANTUM MF" official website] | CANDIDATES: [] | SELECTED: "" | CONFIDENCE: FAILED | TIME: 0ms | REASON: Resolved via readymade-fallback
[2026-08-02T06:35:09.395Z] COMPANY: "Nippon India Mutual Fund" | QUERIES: ["Nippon India Mutual Fund" official website] | CANDIDATES: [] | SELECTED: "" | CONFIDENCE: FAILED | TIME: 0ms | REASON: Resolved via readymade-fallback
[2026-08-02T06:35:09.396Z] COMPANY: "SBI MF" | QUERIES: ["SBI MF" official website] | CANDIDATES: [] | SELECTED: "" | CONFIDENCE: FAILED | TIME: 1ms | REASON: Resolved via readymade-fallback
[2026-08-02T06:35:09.396Z] COMPANY: "SHRIRAM MF" | QUERIES: ["SHRIRAM MF" official website] | CANDIDATES: [] | SELECTED: "" | CONFIDENCE: FAILED | TIME: 0ms | REASON: Resolved via readymade-fallback
[2026-08-02T06:35:09.396Z] COMPANY: "SUNDARAM MF" | QUERIES: ["SUNDARAM MF" official website] | CANDIDATES: [] | SELECTED: "" | CONFIDENCE: FAILED | TIME: 0ms | REASON: Resolved via readymade-fallback
[2026-08-02T06:35:09.396Z] COMPANY: "TAURUS MF" | QUERIES: ["TAURUS MF" official website] | CANDIDATES: [] | SELECTED: "" | CONFIDENCE: FAILED | TIME: 0ms | REASON: Resolved via readymade-fallback
[2026-08-02T06:35:09.397Z] COMPANY: "Union Mutual Fund" | QUERIES: ["Union Mutual Fund" official website] | CANDIDATES: [] | SELECTED: "" | CONFIDENCE: FAILED | TIME: 0ms | REASON: Resolved via readymade-fallback
[2026-08-02T06:35:09.397Z] COMPANY: "UTI  MF" | QUERIES: ["UTI  MF" official website] | CANDIDATES: [] | SELECTED: "" | CONFIDENCE: FAILED | TIME: 0ms | REASON: Resolved via readymade-fallback
[2026-08-02T06:35:09.397Z] COMPANY: "WhiteOak Capital Mutual Fund" | QUERIES: ["WhiteOak Capital Mutual Fund" official website] | CANDIDATES: [] | SELECTED: "" | CONFIDENCE: FAILED | TIME: 0ms | REASON: Resolved via readymade-fallback
[2026-08-02T06:35:09.398Z] COMPANY: "TRUST MUTUAL FUND" | QUERIES: ["TRUST MUTUAL FUND" official website] | CANDIDATES: [] | SELECTED: "" | CONFIDENCE: FAILED | TIME: 0ms | REASON: Resolved via readymade-fallback
[2026-08-02T06:35:09.398Z] COMPANY: "HSBC MF" | QUERIES: ["HSBC MF" official website] | CANDIDATES: [] | SELECTED: "" | CONFIDENCE: FAILED | TIME: 0ms | REASON: Resolved via readymade-fallback
[2026-08-02T06:35:09.398Z] COMPANY: "Tata Mutual Fund" | QUERIES: ["Tata Mutual Fund" official website] | CANDIDATES: [] | SELECTED: "" | CONFIDENCE: FAILED | TIME: 0ms | REASON: Resolved via readymade-fallback
[2026-08-02T06:35:09.399Z] COMPANY: "Mahindra Manulife Mutual Fund" | QUERIES: ["Mahindra Manulife Mutual Fund" official website] | CANDIDATES: [] | SELECTED: "" | CONFIDENCE: FAILED | TIME: 1ms | REASON: Resolved via readymade-fallback
[2026-08-02T06:35:09.399Z] COMPANY: "N J Mutual Fund" | QUERIES: ["N J Mutual Fund" official website] | CANDIDATES: [] | SELECTED: "" | CONFIDENCE: FAILED | TIME: 0ms | REASON: Resolved via readymade-fallback
[2026-08-02T06:35:09.399Z] COMPANY: "SAMCO MUTUAL FUND" | QUERIES: ["SAMCO MUTUAL FUND" official website] | CANDIDATES: [] | SELECTED: "" | CONFIDENCE: FAILED | TIME: 0ms | REASON: Resolved via readymade-fallback
[2026-08-02T06:35:09.399Z] COMPANY: "BAJAJ FINSERV MUTUAL FUND" | QUERIES: ["BAJAJ FINSERV MUTUAL FUND" official website] | CANDIDATES: [] | SELECTED: "" | CONFIDENCE: FAILED | TIME: 0ms | REASON: Resolved via readymade-fallback
[2026-08-02T06:35:09.400Z] COMPANY: "Helios Mutual Fund" | QUERIES: ["Helios Mutual Fund" official website] | CANDIDATES: [] | SELECTED: "" | CONFIDENCE: FAILED | TIME: 0ms | REASON: Resolved via readymade-fallback
[2026-08-02T06:35:09.400Z] COMPANY: "Zerodha Mutual Fund" | QUERIES: ["Zerodha Mutual Fund" official website] | CANDIDATES: [] | SELECTED: "" | CONFIDENCE: FAILED | TIME: 0ms | REASON: Resolved via readymade-fallback
[2026-08-02T06:35:09.401Z] COMPANY: "Old Bridge Mutual Fund" | QUERIES: ["Old Bridge Mutual Fund" official website] | CANDIDATES: [] | SELECTED: "" | CONFIDENCE: FAILED | TIME: 0ms | REASON: Resolved via readymade-fallback
[2026-08-02T06:35:09.401Z] COMPANY: "Bandhan Mutual Fund" | QUERIES: ["Bandhan Mutual Fund" official website] | CANDIDATES: [] | SELECTED: "" | CONFIDENCE: FAILED | TIME: 0ms | REASON: Resolved via readymade-fallback
[2026-08-02T06:35:09.401Z] COMPANY: "Unifi Mutual Fund" | QUERIES: ["Unifi Mutual Fund" official website] | CANDIDATES: [] | SELECTED: "" | CONFIDENCE: FAILED | TIME: 0ms | REASON: Resolved via readymade-fallback
[2026-08-02T06:35:09.401Z] COMPANY: "Angel One Mutual Fund" | QUERIES: ["Angel One Mutual Fund" official website] | CANDIDATES: [] | SELECTED: "" | CONFIDENCE: FAILED | TIME: 0ms | REASON: Resolved via readymade-fallback
[2026-08-02T06:35:09.402Z] COMPANY: "Capitalmind Mutual Fund" | QUERIES: ["Capitalmind Mutual Fund" official website] | CANDIDATES: [] | SELECTED: "" | CONFIDENCE: FAILED | TIME: 0ms | REASON: Resolved via readymade-fallback
[2026-08-02T06:35:09.402Z] COMPANY: "Jio BlackRock Mutual Fund" | QUERIES: ["Jio BlackRock Mutual Fund" official website] | CANDIDATES: [] | SELECTED: "" | CONFIDENCE: FAILED | TIME: 0ms | REASON: Resolved via readymade-fallback
[2026-08-02T06:35:09.402Z] COMPANY: "The Wealth Company Mutual Fund" | QUERIES: ["The Wealth Company Mutual Fund" official website] | CANDIDATES: [] | SELECTED: "" | CONFIDENCE: FAILED | TIME: 0ms | REASON: Resolved via readymade-fallback
[2026-08-02T06:35:09.403Z] COMPANY: "Choice Mutual Fund" | QUERIES: ["Choice Mutual Fund" official website] | CANDIDATES: [] | SELECTED: "" | CONFIDENCE: FAILED | TIME: 0ms | REASON: Resolved via readymade-fallback
[2026-08-02T06:35:09.403Z] COMPANY: "Abakkus Mutual Fund" | QUERIES: ["Abakkus Mutual Fund" official website] | CANDIDATES: [] | SELECTED: "" | CONFIDENCE: FAILED | TIME: 0ms | REASON: Resolved via readymade-fallback
[2026-08-02T06:35:09.404Z] COMPANY: "ASK Mutual Fund" | QUERIES: ["ASK Mutual Fund" official website] | CANDIDATES: [] | SELECTED: "" | CONFIDENCE: FAILED | TIME: 0ms | REASON: Resolved via readymade-fallback
[2026-08-02T06:35:09.404Z] COMPANY: "AlphaGrep Mutual Fund" | QUERIES: ["AlphaGrep Mutual Fund" official website] | CANDIDATES: [] | SELECTED: "" | CONFIDENCE: FAILED | TIME: 0ms | REASON: Resolved via readymade-fallback
[2026-08-02T06:35:09.405Z] COMPANY: "WEALTH FIRST PORTFOLIO MANAGERS LIMITED" | QUERIES: ["WEALTH FIRST PORTFOLIO MANAGERS LIMITED" official website] | CANDIDATES: [] | SELECTED: "" | CONFIDENCE: FAILED | TIME: 0ms | REASON: Resolved via readymade-fallback
[2026-08-02T06:35:09.405Z] COMPANY: "Monarch Networth Capital Limited" | QUERIES: ["Monarch Networth Capital Limited" official website] | CANDIDATES: [] | SELECTED: "" | CONFIDENCE: FAILED | TIME: 0ms | REASON: Resolved via readymade-fallback
[2026-08-02T06:35:09.405Z] COMPANY: "Nuvama Mutual Fund" | QUERIES: ["Nuvama Mutual Fund" official website] | CANDIDATES: [] | SELECTED: "" | CONFIDENCE: FAILED | TIME: 0ms | REASON: Resolved via readymade-fallback
[2026-08-02T06:35:09.406Z] COMPANY: "Carnelian Asset Management and Advisors Private Limited" | QUERIES: ["Carnelian Asset Management and Advisors Private Limited" official website] | CANDIDATES: [] | SELECTED: "" | CONFIDENCE: FAILED | TIME: 0ms | REASON: Resolved via readymade-fallback
[2026-08-02T06:35:22.802Z] COMPANY: "360 ONE Mutual Fund" | QUERIES: ["360 ONE Mutual Fund" official website] | CANDIDATES: [https://mf.360.one] | SELECTED: "https://mf.360.one" | CONFIDENCE: HIGH | TIME: 1ms | REASON: Resolved via readymade-fallback
[2026-08-02T06:35:29.221Z] COMPANY: "ADITYA BIRLA SUN LIFE MF" | QUERIES: ["ADITYA BIRLA SUN LIFE MF" official website] | CANDIDATES: [https://mutualfund.adityabirlacapital.com] | SELECTED: "https://mutualfund.adityabirlacapital.com" | CONFIDENCE: HIGH | TIME: 0ms | REASON: Resolved via readymade-fallback
[2026-08-02T06:36:13.548Z] COMPANY: "360 ONE Mutual Fund" | QUERIES: ["360 ONE Mutual Fund" official website] | CANDIDATES: [https://mf.360.one] | SELECTED: "https://mf.360.one" | CONFIDENCE: HIGH | TIME: 2ms | REASON: Resolved via readymade-fallback
[2026-08-02T06:36:19.967Z] COMPANY: "ADITYA BIRLA SUN LIFE MF" | QUERIES: ["ADITYA BIRLA SUN LIFE MF" official website] | CANDIDATES: [https://mutualfund.adityabirlacapital.com] | SELECTED: "https://mutualfund.adityabirlacapital.com" | CONFIDENCE: HIGH | TIME: 0ms | REASON: Resolved via readymade-fallback
[2026-08-02T06:36:41.460Z] COMPANY: "ASK Mutual Fund" | QUERIES: ["ASK Mutual Fund" official website] | CANDIDATES: [https://www.askmf.com] | SELECTED: "https://www.askmf.com" | CONFIDENCE: HIGH | TIME: 0ms | REASON: Resolved via readymade-fallback
[2026-08-02T06:36:49.107Z] COMPANY: "AXIS MF" | QUERIES: ["AXIS MF" official website] | CANDIDATES: [https://www.axismf.com] | SELECTED: "https://www.axismf.com" | CONFIDENCE: HIGH | TIME: 0ms | REASON: Resolved via readymade-fallback
[2026-08-02T06:37:00.982Z] COMPANY: "Abakkus Mutual Fund" | QUERIES: ["Abakkus Mutual Fund" official website] | CANDIDATES: [https://www.abakkusamc.com] | SELECTED: "https://www.abakkusamc.com" | CONFIDENCE: HIGH | TIME: 0ms | REASON: Resolved via readymade-fallback
[2026-08-02T06:37:10.072Z] COMPANY: "AlphaGrep Mutual Fund" | QUERIES: ["AlphaGrep Mutual Fund" official website] | CANDIDATES: [] | SELECTED: "" | CONFIDENCE: FAILED | TIME: 1ms | REASON: Resolved via readymade-fallback
[2026-08-02T06:37:10.072Z] COMPANY: "Angel One Mutual Fund" | QUERIES: ["Angel One Mutual Fund" official website] | CANDIDATES: [https://www.angelonemf.com] | SELECTED: "https://www.angelonemf.com" | CONFIDENCE: HIGH | TIME: 0ms | REASON: Resolved via readymade-fallback
[2026-08-02T06:37:17.084Z] COMPANY: "BAJAJ FINSERV MUTUAL FUND" | QUERIES: ["BAJAJ FINSERV MUTUAL FUND" official website] | CANDIDATES: [https://www.bajajfinservamc.com] | SELECTED: "https://www.bajajfinservamc.com" | CONFIDENCE: HIGH | TIME: 0ms | REASON: Resolved via readymade-fallback
[2026-08-02T06:37:24.293Z] COMPANY: "Bandhan Mutual Fund" | QUERIES: ["Bandhan Mutual Fund" official website] | CANDIDATES: [https://bandhanmutual.com] | SELECTED: "https://bandhanmutual.com" | CONFIDENCE: HIGH | TIME: 0ms | REASON: Resolved via readymade-fallback
[2026-08-02T06:37:40.434Z] COMPANY: "Bank of India Mutual Fund" | QUERIES: ["Bank of India Mutual Fund" official website] | CANDIDATES: [https://www.boiaxamc.com] | SELECTED: "https://www.boiaxamc.com" | CONFIDENCE: HIGH | TIME: 0ms | REASON: Resolved via readymade-fallback
[2026-08-02T06:37:49.644Z] COMPANY: "Baroda BNP Paribas Mutual Fund" | QUERIES: ["Baroda BNP Paribas Mutual Fund" official website] | CANDIDATES: [https://www.barodabnpparibasmf.in] | SELECTED: "https://www.barodabnpparibasmf.in" | CONFIDENCE: HIGH | TIME: 0ms | REASON: Resolved via readymade-fallback
[2026-08-02T06:38:06.113Z] COMPANY: "CANARA ROBECO MF" | QUERIES: ["CANARA ROBECO MF" official website] | CANDIDATES: [https://www.canararobeco.com] | SELECTED: "https://www.canararobeco.com" | CONFIDENCE: HIGH | TIME: 0ms | REASON: Resolved via readymade-fallback
[2026-08-02T06:38:21.721Z] COMPANY: "CRB MF" | QUERIES: ["CRB MF" official website] | CANDIDATES: [] | SELECTED: "" | CONFIDENCE: FAILED | TIME: 0ms | REASON: Resolved via readymade-fallback
[2026-08-02T06:38:21.722Z] COMPANY: "Capitalmind Mutual Fund" | QUERIES: ["Capitalmind Mutual Fund" official website] | CANDIDATES: [https://capitalmindmf.com] | SELECTED: "https://capitalmindmf.com" | CONFIDENCE: HIGH | TIME: 0ms | REASON: Resolved via readymade-fallback
[2026-08-02T06:38:37.542Z] COMPANY: "Carnelian Asset Management and Advisors Private Limited" | QUERIES: ["Carnelian Asset Management and Advisors Private Limited" official website] | CANDIDATES: [https://www.carnelianamc.com] | SELECTED: "https://www.carnelianamc.com" | CONFIDENCE: HIGH | TIME: 0ms | REASON: Resolved via readymade-fallback
[2026-08-02T06:38:43.995Z] COMPANY: "Choice Mutual Fund" | QUERIES: ["Choice Mutual Fund" official website] | CANDIDATES: [https://mf.choiceindia.com] | SELECTED: "https://mf.choiceindia.com" | CONFIDENCE: HIGH | TIME: 0ms | REASON: Resolved via readymade-fallback
[2026-08-02T06:38:53.439Z] COMPANY: "DSP MF" | QUERIES: ["DSP MF" official website] | CANDIDATES: [https://www.dspim.com] | SELECTED: "https://www.dspim.com" | CONFIDENCE: HIGH | TIME: 0ms | REASON: Resolved via readymade-fallback
[2026-08-02T06:39:13.206Z] COMPANY: "EDELWEISS MF" | QUERIES: ["EDELWEISS MF" official website] | CANDIDATES: [https://www.edelweissmf.com] | SELECTED: "https://www.edelweissmf.com" | CONFIDENCE: HIGH | TIME: 0ms | REASON: Resolved via readymade-fallback
[2026-08-02T06:39:13.469Z] COMPANY: "FRANKLIN TEMPLETON MF" | QUERIES: ["FRANKLIN TEMPLETON MF" official website] | CANDIDATES: [https://www.franklintempletonindia.com] | SELECTED: "https://www.franklintempletonindia.com" | CONFIDENCE: HIGH | TIME: 0ms | REASON: Resolved via readymade-fallback
[2026-08-02T06:39:27.629Z] COMPANY: "Groww Mutual Fund" | QUERIES: ["Groww Mutual Fund" official website] | CANDIDATES: [https://groww.in/mutual-funds] | SELECTED: "https://groww.in/mutual-funds" | CONFIDENCE: HIGH | TIME: 0ms | REASON: Resolved via readymade-fallback
[2026-08-02T06:39:44.058Z] COMPANY: "HDFC MF" | QUERIES: ["HDFC MF" official website] | CANDIDATES: [https://www.hdfcfund.com] | SELECTED: "https://www.hdfcfund.com" | CONFIDENCE: HIGH | TIME: 0ms | REASON: Resolved via readymade-fallback
[2026-08-02T06:39:44.288Z] COMPANY: "HSBC MF" | QUERIES: ["HSBC MF" official website] | CANDIDATES: [https://www.assetmanagement.hsbc.co.in] | SELECTED: "https://www.assetmanagement.hsbc.co.in" | CONFIDENCE: HIGH | TIME: 0ms | REASON: Resolved via readymade-fallback
